 luafar3

 Timestamp is 6611e7ce (Sun Apr  7 01:24:46 2024)

 Preferred load address is 10000000

 Start         Length     Name                   Class
 0001:00000000 0004cf40H .text$mn                CODE
 0001:0004cf40 00000040H .text$x                 CODE
 0001:0004cf80 00000087H .text$yd                CODE
 0002:00000000 0000039cH .idata$5                DATA
 0002:0000039c 00000004H .00cfg                  DATA
 0002:000003a0 00000004H .CRT$XCA                DATA
 0002:000003a4 00000004H .CRT$XCZ                DATA
 0002:000003a8 00000004H .CRT$XIA                DATA
 0002:000003ac 0000000cH .CRT$XIC                DATA
 0002:000003b8 00000004H .CRT$XIZ                DATA
 0002:000003bc 00000004H .CRT$XPA                DATA
 0002:000003c0 0000000cH .CRT$XPX                DATA
 0002:000003cc 00000004H .CRT$XPXA               DATA
 0002:000003d0 00000004H .CRT$XPZ                DATA
 0002:000003d4 00000004H .CRT$XTA                DATA
 0002:000003d8 00000008H .CRT$XTZ                DATA
 0002:000003dc 00000000H .gfids$y                DATA
 0002:000003e0 00012f60H .rdata                  DATA
 0002:00013340 00000000H .rdata$CastGuardVftablesA DATA
 0002:00013340 00000000H .rdata$CastGuardVftablesC DATA
 0002:00013340 000000dcH .rdata$r                DATA
 0002:0001341c 00000018H .rdata$sxdata           DATA
 0002:00013434 00000030H .rdata$voltmd           DATA
 0002:00013464 00000310H .rdata$zzzdbg           DATA
 0002:00013774 00000004H .rtc$IAA                DATA
 0002:00013778 00000004H .rtc$IZZ                DATA
 0002:0001377c 00000004H .rtc$TAA                DATA
 0002:00013780 00000008H .rtc$TZZ                DATA
 0002:00013788 00000988H .xdata$x                DATA
 0002:00014110 0000049cH .edata                  DATA
 0002:000145ac 00000078H .idata$2                DATA
 0002:00014624 00000014H .idata$3                DATA
 0002:00014638 0000039cH .idata$4                DATA
 0002:000149d4 00000fdeH .idata$6                DATA
 0003:00000000 00019600H .data                   DATA
 0003:00019600 0000003cH .data$r                 DATA
 0003:0001963c 0000001cH .data$rs                DATA
 0003:00019658 00000b40H .bss                    DATA
 0004:00000000 00000060H .rsrc$01                DATA
 0004:00000060 00000320H .rsrc$02                DATA

  Address         Publics by Value              Rva+Base       Lib:Object

 0000:00000000       ___guard_eh_cont_count     00000000     <absolute>
 0000:00000000       ___arm64x_extra_rfe_table  00000000     <absolute>
 0000:00000000       ___guard_longjmp_table     00000000     <absolute>
 0000:00000000       ___hybrid_code_map_count   00000000     <absolute>
 0000:00000000       ___arm64x_native_entrypoint 00000000     <absolute>
 0000:00000000       ___x64_code_ranges_to_entry_points 00000000     <absolute>
 0000:00000000       ___guard_fids_count        00000000     <absolute>
 0000:00000000       ___guard_eh_cont_table     00000000     <absolute>
 0000:00000000       ___guard_iat_count         00000000     <absolute>
 0000:00000000       __except_list              00000000     <absolute>
 0000:00000000       ___hybrid_code_map         00000000     <absolute>
 0000:00000000       ___x64_code_ranges_to_entry_points_count 00000000     <absolute>
 0000:00000000       ___arm64x_redirection_metadata 00000000     <absolute>
 0000:00000000       ___arm64x_extra_rfe_table_size 00000000     <absolute>
 0000:00000000       ___guard_iat_table         00000000     <absolute>
 0000:00000000       ___guard_longjmp_count     00000000     <absolute>
 0000:00000000       ___hybrid_auxiliary_iat    00000000     <absolute>
 0000:00000000       ___dynamic_value_reloc_table 00000000     <absolute>
 0000:00000000       ___guard_check_icall_a64n_fptr 00000000     <absolute>
 0000:00000000       ___arm64x_redirection_metadata_count 00000000     <absolute>
 0000:00000000       ___AbsoluteZero            00000000     <absolute>
 0000:00000000       ___enclave_config          00000000     <absolute>
 0000:00000000       ___guard_fids_table        00000000     <absolute>
 0000:00000000       ___hybrid_auxiliary_iat_copy 00000000     <absolute>
 0000:00000006       ___safe_se_handler_count   00000006     <absolute>
 0000:00000100       ___guard_flags             00000100     <absolute>
 0000:00000000       ___ImageBase               10000000     <linker-defined>
 0001:00000000       ___local_stdio_printf_options 10001000 f i bit64.obj
 0001:00000010       _sprintf                   10001010 f i bit64.obj
 0001:00000050       _bit64_pushuserdata        10001050 f   bit64.obj
 0001:00000090       _bit64_push                10001090 f   bit64.obj
 0001:00000130       _bit64_getvalue            10001130 f   bit64.obj
 0001:000001b0       _check64                   100011b0 f   bit64.obj
 0001:00000db0       _luaopen_bit64             10001db0 f   bit64.obj
 0001:00000e10       _traceback                 10001e10 f   exported.obj
 0001:00000eb0       _GetExportFunction         10001eb0 f   exported.obj
 0001:00000f40       _pcall_msg                 10001f40 f   exported.obj
 0001:000010c0       _PushPluginObject          100020c0 f   exported.obj
 0001:00001120       _PushPluginPair            10002120 f   exported.obj
 0001:00001180       _ReplacePluginInfoCollector 10002180 f   exported.obj
 0001:000011b0       __AddStringToCollector     100021b0 f   exported.obj
 0001:000012a0       _AddStringToCollectorField 100022a0 f   exported.obj
 0001:000012d0       _AddBufToCollector         100022d0 f   exported.obj
 0001:00001320       _CreateStringsArray        10002320 f   exported.obj
 0001:00001430       _FarPanelItemFreeCallback@8 10002430 f   exported.obj
 0001:00001460       _FillPluginPanelItem       10002460 f   exported.obj
 0001:00001b00       _FillFindData              10002b00 f   exported.obj
 0001:00001ec0       _LF_GetFindData            10002ec0 f   exported.obj
 0001:00001fb0       _LF_FreeFindData           10002fb0 f   exported.obj
 0001:00002010       _UpdateFileSelection       10003010 f   exported.obj
 0001:00002290       _LF_GetFiles               10003290 f   exported.obj
 0001:00002480       _RunDefaultScript          10003480 f   exported.obj
 0001:00002740       _LF_RunDefaultScript       10003740 f   exported.obj
 0001:00002910       _LF_Analyse                10003910 f   exported.obj
 0001:000029b0       _LF_CloseAnalyse           100039b0 f   exported.obj
 0001:000029e0       _LF_GetOpenPanelInfo       100039e0 f   exported.obj
 0001:000032d0       _PushFarMacroValue         100042d0 f   exported.obj
 0001:00003480       _PackMacroValues           10004480 f   exported.obj
 0001:000037c0       _LF_Open                   100047c0 f   exported.obj
 0001:00003ce0       _LF_ClosePanel             10004ce0 f   exported.obj
 0001:00003d40       _LF_Compare                10004d40 f   exported.obj
 0001:00003dd0       _LF_Configure              10004dd0 f   exported.obj
 0001:00003e30       _LF_DeleteFiles            10004e30 f   exported.obj
 0001:00003f00       _LF_MakeDirectory          10004f00 f   exported.obj
 0001:00003fd0       _LF_ProcessPanelEvent      10004fd0 f   exported.obj
 0001:00004110       _LF_ProcessHostFile        10005110 f   exported.obj
 0001:00004210       _LF_ProcessPanelInput      10005210 f   exported.obj
 0001:00004280       _LF_PutFiles               10005280 f   exported.obj
 0001:00004430       _LF_SetDirectory           10005430 f   exported.obj
 0001:00004570       _LF_SetFindList            10005570 f   exported.obj
 0001:00004620       _LF_ExitFAR                10005620 f   exported.obj
 0001:000046a0       _getPluginMenuItems        100056a0 f   exported.obj
 0001:00004740       _LF_GetPluginInfo          10005740 f   exported.obj
 0001:000048a0       _LF_ProcessEditorInput     100058a0 f   exported.obj
 0001:00004900       _LF_ProcessEditorEvent     10005900 f   exported.obj
 0001:00004bd0       _LF_ProcessViewerEvent     10005bd0 f   exported.obj
 0001:00004c80       _LF_ProcessDialogEvent     10005c80 f   exported.obj
 0001:00005000       _LF_ProcessSynchroEvent    10006000 f   exported.obj
 0001:00005180       _LF_GetContentFields       10006180 f   exported.obj
 0001:000052c0       _LF_GetContentData         100062c0 f   exported.obj
 0001:000055b0       _LF_FreeContentData        100065b0 f   exported.obj
 0001:000055e0       _LF_GetGlobalInfo          100065e0 f   exported.obj
 0001:00005980       _LF_ProcessConsoleInput    10006980 f   exported.obj
 0001:00006540       _LF_LoadFile               10007540 f   lflua.obj
 0001:00006880       _luaB_loadfileW            10007880 f   lflua.obj
 0001:00006970       _luaB_dofileW              10007970 f   lflua.obj
 0001:00006a60       _LF_Gsub                   10007a60 f   lflua.obj
 0001:00006bc0       _method_gc                 10007bc0 f   lregex.obj
 0001:00006c20       _method_tostring           10007c20 f   lregex.obj
 0001:00006c70       _check_regex_pattern       10007c70 f   lregex.obj
 0001:00006d10       _push_far_regex            10007d10 f   lregex.obj
 0001:00006d90       __regex_gmatch_closure     10007d90 f   lregex.obj
 0001:00006ea0       _regex_gmatch_closure      10007ea0 f   lregex.obj
 0001:00006eb0       _regex_gmatch_closureW     10007eb0 f   lregex.obj
 0001:00006ed0       __Gmatch                   10007ed0 f   lregex.obj
 0001:00007130       _func_gmatch               10008130 f   lregex.obj
 0001:00007150       _func_gmatchW              10008150 f   lregex.obj
 0001:00007220       _method_gmatch             10008220 f   lregex.obj
 0001:00007240       _method_gmatchW            10008240 f   lregex.obj
 0001:00007330       _rx_find_match             10008330 f   lregex.obj
 0001:00007770       _method_bracketscount      10008770 f   lregex.obj
 0001:000077d0       _rx_gsub                   100087d0 f   lregex.obj
 0001:000082c0       _func_New                  100092c0 f   lregex.obj
 0001:00008300       _method_find               10009300 f   lregex.obj
 0001:00008320       _func_find                 10009320 f   lregex.obj
 0001:00008340       _method_findW              10009340 f   lregex.obj
 0001:00008360       _func_findW                10009360 f   lregex.obj
 0001:00008380       _method_match              10009380 f   lregex.obj
 0001:000083a0       _func_match                100093a0 f   lregex.obj
 0001:000083c0       _method_matchW             100093c0 f   lregex.obj
 0001:000083e0       _func_matchW               100093e0 f   lregex.obj
 0001:00008400       _method_exec               10009400 f   lregex.obj
 0001:00008420       _func_exec                 10009420 f   lregex.obj
 0001:00008440       _method_execW              10009440 f   lregex.obj
 0001:00008460       _func_execW                10009460 f   lregex.obj
 0001:00008480       _method_gsub               10009480 f   lregex.obj
 0001:000084a0       _func_gsub                 100094a0 f   lregex.obj
 0001:000084c0       _method_gsubW              100094c0 f   lregex.obj
 0001:000084e0       _func_gsubW                100094e0 f   lregex.obj
 0001:00008500       _luaopen_regex             10009500 f   lregex.obj
 0001:000087d0       _Open_Luamacro             100097d0 f   luamacro.obj
 0001:00008d30       _far_MacroCallFar          10009d30 f   luamacro.obj
 0001:00008f50       _far_FarMacroCallToLua     10009f50 f   luamacro.obj
 0001:00009010       _uc_len                    1000a010 f   lusercontrol.obj
 0001:000093b0       _luaopen_usercontrol       1000a3b0 f   lusercontrol.obj
 0001:000093f0       _CreateRegKey              1000a3f0 f   reg.obj
 0001:00009430       _fprintf                   1000a430 f i service.obj
 0001:00009460       _DllMain@12                1000a460 f   service.obj
 0001:000094d0       _OptHandle                 1000a4d0 f   service.obj
 0001:000097b0       _GetFlagCombination        1000a7b0 f   service.obj
 0001:000099b0       _OptFlags                  1000a9b0 f   service.obj
 0001:00009ac0       _PutFlagsToTable           1000aac0 f   service.obj
 0001:00009b80       _ConvertLuaValue           1000ab80 f   service.obj
 0001:0000a060       _StoreTempString           1000b060 f   service.obj
 0001:0000a2c0       _PushPanelItem             1000b2c0 f   service.obj
 0001:0000a8c0       _PushPanelItems            1000b8c0 f   service.obj
 0001:0000d190       _GetFarColor               1000e190 f   service.obj
 0001:0000d350       _PushFarColor              1000e350 f   service.obj
 0001:0000db40       _PushInputRecord           1000eb40 f   service.obj
 0001:0000df70       _FillInputRecord           1000ef70 f   service.obj
 0001:0000f2c0       _LF_Message                100102c0 f   service.obj
 0001:0000f800       _LF_Error                  10010800 f   service.obj
 0001:00011bd0       _CreateList                10012bd0 f   service.obj
 0001:00012ad0       _NewDialogData             10013ad0 f   service.obj
 0001:00012b60       _DialogHandleEqual         10013b60 f   service.obj
 0001:000147c0       _PushDNParams              100157c0 f   service.obj
 0001:00014a50       _ProcessDNResult           10015a50 f   service.obj
 0001:00014d40       _LF_DlgProc                10015d40 f   service.obj
 0001:00019c30       _MacroAddCallback@12       1001ac30 f   service.obj
 0001:0001a400       _pushFileTime              1001b400 f   service.obj
 0001:0001a850       _NewVirtualKeyTable        1001b850 f   service.obj
 0001:0001bde0       _TimerCallback@8           1001cde0 f   service.obj
 0001:0001dcc0       _LF_RunLuafarInit          1001ecc0 f   service.obj
 0001:0001dda0       @_guard_check_icall_nop@4  1001eda0 f   LIBCMT:guard_support.obj
 0001:0001dda0       _LF_ProcessEnvVars         1001eda0 f   service.obj
 0001:0001ddb0       _LF_InitLuaState1          1001edb0 f   service.obj
 0001:0001e010       _LF_InitLuaState2          1001f010 f   service.obj
 0001:0001e0b0       _LF_MacroCallback          1001f0b0 f   service.obj
 0001:0001e0c0       _LF_DoFile                 1001f0c0 f   service.obj
 0001:0001e1e0       _LF_GetLuafarAPI           1001f1e0 f   service.obj
 0001:0001e220       _luaopen_luafar3           1001f220 f   service.obj
 0001:0001e3b0       __snwprintf                1001f3b0 f i slnunico.obj
 0001:0001ebd0       _luaopen_unicode           1001fbd0 f   slnunico.obj
 0001:000239e0       _luaopen_utf8              100249e0 f   lutf8lib.obj
 0001:00023c40       ___local_stdio_scanf_options 10024c40 f i uliolib51.obj
 0001:00023c50       _fscanf                    10024c50 f i uliolib51.obj
 0001:00025550       _luaopen_uio               10026550 f   uliolib51.obj
 0001:00026740       _luaopen_upackage          10027740 f   uloadlib51.obj
 0001:00026900       _pusherror                 10027900 f   ustring.obj
 0001:00026990       _SysErrorReturn            10027990 f   ustring.obj
 0001:00026a10       _PutIntToArray             10027a10 f   ustring.obj
 0001:00026a50       _PutIntToTable             10027a50 f   ustring.obj
 0001:00026a90       _PutNumToTable             10027a90 f   ustring.obj
 0001:00026ac0       _PutBoolToTable            10027ac0 f   ustring.obj
 0001:00026af0       _PutStrToTable             10027af0 f   ustring.obj
 0001:00026b20       _PutStrToArray             10027b20 f   ustring.obj
 0001:00026b50       _PutWStrToTable            10027b50 f   ustring.obj
 0001:00026b80       _PutWStrToArray            10027b80 f   ustring.obj
 0001:00026bb0       _PutLStrToTable            10027bb0 f   ustring.obj
 0001:00026be0       _GetOptNumFromTable        10027be0 f   ustring.obj
 0001:00026c40       _GetOptIntFromTable        10027c40 f   ustring.obj
 0001:00026c90       _GetOptIntFromArray        10027c90 f   ustring.obj
 0001:00026ce0       _GetBoolFromTable          10027ce0 f   ustring.obj
 0001:00026d20       _GetOptBoolFromTable       10027d20 f   ustring.obj
 0001:00026d80       _check_utf8_string         10027d80 f   ustring.obj
 0001:00026e50       _utf8_to_utf16             10027e50 f   ustring.obj
 0001:00026f20       _opt_utf8_string           10027f20 f   ustring.obj
 0001:00026f50       _push_utf8_string          10027f50 f   ustring.obj
 0001:00027000       _ustring_WideCharToMultiByte 10028000 f   ustring.obj
 0001:00027130       _ustring_MultiByteToWideChar 10028130 f   ustring.obj
 0001:000272f0       _ustring_OemToUtf8         100282f0 f   ustring.obj
 0001:000273b0       _ustring_Utf8ToOem         100283b0 f   ustring.obj
 0001:000274f0       _ustring_Utf16ToUtf8       100284f0 f   ustring.obj
 0001:00027520       _ustring_Utf8ToUtf16       10028520 f   ustring.obj
 0001:000275d0       _ustring_GetACP            100285d0 f   ustring.obj
 0001:000275f0       _ustring_GetOEMCP          100285f0 f   ustring.obj
 0001:00027610       _ustring_GetConsoleCP      10028610 f   ustring.obj
 0001:00027630       _ustring_SetConsoleCP      10028630 f   ustring.obj
 0001:00027670       _ustring_GetConsoleOutputCP 10028670 f   ustring.obj
 0001:00027690       _ustring_SetConsoleOutputCP 10028690 f   ustring.obj
 0001:000276d0       _EnumCodePagesProc@4       100286d0 f   ustring.obj
 0001:000277a0       _ustring_EnumSystemCodePages 100287a0 f   ustring.obj
 0001:00027800       _ustring_GetCPInfo         10028800 f   ustring.obj
 0001:00027a50       _ustring_GetLogicalDriveStrings 10028a50 f   ustring.obj
 0001:00027c10       _ustring_GetDriveType      10028c10 f   ustring.obj
 0001:00027d40       _ustring_Uuid              10028d40 f   ustring.obj
 0001:00027ef0       _ustring_SearchPath        10028ef0 f   ustring.obj
 0001:000282f0       _ustring_GlobalMemoryStatus 100292f0 f   ustring.obj
 0001:000285f0       _ustring_Sleep             100295f0 f   ustring.obj
 0001:00028630       _PushAttrString            10029630 f   ustring.obj
 0001:00028700       _DecodeAttributes          10029700 f   ustring.obj
 0001:00028830       _SetAttrWords              10029830 f   ustring.obj
 0001:00028a10       _ustring_SetFileAttr       10029a10 f   ustring.obj
 0001:00028af0       _ustring_GetFileAttr       10029af0 f   ustring.obj
 0001:00028bc0       _ustring_SHGetFolderPath   10029bc0 f   ustring.obj
 0001:00028ce0       _push_utf16_string         10029ce0 f   ustring.obj
 0001:00028d20       _ustring_subW              10029d20 f   ustring.obj
 0001:00028db0       _ustring_lenW              10029db0 f   ustring.obj
 0001:00028de0       _check_utf16_string        10029de0 f   ustring.obj
 0001:00028e10       _opt_utf16_string          10029e10 f   ustring.obj
 0001:000290b0       _ustring_GetCurrentDir     1002a0b0 f   ustring.obj
 0001:00029280       _ustring_SetCurrentDir     1002a280 f   ustring.obj
 0001:00029350       _ustring_GetKeyState       1002a350 f   ustring.obj
 0001:000293a0       _luaopen_ustring           1002a3a0 f   ustring.obj
 0001:00029400       _GetIntFromArray           1002a400 f   util.obj
 0001:00029480       _GetFileSizeFromTable      1002a480 f   util.obj
 0001:00029510       _GetFileTimeFromTable      1002a510 f   util.obj
 0001:00029600       _PutFileTimeToTable        1002a600 f   util.obj
 0001:0002c9e0       _win_WriteConsole          1002d9e0 f   win.obj
 0001:0002cb90       _win_IsWinVersion          1002db90 f   win.obj
 0001:0002d9d0       _luaopen_win               1002e9d0 f   win.obj
 0001:0002da50       _Wrapper_EncodePointer@4   1002ea50 f   vc_crt_fix_impl.obj
 0001:0002db10       _Wrapper_DecodePointer@4   1002eb10 f   vc_crt_fix_impl.obj
 0001:0002db60       _Wrapper_GetModuleHandleExW@12 1002eb60 f   vc_crt_fix_impl.obj
 0001:0002dea0       _Wrapper_InitializeSListHead@4 1002eea0 f   vc_crt_fix_impl.obj
 0001:0002def0       _Wrapper_InterlockedFlushSList@4 1002eef0 f   vc_crt_fix_impl.obj
 0001:0002df40       _Wrapper_InterlockedPopEntrySList@4 1002ef40 f   vc_crt_fix_impl.obj
 0001:0002df90       _Wrapper_InterlockedPushEntrySList@8 1002ef90 f   vc_crt_fix_impl.obj
 0001:0002dfe0       _Wrapper_InterlockedPushListSListEx@16 1002efe0 f   vc_crt_fix_impl.obj
 0001:0002e030       _Wrapper_RtlFirstEntrySList@4 1002f030 f   vc_crt_fix_impl.obj
 0001:0002e080       _Wrapper_QueryDepthSList@4 1002f080 f   vc_crt_fix_impl.obj
 0001:0002e0d0       _Wrapper_GetNumaHighestNodeNumber@4 1002f0d0 f   vc_crt_fix_impl.obj
 0001:0002e140       _Wrapper_GetLogicalProcessorInformation@8 1002f140 f   vc_crt_fix_impl.obj
 0001:0002e1a0       _Wrapper_SetThreadStackGuarantee@4 1002f1a0 f   vc_crt_fix_impl.obj
 0001:0002e200       _Wrapper_InitializeCriticalSectionEx@12 1002f200 f   vc_crt_fix_impl.obj
 0001:0002e280       _Wrapper_CompareStringEx@36 1002f280 f   vc_crt_fix_impl.obj
 0001:0002e300       _Wrapper_LCMapStringEx@36  1002f300 f   vc_crt_fix_impl.obj
 0001:0002e380       _Wrapper_SleepConditionVariableSRW@16 1002f380 f   vc_crt_fix_impl.obj
 0001:0002e3e0       _Wrapper_WakeAllConditionVariable@4 1002f3e0 f   vc_crt_fix_impl.obj
 0001:0002e440       _Wrapper_AcquireSRWLockExclusive@4 1002f440 f   vc_crt_fix_impl.obj
 0001:0002e490       _Wrapper_ReleaseSRWLockExclusive@4 1002f490 f   vc_crt_fix_impl.obj
 0001:0002e4e0       _luaopen_table             1002f4e0 f   lua51:lua51.dll
 0001:0002e4e6       _luaopen_base              1002f4e6 f   lua51:lua51.dll
 0001:0002e4ec       _luaopen_os                1002f4ec f   lua51:lua51.dll
 0001:0002e4f2       _luaopen_string            1002f4f2 f   lua51:lua51.dll
 0001:0002e4f8       _luaopen_math              1002f4f8 f   lua51:lua51.dll
 0001:0002e4fe       _luaopen_debug             1002f4fe f   lua51:lua51.dll
 0001:0002e504       @__security_check_cookie@4 1002f504 f   LIBCMT:secchk.obj
 0001:0002e512       ___raise_securityfailure   1002f512 f   LIBCMT:gs_report.obj
 0001:0002e53a       ___report_gsfailure        1002f53a f   LIBCMT:gs_report.obj
 0001:0002e678       ___scrt_acquire_startup_lock 1002f678 f   LIBCMT:utility.obj
 0001:0002e6aa       ___scrt_dllmain_after_initialize_c 1002f6aa f   LIBCMT:utility.obj
 0001:0002e6d5       ___scrt_dllmain_before_initialize_c 1002f6d5 f   LIBCMT:utility.obj
 0001:0002e6e3       ___scrt_dllmain_crt_thread_attach 1002f6e3 f   LIBCMT:utility.obj
 0001:0002e702       ___scrt_dllmain_crt_thread_detach 1002f702 f   LIBCMT:utility.obj
 0001:0002e70f       ___scrt_dllmain_exception_filter 1002f70f f   LIBCMT:utility.obj
 0001:0002e743       ___scrt_dllmain_uninitialize_c 1002f743 f   LIBCMT:utility.obj
 0001:0002e766       ___scrt_dllmain_uninitialize_critical 1002f766 f   LIBCMT:utility.obj
 0001:0002e773       ___scrt_initialize_crt     1002f773 f   LIBCMT:utility.obj
 0001:0002e7ac       ___scrt_initialize_onexit_tables 1002f7ac f   LIBCMT:utility.obj
 0001:0002e833       ___scrt_is_nonwritable_in_current_image 1002f833 f   LIBCMT:utility.obj
 0001:0002e8c7       ___scrt_release_startup_lock 1002f8c7 f   LIBCMT:utility.obj
 0001:0002e8e4       ___scrt_uninitialize_crt   1002f8e4 f   LIBCMT:utility.obj
 0001:0002e90c       __onexit                   1002f90c f   LIBCMT:utility.obj
 0001:0002e939       _atexit                    1002f939 f   LIBCMT:utility.obj
 0001:0002ec8e       __DllMainCRTStartup@12     1002fc8e f   LIBCMT:dll_dllmain.obj
 0001:0002ecb1       ___isa_available_init      1002fcb1 f   LIBCMT:cpu_disp.obj
 0001:0002ee82       __get_startup_argv_mode    1002fe82 f   LIBCMT:argv_mode.obj
 0001:0002ee86       ___scrt_is_ucrt_dll_in_use 1002fe86 f   LIBCMT:ucrt_detection.obj
 0001:0002ee92       ___scrt_fastfail           1002fe92 f   LIBCMT:utility_desktop.obj
 0001:0002efad       __crt_debugger_hook        1002ffad f   LIBCMT:utility_desktop.obj
 0001:0002efc0       __SEH_prolog4              1002ffc0 f   LIBCMT:sehprolg4.obj
 0001:0002f052       ___security_init_cookie    10030052 f   LIBCMT:gs_support.obj
 0001:0002f09d       ?__scrt_initialize_type_info@@YAXXZ 1003009d f   LIBCMT:tncleanup.obj
 0001:0002f0a9       ?__scrt_uninitialize_type_info@@YAXXZ 100300a9 f   LIBCMT:tncleanup.obj
 0001:0002f0b5       ___scrt_initialize_default_local_stdio_options 100300b5 f   LIBCMT:default_local_stdio_options.obj
 0001:0002f0d2       ___scrt_get_dyn_tls_init_callback 100300d2 f   LIBCMT:dyn_tls_init.obj
 0001:0002f0d8       __RTC_Initialize           100300d8 f   LIBCMT:initsect.obj
 0001:0002f104       __RTC_Terminate            10030104 f   LIBCMT:initsect.obj
 0001:0002f130       _wcsrchr                   10030130 f   libvcruntime:wcsrchr.obj
 0001:0002f1d4       _wcsstr                    100301d4 f   libvcruntime:wcsstr.obj
 0001:0002f43f       _wcschr                    1003043f f   libvcruntime:wcschr.obj
 0001:0002f510       _strchr                    10030510 f   libvcruntime:strchr.obj
 0001:0002f57e       ___from_strstr_to_strchr   1003057e     libvcruntime:strchr.obj
 0001:0002f640       _strrchr                   10030640 f   libvcruntime:strrchr.obj
 0001:0002f777       ?GetRangeOfTrysToCheck@__FrameHandler3@@SA?AU?$pair@Viterator@TryBlockMap@__FrameHandler3@@V123@@std@@AAVTryBlockMap@1@HPAXPBU_s_FuncInfo@@H@Z 10030777 f   libvcruntime:trnsctrl.obj
 0001:0002f7e7       ?_CallCatchBlock2@@YAPAXPAUEHRegistrationNode@@PBU_s_FuncInfo@@PAXHK@Z 100307e7 f   libvcruntime:trnsctrl.obj
 0001:0002f844       ?_CallSETranslator@@YAHPAUEHExceptionRecord@@PAUEHRegistrationNode@@PAX2PBU_s_FuncInfo@@H1@Z 10030844 f   libvcruntime:trnsctrl.obj
 0001:0002f93a       ?_JumpToContinuation@@YGXPAXPAUEHRegistrationNode@@@Z 1003093a f   libvcruntime:trnsctrl.obj
 0001:0002f96a       ?_UnwindNestedFrames@@YGXPAUEHRegistrationNode@@PAUEHExceptionRecord@@@Z 1003096a f   libvcruntime:trnsctrl.obj
 0001:0002f9bd       __CatchGuardHandler        100309bd f   libvcruntime:trnsctrl.obj
 0001:0002f9ee       __CreateFrameInfo          100309ee f   libvcruntime:trnsctrl.obj
 0001:0002fa12       __FindAndUnlinkFrame       10030a12 f   libvcruntime:trnsctrl.obj
 0001:0002fa5a       __TranslatorGuardHandler   10030a5a f   libvcruntime:trnsctrl.obj
 0001:0002faf7       ___CxxFrameHandler3        10030af7 f   libvcruntime:trnsctrl.obj
 0001:0002fb2d       ___DestructExceptionObject 10030b2d f   libvcruntime:ehhelpers.obj
 0001:0002fbce       ?_CallMemberFunction0@@YGXQAX0@Z 10030bce f i libvcruntime:ehhelpers.obj
 0001:0002fc33       __IsExceptionObjectToBeDestroyed 10030c33 f   libvcruntime:ehhelpers.obj
 0001:0002fc59       ___AdjustPointer           10030c59 f   libvcruntime:ehhelpers.obj
 0001:0002fc7e       ___FrameUnwindFilter       10030c7e f   libvcruntime:ehhelpers.obj
 0001:0002fcd4       ___std_terminate           10030cd4 f   libvcruntime:ehhelpers.obj
 0001:0002fcd9       ___vcrt_initialize         10030cd9 f   libvcruntime:initialization.obj
 0001:0002fcf8       ___vcrt_thread_attach      10030cf8 f   libvcruntime:initialization.obj
 0001:0002fd03       ___vcrt_thread_detach      10030d03 f   libvcruntime:initialization.obj
 0001:0002fd0e       ___vcrt_uninitialize       10030d0e f   libvcruntime:initialization.obj
 0001:0002fd25       ___vcrt_uninitialize_critical 10030d25 f   libvcruntime:initialization.obj
 0001:0002fd70       __except_handler4          10030d70 f   libvcruntime:chandler4.obj
 0001:0002fed0       _memset                    10030ed0 f   libvcruntime:memset.obj
 0001:0003002a       ___std_type_info_compare   1003102a f   libvcruntime:std_type_info.obj
 0001:00030066       ___std_type_info_destroy_list 10031066 f   libvcruntime:std_type_info.obj
 0001:00030089       ___vcrt_freefls@4          10031089 f   libvcruntime:per_thread_data.obj
 0001:000300a5       ___vcrt_freeptd            100310a5 f   libvcruntime:per_thread_data.obj
 0001:000300db       ___vcrt_getptd             100310db f   libvcruntime:per_thread_data.obj
 0001:000300e9       ___vcrt_getptd_noexit      100310e9 f   libvcruntime:per_thread_data.obj
 0001:0003017b       ___vcrt_initialize_ptd     1003117b f   libvcruntime:per_thread_data.obj
 0001:000301ae       ___vcrt_uninitialize_ptd   100311ae f   libvcruntime:per_thread_data.obj
 0001:00030900       ??$TypeMatchHelper@V__FrameHandler3@@@@YAHPBU_s_HandlerType@@PBU_s_CatchableType@@PBU_s_ThrowInfo@@@Z 10031900 f i libvcruntime:frame.obj
 0001:0003098e       ??$__InternalCxxFrameHandler@V__FrameHandler3@@@@YA?AW4_EXCEPTION_DISPOSITION@@PAUEHExceptionRecord@@PAUEHRegistrationNode@@PAU_CONTEXT@@PAXPBU_s_FuncInfo@@H1E@Z 1003198e f i libvcruntime:frame.obj
 0001:00030a90       ??0bad_exception@std@@QAE@ABV01@@Z 10031a90 f i libvcruntime:frame.obj
 0001:00030aab       ??0bad_exception@std@@QAE@XZ 10031aab f i libvcruntime:frame.obj
 0001:00030ac3       ??0exception@std@@QAE@ABV01@@Z 10031ac3 f i libvcruntime:frame.obj
 0001:00030aef       ??1bad_exception@std@@UAE@XZ 10031aef f i libvcruntime:frame.obj
 0001:00030b00       ??8type_info@@QBE_NABV0@@Z 10031b00 f i libvcruntime:frame.obj
 0001:00030b1f       ??_Gbad_exception@std@@UAEPAXI@Z 10031b1f f i libvcruntime:frame.obj
 0001:00030b1f       ??_Gexception@std@@UAEPAXI@Z 10031b1f f i libvcruntime:frame.obj
 0001:00030b1f       ??_Eexception@std@@UAEPAXI@Z 10031b1f f i libvcruntime:frame.obj
 0001:00030b1f       ??_Ebad_exception@std@@UAEPAXI@Z 10031b1f f i libvcruntime:frame.obj
 0001:00030d99       ?FrameUnwindToEmptyState@__FrameHandler3@@SAXPAUEHRegistrationNode@@PAXPBU_s_FuncInfo@@@Z 10031d99 f   libvcruntime:frame.obj
 0001:00030db1       ?FrameUnwindToState@__FrameHandler3@@SAXPAUEHRegistrationNode@@PAXPBU_s_FuncInfo@@H@Z 10031db1 f   libvcruntime:frame.obj
 0001:00030f33       ?_CallMemberFunction1@@YGXQAX00@Z 10031f33 f i libvcruntime:frame.obj
 0001:00030f43       ?_CallMemberFunction2@@YGXQAX00H@Z 10031f43 f i libvcruntime:frame.obj
 0001:00030f56       ?getESTypes@__FrameHandler3@@SAPBU_s_ESTypeList@@PBU_s_FuncInfo@@@Z 10031f56 f i libvcruntime:frame.obj
 0001:00030f61       ?what@exception@std@@UBEPBDXZ 10031f61 f i libvcruntime:frame.obj
 0001:00030f70       __CallSettingFrame@12      10031f70 f   libvcruntime:lowhelpr.obj
 0001:00030f97       __NLG_Return               10031f97     libvcruntime:lowhelpr.obj
 0001:00030fbc       ___except_validate_context_record 10031fbc f   libvcruntime:jbcxrval.obj
 0001:00030fec       ___vcrt_initialize_locks   10031fec f   libvcruntime:locks.obj
 0001:00031028       ___vcrt_uninitialize_locks 10032028 f   libvcruntime:locks.obj
 0001:00031060       __local_unwind4            10032060 f   libvcruntime:exsup4.obj
 0001:00031150       @_EH4_CallFilterFunc@8     10032150 f   libvcruntime:exsup4.obj
 0001:00031170       @_EH4_TransferToHandler@8  10032170 f   libvcruntime:exsup4.obj
 0001:00031190       @_EH4_GlobalUnwind2@8      10032190 f   libvcruntime:exsup4.obj
 0001:000311b0       @_EH4_LocalUnwind@16       100321b0 f   libvcruntime:exsup4.obj
 0001:000312aa       ___vcrt_FlsAlloc           100322aa f   libvcruntime:winapi_downlevel.obj
 0001:000312e5       ___vcrt_FlsFree            100322e5 f   libvcruntime:winapi_downlevel.obj
 0001:00031320       ___vcrt_FlsGetValue        10032320 f   libvcruntime:winapi_downlevel.obj
 0001:0003135b       ___vcrt_FlsSetValue        1003235b f   libvcruntime:winapi_downlevel.obj
 0001:00031399       ___vcrt_InitializeCriticalSectionEx 10032399 f   libvcruntime:winapi_downlevel.obj
 0001:000313e0       _unexpected                100323e0 f   libvcruntime:unexpected.obj
 0001:000313fd       ?GetCurrentState@__FrameHandler3@@SAHPAUEHRegistrationNode@@PAXPBU_s_FuncInfo@@@Z 100323fd f   libvcruntime:ehstate.obj
 0001:0003141a       ?SetState@__FrameHandler3@@SAXPAUEHRegistrationNode@@PBU_s_FuncInfo@@H@Z 1003241a f   libvcruntime:ehstate.obj
 0001:00031428       ___std_exception_copy      10032428 f   libvcruntime:std_exception.obj
 0001:0003148b       ___std_exception_destroy   1003248b f   libvcruntime:std_exception.obj
 0001:000314aa       __CxxThrowException@8      100324aa f   libvcruntime:throw.obj
 0001:00031520       _memmove                   10032520 f   libvcruntime:memmove.obj
 0001:00031520       _memcpy                    10032520 f   libvcruntime:memcpy.obj
 0001:00031aa0       __NLG_Notify1              10032aa0 f   libvcruntime:exsup.obj
 0001:00031ab0       __NLG_Notify               10032ab0 f   libvcruntime:exsup.obj
 0001:00031ac7       __NLG_Dispatch2            10032ac7     libvcruntime:exsup.obj
 0001:00031ac7       __NLG_Dispatch             10032ac7     libvcruntime:exsup.obj
 0001:00031ad0       __NLG_Call                 10032ad0 f   libvcruntime:exsup.obj
 0001:00031ad2       __NLG_Return2              10032ad2     libvcruntime:exsup.obj
 0001:00031e40       ??$count@D@formatting_buffer@__crt_stdio_output@@QBEIXZ 10032e40 f i libucrt:output.obj
 0001:00031e58       ??$count@_W@formatting_buffer@__crt_stdio_output@@QBEIXZ 10032e58 f i libucrt:output.obj
 0001:00031e71       ??$ensure_buffer_is_big_enough@D@formatting_buffer@__crt_stdio_output@@QAE_NI@Z 10032e71 f i libucrt:output.obj
 0001:00031eee       ??$ensure_buffer_is_big_enough@_W@formatting_buffer@__crt_stdio_output@@QAE_NI@Z 10032eee f i libucrt:output.obj
 0001:00031f6c       ??$is_wide_character_specifier@D@__crt_stdio_output@@YA_N_KDW4length_modifier@0@@Z 10032f6c f i libucrt:output.obj
 0001:00031f9d       ??$is_wide_character_specifier@_W@__crt_stdio_output@@YA_N_K_WW4length_modifier@0@@Z 10032f9d f i libucrt:output.obj
 0001:00031feb       ??$scratch_data@D@formatting_buffer@__crt_stdio_output@@QAEPADXZ 10032feb f i libucrt:output.obj
 0001:00032009       ??$type_case_integer_parse_into_buffer@I@?$output_processor@DV?$string_output_adapter@D@__crt_stdio_output@@V?$standard_base@DV?$string_output_adapter@D@__crt_stdio_output@@@2@@__crt_stdio_output@@AAEXII_N@Z 10033009 f i libucrt:output.obj
 0001:00032009       ??$type_case_integer_parse_into_buffer@I@?$output_processor@DV?$stream_output_adapter@D@__crt_stdio_output@@V?$standard_base@DV?$stream_output_adapter@D@__crt_stdio_output@@@2@@__crt_stdio_output@@AAEXII_N@Z 10033009 f i libucrt:output.obj
 0001:0003207c       ??$type_case_integer_parse_into_buffer@I@?$output_processor@_WV?$string_output_adapter@_W@__crt_stdio_output@@V?$standard_base@_WV?$string_output_adapter@_W@__crt_stdio_output@@@2@@__crt_stdio_output@@AAEXII_N@Z 1003307c f i libucrt:output.obj
 0001:00032103       ??$type_case_integer_parse_into_buffer@_K@?$output_processor@DV?$string_output_adapter@D@__crt_stdio_output@@V?$standard_base@DV?$string_output_adapter@D@__crt_stdio_output@@@2@@__crt_stdio_output@@AAEX_KI_N@Z 10033103 f i libucrt:output.obj
 0001:00032103       ??$type_case_integer_parse_into_buffer@_K@?$output_processor@DV?$stream_output_adapter@D@__crt_stdio_output@@V?$standard_base@DV?$stream_output_adapter@D@__crt_stdio_output@@@2@@__crt_stdio_output@@AAEX_KI_N@Z 10033103 f i libucrt:output.obj
 0001:00032191       ??$type_case_integer_parse_into_buffer@_K@?$output_processor@_WV?$string_output_adapter@_W@__crt_stdio_output@@V?$standard_base@_WV?$string_output_adapter@_W@__crt_stdio_output@@@2@@__crt_stdio_output@@AAEX_KI_N@Z 10033191 f i libucrt:output.obj
 0001:00032233       ??$write_multiple_characters@V?$stream_output_adapter@D@__crt_stdio_output@@D@__crt_stdio_output@@YAXABV?$stream_output_adapter@D@0@DHQAH@Z 10033233 f i libucrt:output.obj
 0001:0003226e       ??$write_multiple_characters@V?$string_output_adapter@D@__crt_stdio_output@@D@__crt_stdio_output@@YAXABV?$string_output_adapter@D@0@DHQAH@Z 1003326e f i libucrt:output.obj
 0001:0003229a       ??$write_multiple_characters@V?$string_output_adapter@_W@__crt_stdio_output@@D@__crt_stdio_output@@YAXABV?$string_output_adapter@_W@0@DHQAH@Z 1003329a f i libucrt:output.obj
 0001:000322cb       ??0?$common_data@D@__crt_stdio_output@@IAE@XZ 100332cb f i libucrt:output.obj
 0001:00032310       ??0?$common_data@_W@__crt_stdio_output@@IAE@XZ 10033310 f i libucrt:output.obj
 0001:0003235a       ??0?$output_adapter_data@DV?$string_output_adapter@D@__crt_stdio_output@@@__crt_stdio_output@@IAE@ABV?$string_output_adapter@D@1@_KQBDQAU__crt_locale_pointers@@QAD@Z 1003335a f i libucrt:output.obj
 0001:0003235a       ??0?$output_adapter_data@DV?$stream_output_adapter@D@__crt_stdio_output@@@__crt_stdio_output@@IAE@ABV?$stream_output_adapter@D@1@_KQBDQAU__crt_locale_pointers@@QAD@Z 1003335a f i libucrt:output.obj
 0001:00032396       ??0?$output_adapter_data@_WV?$string_output_adapter@_W@__crt_stdio_output@@@__crt_stdio_output@@IAE@ABV?$string_output_adapter@_W@1@_KQB_WQAU__crt_locale_pointers@@QAD@Z 10033396 f i libucrt:output.obj
 0001:000323d2       ??0_LocaleUpdate@@QAE@QAU__crt_locale_pointers@@@Z 100333d2 f i libucrt:output.obj
 0001:00032455       ??1formatting_buffer@__crt_stdio_output@@QAE@XZ 10033455 f i libucrt:output.obj
 0001:0003246f       ??4?$__crt_unique_heap_ptr@DU__crt_internal_free_policy@@@@QAEAAV0@$$QAV0@@Z 1003346f f i libucrt:output.obj
 0001:00032552       ?crop_zeroes@__crt_stdio_output@@YAXPADQAU__crt_locale_pointers@@@Z 10033552 f i libucrt:output.obj
 0001:000325b2       ?find_next_state@?$output_processor@DV?$string_output_adapter@D@__crt_stdio_output@@V?$standard_base@DV?$string_output_adapter@D@__crt_stdio_output@@@2@@__crt_stdio_output@@ABE?AW4state@2@DW432@@Z 100335b2 f i libucrt:output.obj
 0001:000325b2       ?find_next_state@?$output_processor@DV?$stream_output_adapter@D@__crt_stdio_output@@V?$standard_base@DV?$stream_output_adapter@D@__crt_stdio_output@@@2@@__crt_stdio_output@@ABE?AW4state@2@DW432@@Z 100335b2 f i libucrt:output.obj
 0001:000325ef       ?find_next_state@?$output_processor@_WV?$string_output_adapter@_W@__crt_stdio_output@@V?$standard_base@_WV?$string_output_adapter@_W@__crt_stdio_output@@@2@@__crt_stdio_output@@ABE?AW4state@2@_WW432@@Z 100335ef f i libucrt:output.obj
 0001:0003262e       ?force_decimal_point@__crt_stdio_output@@YAXPADQAU__crt_locale_pointers@@@Z 1003362e f i libucrt:output.obj
 0001:0003268a       ?parse_int_from_format_string@?$output_processor@DV?$stream_output_adapter@D@__crt_stdio_output@@V?$standard_base@DV?$stream_output_adapter@D@__crt_stdio_output@@@2@@__crt_stdio_output@@AAE_NQAH@Z 1003368a f i libucrt:output.obj
 0001:0003268a       ?parse_int_from_format_string@?$output_processor@DV?$string_output_adapter@D@__crt_stdio_output@@V?$standard_base@DV?$string_output_adapter@D@__crt_stdio_output@@@2@@__crt_stdio_output@@AAE_NQAH@Z 1003368a f i libucrt:output.obj
 0001:000326fe       ?parse_int_from_format_string@?$output_processor@_WV?$string_output_adapter@_W@__crt_stdio_output@@V?$standard_base@_WV?$string_output_adapter@_W@__crt_stdio_output@@@2@@__crt_stdio_output@@AAE_NQAH@Z 100336fe f i libucrt:output.obj
 0001:00032774       ?process@?$output_processor@DV?$stream_output_adapter@D@__crt_stdio_output@@V?$standard_base@DV?$stream_output_adapter@D@__crt_stdio_output@@@2@@__crt_stdio_output@@QAEHXZ 10033774 f i libucrt:output.obj
 0001:00032888       ?process@?$output_processor@DV?$string_output_adapter@D@__crt_stdio_output@@V?$standard_base@DV?$string_output_adapter@D@__crt_stdio_output@@@2@@__crt_stdio_output@@QAEHXZ 10033888 f i libucrt:output.obj
 0001:0003299c       ?process@?$output_processor@_WV?$string_output_adapter@_W@__crt_stdio_output@@V?$standard_base@_WV?$string_output_adapter@_W@__crt_stdio_output@@@2@@__crt_stdio_output@@QAEHXZ 1003399c f i libucrt:output.obj
 0001:00032ab8       ?state_case_flag@?$output_processor@DV?$stream_output_adapter@D@__crt_stdio_output@@V?$standard_base@DV?$stream_output_adapter@D@__crt_stdio_output@@@2@@__crt_stdio_output@@AAE_NXZ 10033ab8 f i libucrt:output.obj
 0001:00032ab8       ?state_case_flag@?$output_processor@DV?$string_output_adapter@D@__crt_stdio_output@@V?$standard_base@DV?$string_output_adapter@D@__crt_stdio_output@@@2@@__crt_stdio_output@@AAE_NXZ 10033ab8 f i libucrt:output.obj
 0001:00032af5       ?state_case_flag@?$output_processor@_WV?$string_output_adapter@_W@__crt_stdio_output@@V?$standard_base@_WV?$string_output_adapter@_W@__crt_stdio_output@@@2@@__crt_stdio_output@@AAE_NXZ 10033af5 f i libucrt:output.obj
 0001:00032b32       ?state_case_normal@?$output_processor@DV?$stream_output_adapter@D@__crt_stdio_output@@V?$standard_base@DV?$stream_output_adapter@D@__crt_stdio_output@@@2@@__crt_stdio_output@@AAE_NXZ 10033b32 f i libucrt:output.obj
 0001:00032b51       ?state_case_normal@?$output_processor@DV?$string_output_adapter@D@__crt_stdio_output@@V?$standard_base@DV?$string_output_adapter@D@__crt_stdio_output@@@2@@__crt_stdio_output@@AAE_NXZ 10033b51 f i libucrt:output.obj
 0001:00032b70       ?state_case_normal@?$output_processor@_WV?$string_output_adapter@_W@__crt_stdio_output@@V?$standard_base@_WV?$string_output_adapter@_W@__crt_stdio_output@@@2@@__crt_stdio_output@@AAE_NXZ 10033b70 f i libucrt:output.obj
 0001:00032b8f       ?state_case_normal_common@?$output_processor@DV?$stream_output_adapter@D@__crt_stdio_output@@V?$standard_base@DV?$stream_output_adapter@D@__crt_stdio_output@@@2@@__crt_stdio_output@@AAE_NXZ 10033b8f f i libucrt:output.obj
 0001:00032bc9       ?state_case_normal_common@?$output_processor@DV?$string_output_adapter@D@__crt_stdio_output@@V?$standard_base@DV?$string_output_adapter@D@__crt_stdio_output@@@2@@__crt_stdio_output@@AAE_NXZ 10033bc9 f i libucrt:output.obj
 0001:00032bf3       ?state_case_normal_common@?$output_processor@_WV?$string_output_adapter@_W@__crt_stdio_output@@V?$standard_base@_WV?$string_output_adapter@_W@__crt_stdio_output@@@2@@__crt_stdio_output@@AAE_NXZ 10033bf3 f i libucrt:output.obj
 0001:00032c0e       ?state_case_normal_tchar@?$output_processor@DV?$stream_output_adapter@D@__crt_stdio_output@@V?$standard_base@DV?$stream_output_adapter@D@__crt_stdio_output@@@2@@__crt_stdio_output@@AAE_ND@Z 10033c0e f i libucrt:output.obj
 0001:00032c7b       ?state_case_normal_tchar@?$output_processor@DV?$string_output_adapter@D@__crt_stdio_output@@V?$standard_base@DV?$string_output_adapter@D@__crt_stdio_output@@@2@@__crt_stdio_output@@AAE_ND@Z 10033c7b f i libucrt:output.obj
 0001:00032cdf       ?state_case_precision@?$output_processor@DV?$string_output_adapter@D@__crt_stdio_output@@V?$standard_base@DV?$string_output_adapter@D@__crt_stdio_output@@@2@@__crt_stdio_output@@AAE_NXZ 10033cdf f i libucrt:output.obj
 0001:00032cdf       ?state_case_precision@?$output_processor@DV?$stream_output_adapter@D@__crt_stdio_output@@V?$standard_base@DV?$stream_output_adapter@D@__crt_stdio_output@@@2@@__crt_stdio_output@@AAE_NXZ 10033cdf f i libucrt:output.obj
 0001:00032d05       ?state_case_precision@?$output_processor@_WV?$string_output_adapter@_W@__crt_stdio_output@@V?$standard_base@_WV?$string_output_adapter@_W@__crt_stdio_output@@@2@@__crt_stdio_output@@AAE_NXZ 10033d05 f i libucrt:output.obj
 0001:00032d2c       ?state_case_size@?$output_processor@DV?$stream_output_adapter@D@__crt_stdio_output@@V?$standard_base@DV?$stream_output_adapter@D@__crt_stdio_output@@@2@@__crt_stdio_output@@AAE_NXZ 10033d2c f i libucrt:output.obj
 0001:00032e7a       ?state_case_size@?$output_processor@DV?$string_output_adapter@D@__crt_stdio_output@@V?$standard_base@DV?$string_output_adapter@D@__crt_stdio_output@@@2@@__crt_stdio_output@@AAE_NXZ 10033e7a f i libucrt:output.obj
 0001:00032fc8       ?state_case_size@?$output_processor@_WV?$string_output_adapter@_W@__crt_stdio_output@@V?$standard_base@_WV?$string_output_adapter@_W@__crt_stdio_output@@@2@@__crt_stdio_output@@AAE_NXZ 10033fc8 f i libucrt:output.obj
 0001:00033140       ?state_case_type@?$output_processor@DV?$stream_output_adapter@D@__crt_stdio_output@@V?$standard_base@DV?$stream_output_adapter@D@__crt_stdio_output@@@2@@__crt_stdio_output@@AAE_NXZ 10034140 f i libucrt:output.obj
 0001:00033372       ?state_case_type@?$output_processor@DV?$string_output_adapter@D@__crt_stdio_output@@V?$standard_base@DV?$string_output_adapter@D@__crt_stdio_output@@@2@@__crt_stdio_output@@AAE_NXZ 10034372 f i libucrt:output.obj
 0001:000335a4       ?state_case_type@?$output_processor@_WV?$string_output_adapter@_W@__crt_stdio_output@@V?$standard_base@_WV?$string_output_adapter@_W@__crt_stdio_output@@@2@@__crt_stdio_output@@AAE_NXZ 100345a4 f i libucrt:output.obj
 0001:00033809       ?state_case_width@?$output_processor@DV?$stream_output_adapter@D@__crt_stdio_output@@V?$standard_base@DV?$stream_output_adapter@D@__crt_stdio_output@@@2@@__crt_stdio_output@@AAE_NXZ 10034809 f i libucrt:output.obj
 0001:00033809       ?state_case_width@?$output_processor@DV?$string_output_adapter@D@__crt_stdio_output@@V?$standard_base@DV?$string_output_adapter@D@__crt_stdio_output@@@2@@__crt_stdio_output@@AAE_NXZ 10034809 f i libucrt:output.obj
 0001:00033834       ?state_case_width@?$output_processor@_WV?$string_output_adapter@_W@__crt_stdio_output@@V?$standard_base@_WV?$string_output_adapter@_W@__crt_stdio_output@@@2@@__crt_stdio_output@@AAE_NXZ 10034834 f i libucrt:output.obj
 0001:00033860       ?to_integer_size@__crt_stdio_output@@YAIW4length_modifier@1@@Z 10034860 f i libucrt:output.obj
 0001:000338b4       ?type_case_Z@?$output_processor@DV?$stream_output_adapter@D@__crt_stdio_output@@V?$standard_base@DV?$stream_output_adapter@D@__crt_stdio_output@@@2@@__crt_stdio_output@@AAE_NXZ 100348b4 f i libucrt:output.obj
 0001:000338b4       ?type_case_Z@?$output_processor@DV?$string_output_adapter@D@__crt_stdio_output@@V?$standard_base@DV?$string_output_adapter@D@__crt_stdio_output@@@2@@__crt_stdio_output@@AAE_NXZ 100348b4 f i libucrt:output.obj
 0001:0003390e       ?type_case_Z@?$output_processor@_WV?$string_output_adapter@_W@__crt_stdio_output@@V?$standard_base@_WV?$string_output_adapter@_W@__crt_stdio_output@@@2@@__crt_stdio_output@@AAE_NXZ 1003490e f i libucrt:output.obj
 0001:00033968       ?type_case_a@?$output_processor@DV?$stream_output_adapter@D@__crt_stdio_output@@V?$standard_base@DV?$stream_output_adapter@D@__crt_stdio_output@@@2@@__crt_stdio_output@@AAE_NXZ 10034968 f i libucrt:output.obj
 0001:00033968       ?type_case_a@?$output_processor@DV?$string_output_adapter@D@__crt_stdio_output@@V?$standard_base@DV?$string_output_adapter@D@__crt_stdio_output@@@2@@__crt_stdio_output@@AAE_NXZ 10034968 f i libucrt:output.obj
 0001:00033ab7       ?type_case_a@?$output_processor@_WV?$string_output_adapter@_W@__crt_stdio_output@@V?$standard_base@_WV?$string_output_adapter@_W@__crt_stdio_output@@@2@@__crt_stdio_output@@AAE_NXZ 10034ab7 f i libucrt:output.obj
 0001:00033c1c       ?type_case_c_tchar@?$output_processor@DV?$string_output_adapter@D@__crt_stdio_output@@V?$standard_base@DV?$string_output_adapter@D@__crt_stdio_output@@@2@@__crt_stdio_output@@AAE_ND@Z 10034c1c f i libucrt:output.obj
 0001:00033c1c       ?type_case_c_tchar@?$output_processor@DV?$stream_output_adapter@D@__crt_stdio_output@@V?$standard_base@DV?$stream_output_adapter@D@__crt_stdio_output@@@2@@__crt_stdio_output@@AAE_ND@Z 10034c1c f i libucrt:output.obj
 0001:00033cac       ?type_case_c_tchar@?$output_processor@_WV?$string_output_adapter@_W@__crt_stdio_output@@V?$standard_base@_WV?$string_output_adapter@_W@__crt_stdio_output@@@2@@__crt_stdio_output@@AAE_N_W@Z 10034cac f i libucrt:output.obj
 0001:00033d42       ?type_case_integer@?$output_processor@DV?$string_output_adapter@D@__crt_stdio_output@@V?$standard_base@DV?$string_output_adapter@D@__crt_stdio_output@@@2@@__crt_stdio_output@@AAE_NI_N@Z 10034d42 f i libucrt:output.obj
 0001:00033d42       ?type_case_integer@?$output_processor@DV?$stream_output_adapter@D@__crt_stdio_output@@V?$standard_base@DV?$stream_output_adapter@D@__crt_stdio_output@@@2@@__crt_stdio_output@@AAE_NI_N@Z 10034d42 f i libucrt:output.obj
 0001:00033e93       ?type_case_integer@?$output_processor@_WV?$string_output_adapter@_W@__crt_stdio_output@@V?$standard_base@_WV?$string_output_adapter@_W@__crt_stdio_output@@@2@@__crt_stdio_output@@AAE_NI_N@Z 10034e93 f i libucrt:output.obj
 0001:00033fe8       ?type_case_n@?$output_processor@_WV?$string_output_adapter@_W@__crt_stdio_output@@V?$standard_base@_WV?$string_output_adapter@_W@__crt_stdio_output@@@2@@__crt_stdio_output@@AAE_NXZ 10034fe8 f i libucrt:output.obj
 0001:00033fe8       ?type_case_n@?$output_processor@DV?$string_output_adapter@D@__crt_stdio_output@@V?$standard_base@DV?$string_output_adapter@D@__crt_stdio_output@@@2@@__crt_stdio_output@@AAE_NXZ 10034fe8 f i libucrt:output.obj
 0001:00033fe8       ?type_case_n@?$output_processor@DV?$stream_output_adapter@D@__crt_stdio_output@@V?$standard_base@DV?$stream_output_adapter@D@__crt_stdio_output@@@2@@__crt_stdio_output@@AAE_NXZ 10034fe8 f i libucrt:output.obj
 0001:0003405c       ?type_case_o@?$output_processor@DV?$stream_output_adapter@D@__crt_stdio_output@@V?$standard_base@DV?$stream_output_adapter@D@__crt_stdio_output@@@2@@__crt_stdio_output@@AAE_NXZ 1003505c f i libucrt:output.obj
 0001:0003405c       ?type_case_o@?$output_processor@DV?$string_output_adapter@D@__crt_stdio_output@@V?$standard_base@DV?$string_output_adapter@D@__crt_stdio_output@@@2@@__crt_stdio_output@@AAE_NXZ 1003505c f i libucrt:output.obj
 0001:0003407b       ?type_case_o@?$output_processor@_WV?$string_output_adapter@_W@__crt_stdio_output@@V?$standard_base@_WV?$string_output_adapter@_W@__crt_stdio_output@@@2@@__crt_stdio_output@@AAE_NXZ 1003507b f i libucrt:output.obj
 0001:0003409a       ?type_case_p@?$output_processor@DV?$string_output_adapter@D@__crt_stdio_output@@V?$standard_base@DV?$string_output_adapter@D@__crt_stdio_output@@@2@@__crt_stdio_output@@AAE_NXZ 1003509a f i libucrt:output.obj
 0001:0003409a       ?type_case_p@?$output_processor@DV?$stream_output_adapter@D@__crt_stdio_output@@V?$standard_base@DV?$stream_output_adapter@D@__crt_stdio_output@@@2@@__crt_stdio_output@@AAE_NXZ 1003509a f i libucrt:output.obj
 0001:000340b2       ?type_case_p@?$output_processor@_WV?$string_output_adapter@_W@__crt_stdio_output@@V?$standard_base@_WV?$string_output_adapter@_W@__crt_stdio_output@@@2@@__crt_stdio_output@@AAE_NXZ 100350b2 f i libucrt:output.obj
 0001:000340ca       ?type_case_s@?$output_processor@DV?$stream_output_adapter@D@__crt_stdio_output@@V?$standard_base@DV?$stream_output_adapter@D@__crt_stdio_output@@@2@@__crt_stdio_output@@AAE_NXZ 100350ca f i libucrt:output.obj
 0001:000340ca       ?type_case_s@?$output_processor@DV?$string_output_adapter@D@__crt_stdio_output@@V?$standard_base@DV?$string_output_adapter@D@__crt_stdio_output@@@2@@__crt_stdio_output@@AAE_NXZ 100350ca f i libucrt:output.obj
 0001:0003413b       ?type_case_s@?$output_processor@_WV?$string_output_adapter@_W@__crt_stdio_output@@V?$standard_base@_WV?$string_output_adapter@_W@__crt_stdio_output@@@2@@__crt_stdio_output@@AAE_NXZ 1003513b f i libucrt:output.obj
 0001:000341ae       ?type_case_s_compute_narrow_string_length@?$output_processor@_WV?$string_output_adapter@_W@__crt_stdio_output@@V?$standard_base@_WV?$string_output_adapter@_W@__crt_stdio_output@@@2@@__crt_stdio_output@@ABEHH_W@Z 100351ae f i libucrt:output.obj
 0001:000341f5       ?validate@?$stream_output_adapter@D@__crt_stdio_output@@QBE_NXZ 100351f5 f i libucrt:output.obj
 0001:000341f5       ?validate@?$stream_input_adapter@D@__crt_stdio_input@@QBE_NXZ 100351f5 f i libucrt:input.obj
 0001:00034216       ?validate@?$string_output_adapter@D@__crt_stdio_output@@QBE_NXZ 10035216 f i libucrt:output.obj
 0001:00034216       ?validate@?$c_string_character_source@_W@__crt_strtox@@QBE_NXZ 10035216 f i libucrt:atox.obj
 0001:00034216       ?validate@?$string_output_adapter@_W@__crt_stdio_output@@QBE_NXZ 10035216 f i libucrt:output.obj
 0001:00034216       ?validate@?$c_string_character_source@D@__crt_strtox@@QBE_NXZ 10035216 f i libucrt:atox.obj
 0001:00034231       ?validate_stream_is_ansi_if_required@?$__acrt_stdio_char_traits@D@@SA_NQAU_iobuf@@@Z 10035231 f i libucrt:output.obj
 0001:000342b8       ?write_character@?$string_output_adapter@D@__crt_stdio_output@@QBE_NDQAH@Z 100352b8 f i libucrt:output.obj
 0001:000342fa       ?write_character@?$string_output_adapter@_W@__crt_stdio_output@@QBE_N_WQAH@Z 100352fa f i libucrt:output.obj
 0001:0003433f       ?write_character_without_count_update@?$stream_output_adapter@D@__crt_stdio_output@@QBE_ND@Z 1003533f f i libucrt:output.obj
 0001:00034375       ?write_stored_string_tchar@?$output_processor@DV?$stream_output_adapter@D@__crt_stdio_output@@V?$standard_base@DV?$stream_output_adapter@D@__crt_stdio_output@@@2@@__crt_stdio_output@@AAE_ND@Z 10035375 f i libucrt:output.obj
 0001:0003441c       ?write_stored_string_tchar@?$output_processor@DV?$string_output_adapter@D@__crt_stdio_output@@V?$standard_base@DV?$string_output_adapter@D@__crt_stdio_output@@@2@@__crt_stdio_output@@AAE_ND@Z 1003541c f i libucrt:output.obj
 0001:000344c3       ?write_stored_string_tchar@?$output_processor@_WV?$string_output_adapter@_W@__crt_stdio_output@@V?$standard_base@_WV?$string_output_adapter@_W@__crt_stdio_output@@@2@@__crt_stdio_output@@AAE_N_W@Z 100354c3 f i libucrt:output.obj
 0001:00034556       ?write_string@?$stream_output_adapter@D@__crt_stdio_output@@QBEXQBDHQAHAAV__crt_deferred_errno_cache@@@Z 10035556 f i libucrt:output.obj
 0001:00034582       ?write_string@?$string_output_adapter@D@__crt_stdio_output@@QBEXQBDHQAHAAV__crt_deferred_errno_cache@@@Z 10035582 f i libucrt:output.obj
 0001:000345e9       ?write_string@?$string_output_adapter@_W@__crt_stdio_output@@QBEXQB_WHQAHAAV__crt_deferred_errno_cache@@@Z 100355e9 f i libucrt:output.obj
 0001:0003465a       ?write_string_impl@?$output_adapter_common@DV?$stream_output_adapter@D@__crt_stdio_output@@@__crt_stdio_output@@IBEXQBDHQAHAAV__crt_deferred_errno_cache@@@Z 1003565a f i libucrt:output.obj
 0001:000346f8       ___acrt_locale_get_ctype_array_value 100356f8 f i libucrt:output.obj
 0001:0003471a       ___stdio_common_vfprintf   1003571a f   libucrt:output.obj
 0001:0003479d       ___stdio_common_vsprintf   1003579d f   libucrt:output.obj
 0001:000347c1       ___stdio_common_vswprintf  100357c1 f   libucrt:output.obj
 0001:000347e5       __fclose_nolock            100357e5 f   libucrt:fclose.obj
 0001:0003485c       _fclose                    1003585c f   libucrt:fclose.obj
 0001:000348e0       __wcsdup                   100358e0 f   libucrt:wcsdup.obj
 0001:000349e6       __clearfp                  100359e6 f   libucrt:ieee87.obj
 0001:00034ac4       __control87                10035ac4 f   libucrt:ieee87.obj
 0001:00034f19       __wfopen                   10035f19 f   libucrt:fopen.obj
 0001:00034f30       _free                      10035f30 f   libucrt:free.obj
 0001:00034f4b       _malloc                    10035f4b f   libucrt:malloc.obj
 0001:00034f56       _feof                      10035f56 f   libucrt:feoferr.obj
 0001:00034f82       _ferror                    10035f82 f   libucrt:feoferr.obj
 0001:00034fb0       ___acrt_initialize_stdio   10035fb0 f   libucrt:_file.obj
 0001:00035078       ___acrt_iob_func           10036078 f   libucrt:_file.obj
 0001:00035088       ___acrt_uninitialize_stdio 10036088 f   libucrt:_file.obj
 0001:000350d4       __lock_file                100360d4 f   libucrt:_file.obj
 0001:000350e8       __unlock_file              100360e8 f   libucrt:_file.obj
 0001:000350fc       __fgetc_nolock             100360fc f   libucrt:fgetc.obj
 0001:00035138       __getc_nolock              10036138 f   libucrt:fgetc.obj
 0001:00035143       _fgetc                     10036143 f   libucrt:fgetc.obj
 0001:0003524b       _getc                      1003624b f   libucrt:fgetc.obj
 0001:0003535f       __wfreopen                 1003635f f   libucrt:freopen.obj
 0001:00035385       _rewind                    10036385 f   libucrt:rewind.obj
 0001:00035452       ___acrt_errno_from_os_error 10036452 f   libucrt:errno.obj
 0001:00035495       ___acrt_errno_map_os_error 10036495 f   libucrt:errno.obj
 0001:000354b8       ___doserrno                100364b8 f   libucrt:errno.obj
 0001:000354cb       __errno                    100364cb f   libucrt:errno.obj
 0001:000354de       __ungetc_nolock            100364de f   libucrt:ungetc.obj
 0001:000355d8       _ungetc                    100365d8 f   libucrt:ungetc.obj
 0001:0003564b       __fread_nolock_s           1003664b f   libucrt:fread.obj
 0001:00035831       _fread                     10036831 f   libucrt:fread.obj
 0001:0003584e       _fread_s                   1003684e f   libucrt:fread.obj
 0001:000359e1       __get_sys_err_msg          100369e1 f i libucrt:strerror.obj
 0001:00035a05       _strerror                  10036a05 f   libucrt:strerror.obj
 0001:00035b7c       __freea_crt                10036b7c f i libucrt:strupr.obj
 0001:00035b9c       __strupr                   10036b9c f   libucrt:strupr.obj
 0001:00035bf8       __strupr_s_l               10036bf8 f   libucrt:strupr.obj
 0001:00035c2f       ___ascii_wcsicmp           10036c2f f   libucrt:wcsicmp.obj
 0001:00035c6c       __towlower_internal        10036c6c f i libucrt:wcsicmp.obj
 0001:00035cab       __wcsicmp                  10036cab f   libucrt:wcsicmp.obj
 0001:00035cf4       __wcsicmp_l                10036cf4 f   libucrt:wcsicmp.obj
 0001:00035dac       _iswctype                  10036dac f   libucrt:iswctype.obj
 0001:00035e15       _wcsncpy                   10036e15 f   libucrt:wcsncpy.obj
 0001:00035e60       _strncmp                   10036e60 f   libucrt:strncmp.obj
 0001:00035ed8       __ischartype_l             10036ed8 f i libucrt:_ctype.obj
 0001:00035f2c       __isdigit_l                10036f2c f i libucrt:_ctype.obj
 0001:00035f62       __isspace_l                10036f62 f i libucrt:_ctype.obj
 0001:00035f98       _isdigit                   10036f98 f i libucrt:_ctype.obj
 0001:00035fc9       _isspace                   10036fc9 f i libucrt:_ctype.obj
 0001:00036000       _strncpy                   10037000 f   libucrt:strncpy.obj
 0001:00036130       _strpbrk                   10037130 f   libucrt:strpbrk.obj
 0001:00036170       _realloc                   10037170 f   libucrt:realloc.obj
 0001:000366d1       ?__crt_stdio_path_requires_backslash@@YA_NQB_W@Z 100376d1 f i libucrt:popen.obj
 0001:0003677d       __pclose                   1003777d f   libucrt:popen.obj
 0001:00036854       __wpopen                   10037854 f   libucrt:popen.obj
 0001:00036a9c       ___acrt_stdio_flush_nolock 10037a9c f   libucrt:fflush.obj
 0001:00036b01       __fflush_nolock            10037b01 f   libucrt:fflush.obj
 0001:00036b49       __flushall                 10037b49 f   libucrt:fflush.obj
 0001:00036b52       _fflush                    10037b52 f   libucrt:fflush.obj
 0001:00036ba7       _clearerr                  10037ba7 f   libucrt:clearerr.obj
 0001:00036bac       _clearerr_s                10037bac f   libucrt:clearerr.obj
 0001:00036d19       _fgets                     10037d19 f   libucrt:fgets.obj
 0001:00037059       ___acrt_stdio_free_tmpfile_name_buffers_nolock 10038059 f   libucrt:tmpfile.obj
 0001:000370b4       _tmpfile                   100380b4 f   libucrt:tmpfile.obj
 0001:0003716e       __fwrite_nolock            1003816e f   libucrt:fwrite.obj
 0001:000372ef       _fwrite                    100382ef f   libucrt:fwrite.obj
 0001:0003747a       _setvbuf                   1003847a f   libucrt:setvbuf.obj
 0001:00037557       ??$assemble_floating_point_snan@N@__crt_strtox@@YAX_NAAN@Z 10038557 f i libucrt:input.obj
 0001:00037578       ??$assemble_floating_point_value_t@M@__crt_strtox@@YA?AW4SLD_STATUS@@_NH_KAAM@Z 10038578 f i libucrt:input.obj
 0001:000375a8       ??$assemble_floating_point_value_t@N@__crt_strtox@@YA?AW4SLD_STATUS@@_NH_KAAN@Z 100385a8 f i libucrt:input.obj
 0001:000375ea       ??$convert_decimal_string_to_floating_type@M@__crt_strtox@@YA?AW4SLD_STATUS@@ABUfloating_point_string@0@AAM@Z 100385ea f i libucrt:input.obj
 0001:0003760b       ??$convert_decimal_string_to_floating_type@N@__crt_strtox@@YA?AW4SLD_STATUS@@ABUfloating_point_string@0@AAN@Z 1003860b f i libucrt:input.obj
 0001:0003762c       ??$convert_hexadecimal_string_to_floating_type@M@__crt_strtox@@YA?AW4SLD_STATUS@@ABUfloating_point_string@0@AAM@Z 1003862c f i libucrt:input.obj
 0001:0003764d       ??$convert_hexadecimal_string_to_floating_type@N@__crt_strtox@@YA?AW4SLD_STATUS@@ABUfloating_point_string@0@AAN@Z 1003864d f i libucrt:input.obj
 0001:0003766e       ??$is_overflow_condition@_K@__crt_strtox@@YA_NI_K@Z 1003866e f i libucrt:input.obj
 0001:000376af       ??$make_input_adapter_character_source@V?$stream_input_adapter@D@__crt_stdio_input@@@__crt_strtox@@YA?AV?$input_adapter_character_source@V?$stream_input_adapter@D@__crt_stdio_input@@@0@QAV?$stream_input_adapter@D@__crt_stdio_input@@_KQA_N@Z 100386af f i libucrt:input.obj
 0001:000376cd       ??$parse_floating_point@V?$input_adapter_character_source@V?$stream_input_adapter@D@__crt_stdio_input@@@__crt_strtox@@M@__crt_strtox@@YA?AW4SLD_STATUS@@QAU__crt_locale_pointers@@V?$input_adapter_character_source@V?$stream_input_adapter@D@__crt_stdio_input@@@0@QAM@Z 100386cd f i libucrt:input.obj
 0001:00037746       ??$parse_floating_point@V?$input_adapter_character_source@V?$stream_input_adapter@D@__crt_stdio_input@@@__crt_strtox@@N@__crt_strtox@@YA?AW4SLD_STATUS@@QAU__crt_locale_pointers@@V?$input_adapter_character_source@V?$stream_input_adapter@D@__crt_stdio_input@@@0@QAN@Z 10038746 f i libucrt:input.obj
 0001:000377bf       ??$parse_floating_point_from_source@V?$input_adapter_character_source@V?$stream_input_adapter@D@__crt_stdio_input@@@__crt_strtox@@@__crt_strtox@@YA?AW4floating_point_parse_result@0@QAU__crt_locale_pointers@@AAV?$input_adapter_character_source@V?$stream_input_adapter@D@__crt_stdio_input@@@0@AAUfloating_point_string@0@@Z 100387bf f i libucrt:input.obj
 0001:00037c1c       ??$parse_floating_point_possible_infinity@DV?$input_adapter_character_source@V?$stream_input_adapter@D@__crt_stdio_input@@@__crt_strtox@@_K@__crt_strtox@@YA?AW4floating_point_parse_result@0@AADAAV?$input_adapter_character_source@V?$stream_input_adapter@D@__crt_stdio_input@@@0@_K@Z 10038c1c f i libucrt:input.obj
 0001:00037cdb       ??$parse_floating_point_possible_nan@DV?$input_adapter_character_source@V?$stream_input_adapter@D@__crt_stdio_input@@@__crt_strtox@@_K@__crt_strtox@@YA?AW4floating_point_parse_result@0@AADAAV?$input_adapter_character_source@V?$stream_input_adapter@D@__crt_stdio_input@@@0@_K@Z 10038cdb f i libucrt:input.obj
 0001:00037df6       ??$parse_floating_point_possible_nan_is_ind@DV?$input_adapter_character_source@V?$stream_input_adapter@D@__crt_stdio_input@@@__crt_strtox@@@__crt_strtox@@YA_NAADAAV?$input_adapter_character_source@V?$stream_input_adapter@D@__crt_stdio_input@@@0@@Z 10038df6 f i libucrt:input.obj
 0001:00037e30       ??$parse_floating_point_possible_nan_is_snan@DV?$input_adapter_character_source@V?$stream_input_adapter@D@__crt_stdio_input@@@__crt_strtox@@@__crt_strtox@@YA_NAADAAV?$input_adapter_character_source@V?$stream_input_adapter@D@__crt_stdio_input@@@0@@Z 10038e30 f i libucrt:input.obj
 0001:00037e6a       ??$parse_floating_point_write_result@M@__crt_strtox@@YA?AW4SLD_STATUS@@W4floating_point_parse_result@0@ABUfloating_point_string@0@QAM@Z 10038e6a f i libucrt:input.obj
 0001:00037fd6       ??$parse_floating_point_write_result@N@__crt_strtox@@YA?AW4SLD_STATUS@@W4floating_point_parse_result@0@ABUfloating_point_string@0@QAN@Z 10038fd6 f i libucrt:input.obj
 0001:000380fa       ??$parse_integer@_KV?$input_adapter_character_source@V?$stream_input_adapter@D@__crt_stdio_input@@@__crt_strtox@@@__crt_strtox@@YA_KQAU__crt_locale_pointers@@V?$input_adapter_character_source@V?$stream_input_adapter@D@__crt_stdio_input@@@0@H_N@Z 100390fa f i libucrt:input.obj
 0001:000383b8       ??$process_floating_point_specifier_t@M@?$input_processor@DV?$stream_input_adapter@D@__crt_stdio_input@@@__crt_stdio_input@@AAE_NXZ 100393b8 f i libucrt:input.obj
 0001:0003841e       ??$process_floating_point_specifier_t@N@?$input_processor@DV?$stream_input_adapter@D@__crt_stdio_input@@@__crt_stdio_input@@AAE_NXZ 1003941e f i libucrt:input.obj
 0001:00038484       ??$process_string_specifier_tchar@D@?$input_processor@DV?$stream_input_adapter@D@__crt_stdio_input@@@__crt_stdio_input@@AAE_NW4conversion_mode@1@D@Z 10039484 f i libucrt:input.obj
 0001:000385f5       ??$process_string_specifier_tchar@_W@?$input_processor@DV?$stream_input_adapter@D@__crt_stdio_input@@@__crt_stdio_input@@AAE_NW4conversion_mode@1@_W@Z 100395f5 f i libucrt:input.obj
 0001:00038770       ??$skip_whitespace@Vstream_input_adapter@__crt_stdio_input@@D@__crt_stdio_input@@YAHAAV?$stream_input_adapter@D@0@QAU__crt_locale_pointers@@@Z 10039770 f i libucrt:input.obj
 0001:000387a7       ??$write_floating_point@M@?$input_processor@DV?$stream_input_adapter@D@__crt_stdio_input@@@__crt_stdio_input@@AAE_NABM@Z 100397a7 f i libucrt:input.obj
 0001:000387db       ??$write_floating_point@N@?$input_processor@DV?$stream_input_adapter@D@__crt_stdio_input@@@__crt_stdio_input@@AAE_NABN@Z 100397db f i libucrt:input.obj
 0001:00038815       ??0?$format_string_parser@D@__crt_stdio_input@@QAE@_KQBE@Z 10039815 f i libucrt:input.obj
 0001:0003885f       ??0?$input_adapter_character_source@V?$stream_input_adapter@D@__crt_stdio_input@@@__crt_strtox@@QAE@QAV?$stream_input_adapter@D@__crt_stdio_input@@_KQA_N@Z 1003985f f i libucrt:input.obj
 0001:00038890       ??0?$input_processor@DV?$stream_input_adapter@D@__crt_stdio_input@@@__crt_stdio_input@@QAE@ABV?$stream_input_adapter@D@1@_KQBDQAU__crt_locale_pointers@@QAD@Z 10039890 f i libucrt:input.obj
 0001:00038983       ?advance@?$format_string_parser@D@__crt_stdio_input@@QAE_NXZ 10039983 f i libucrt:input.obj
 0001:00038a9b       ?as_double@floating_point_value@__crt_strtox@@QBEAANXZ 10039a9b f i libucrt:input.obj
 0001:00038ac0       ?as_float@floating_point_value@__crt_strtox@@QBEAAMXZ 10039ac0 f i libucrt:input.obj
 0001:00038ae5       ?assemble_floating_point_infinity@__crt_strtox@@YAX_NABVfloating_point_value@1@@Z 10039ae5 f i libucrt:input.obj
 0001:00038b25       ?assemble_floating_point_value@__crt_strtox@@YA?AW4SLD_STATUS@@_KH_N1ABVfloating_point_value@1@@Z 10039b25 f i libucrt:input.obj
 0001:00038e6e       ?assemble_floating_point_value_from_big_integer@__crt_strtox@@YA?AW4SLD_STATUS@@ABUbig_integer@1@I_N1ABVfloating_point_value@1@@Z 10039e6e f i libucrt:input.obj
 0001:00039002       ?assemble_floating_point_zero@__crt_strtox@@YAX_NABVfloating_point_value@1@@Z 1003a002 f i libucrt:input.obj
 0001:00039037       ?convert_decimal_string_to_floating_type_common@__crt_strtox@@YA?AW4SLD_STATUS@@ABUfloating_point_string@1@ABVfloating_point_value@1@@Z 1003a037 f i libucrt:input.obj
 0001:0003ad76       ?convert_hexadecimal_string_to_floating_type_common@__crt_strtox@@YA?AW4SLD_STATUS@@ABUfloating_point_string@1@ABVfloating_point_value@1@@Z 1003bd76 f i libucrt:input.obj
 0001:0003ae1c       ?denormal_mantissa_mask@floating_point_value@__crt_strtox@@QBE_KXZ 1003be1c f i libucrt:input.obj
 0001:0003ae40       ?divide@__crt_strtox@@YA_KAAUbig_integer@1@ABU21@@Z 1003be40 f i libucrt:input.obj
 0001:0003b2d8       ?get@?$input_adapter_character_source@V?$stream_input_adapter@D@__crt_stdio_input@@@__crt_strtox@@QAEDXZ 1003c2d8 f i libucrt:input.obj
 0001:0003b317       ?invert@?$scanset_buffer@E@__crt_stdio_input@@QAEXXZ 1003c317 f i libucrt:input.obj
 0001:0003b335       ?is_character_allowed_in_string@?$input_processor@DV?$stream_input_adapter@D@__crt_stdio_input@@@__crt_stdio_input@@ABE_NW4conversion_mode@2@H@Z 1003c335 f i libucrt:input.obj
 0001:0003b385       ?length@?$format_string_parser@D@__crt_stdio_input@@QBEIXZ 1003c385 f i libucrt:input.obj
 0001:0003b3c6       ?normal_mantissa_mask@floating_point_value@__crt_strtox@@QBE_KXZ 1003c3c6 f i libucrt:input.obj
 0001:0003b3dd       ?process@?$input_processor@DV?$stream_input_adapter@D@__crt_stdio_input@@@__crt_stdio_input@@QAEHXZ 1003c3dd f i libucrt:input.obj
 0001:0003b468       ?process_character_count_specifier@?$input_processor@DV?$stream_input_adapter@D@__crt_stdio_input@@@__crt_stdio_input@@AAE_NXZ 1003c468 f i libucrt:input.obj
 0001:0003b47c       ?process_conversion_specifier@?$input_processor@DV?$stream_input_adapter@D@__crt_stdio_input@@@__crt_stdio_input@@AAE_NXZ 1003c47c f i libucrt:input.obj
 0001:0003b4f0       ?process_floating_point_specifier@?$input_processor@DV?$stream_input_adapter@D@__crt_stdio_input@@@__crt_stdio_input@@AAE_NXZ 1003c4f0 f i libucrt:input.obj
 0001:0003b520       ?process_integer_specifier@?$input_processor@DV?$stream_input_adapter@D@__crt_stdio_input@@@__crt_stdio_input@@AAE_NI_N@Z 1003c520 f i libucrt:input.obj
 0001:0003b582       ?process_literal_character@?$input_processor@DV?$stream_input_adapter@D@__crt_stdio_input@@@__crt_stdio_input@@AAE_NXZ 1003c582 f i libucrt:input.obj
 0001:0003b5b8       ?process_literal_character_tchar@?$input_processor@DV?$stream_input_adapter@D@__crt_stdio_input@@@__crt_stdio_input@@AAE_ND@Z 1003c5b8 f i libucrt:input.obj
 0001:0003b60f       ?process_state@?$input_processor@DV?$stream_input_adapter@D@__crt_stdio_input@@@__crt_stdio_input@@AAE_NXZ 1003c60f f i libucrt:input.obj
 0001:0003b651       ?process_string_specifier@?$input_processor@DV?$stream_input_adapter@D@__crt_stdio_input@@@__crt_stdio_input@@AAE_NW4conversion_mode@2@@Z 1003c651 f i libucrt:input.obj
 0001:0003b699       ?process_whitespace@?$input_processor@DV?$stream_input_adapter@D@__crt_stdio_input@@@__crt_stdio_input@@AAE_NXZ 1003c699 f i libucrt:input.obj
 0001:0003b6b6       ?restore_state@?$input_adapter_character_source@V?$stream_input_adapter@D@__crt_stdio_input@@@__crt_strtox@@QAE_N_K@Z 1003c6b6 f i libucrt:input.obj
 0001:0003b6db       ?scan_conversion_specifier@?$format_string_parser@D@__crt_stdio_input@@AAE_NXZ 1003c6db f i libucrt:input.obj
 0001:0003b84b       ?scan_optional_field_width@?$format_string_parser@D@__crt_stdio_input@@AAE_NXZ 1003c84b f i libucrt:input.obj
 0001:0003b8e8       ?scan_optional_length_modifier@?$format_string_parser@D@__crt_stdio_input@@AAEXXZ 1003c8e8 f i libucrt:input.obj
 0001:0003b9f7       ?scan_optional_literal_character_trail_bytes_tchar@?$format_string_parser@D@__crt_stdio_input@@AAE_ND@Z 1003c9f7 f i libucrt:input.obj
 0001:0003ba49       ?scan_optional_wide_modifier@?$format_string_parser@D@__crt_stdio_input@@AAEXXZ 1003ca49 f i libucrt:input.obj
 0001:0003ba67       ?scan_scanset_range@?$format_string_parser@D@__crt_stdio_input@@AAE_NXZ 1003ca67 f i libucrt:input.obj
 0001:0003bb9f       ?set_wide_for_c_s_or_scanset@?$format_string_parser@D@__crt_stdio_input@@AAEXXZ 1003cb9f f i libucrt:input.obj
 0001:0003bbbf       ?to_floating_point_length@__crt_stdio_input@@YAIW4length_modifier@1@@Z 1003cbbf f i libucrt:input.obj
 0001:0003bbe2       ?to_integer_length@__crt_stdio_input@@YAIW4length_modifier@1@@Z 1003cbe2 f i libucrt:input.obj
 0001:0003bc35       ?unget@?$input_adapter_character_source@V?$stream_input_adapter@D@__crt_stdio_input@@@__crt_strtox@@QAEXD@Z 1003cc35 f i libucrt:input.obj
 0001:0003bc7c       ?unget@?$stream_input_adapter@D@__crt_stdio_input@@QAEXH@Z 1003cc7c f i libucrt:input.obj
 0001:0003bc9a       ?validate@?$format_string_parser@D@__crt_stdio_input@@QBE_NXZ 1003cc9a f i libucrt:input.obj
 0001:0003bcb6       ?validate@?$input_adapter_character_source@V?$stream_input_adapter@D@__crt_stdio_input@@@__crt_strtox@@QBE_NXZ 1003ccb6 f i libucrt:input.obj
 0001:0003bcd7       ?write_character@?$input_processor@DV?$stream_input_adapter@D@__crt_stdio_input@@@__crt_stdio_input@@AAE_NQA_WIAAPA_WAAID@Z 1003ccd7 f i libucrt:input.obj
 0001:0003bd4d       ?write_integer@?$input_processor@DV?$stream_input_adapter@D@__crt_stdio_input@@@__crt_stdio_input@@AAE_N_K@Z 1003cd4d f i libucrt:input.obj
 0001:0003bdbb       ___stdio_common_vfscanf    1003cdbb f   libucrt:input.obj
 0001:0003c418       __ftelli64                 1003d418 f   libucrt:ftell.obj
 0001:0003c423       __ftelli64_nolock          1003d423 f   libucrt:ftell.obj
 0001:0003c42e       ?LongLongSub@@YAJ_J0PA_J@Z 1003d42e f i libucrt:fseek.obj
 0001:0003c6ea       __fseeki64                 1003d6ea f   libucrt:fseek.obj
 0001:0003c919       __wdupenv_s                1003d919 f   libucrt:getenv.obj
 0001:0003c937       __wgetenv                  1003d937 f   libucrt:getenv.obj
 0001:0003c942       __toupper_l                1003d942 f   libucrt:tolower_toupper.obj
 0001:0003ca47       _toupper                   1003da47 f   libucrt:tolower_toupper.obj
 0001:0003cb75       __wsystem                  1003db75 f   libucrt:system.obj
 0001:0003cb80       ___ascii_stricmp           1003db80 f   libucrt:stricmp.obj
 0001:0003cbb9       __stricmp                  1003dbb9 f   libucrt:stricmp.obj
 0001:0003cc02       __stricmp_l                1003dc02 f   libucrt:stricmp.obj
 0001:0003cc90       _wcscmp                    1003dc90 f   libucrt:wcscmp.obj
 0001:0003ccd0       __seh_filter_dll           1003dcd0 f   libucrt:exception_filter.obj
 0001:0003ccf0       __seh_filter_exe           1003dcf0 f   libucrt:exception_filter.obj
 0001:0003d0be       ___acrt_initialize_thread_local_exit_callback 1003e0be f   libucrt:exit.obj
 0001:0003d0cd       __cexit                    1003e0cd f   libucrt:exit.obj
 0001:0003d0dc       __exit                     1003e0dc f   libucrt:exit.obj
 0001:0003d0f2       __is_c_termination_complete 1003e0f2 f   libucrt:exit.obj
 0001:0003d3a6       ___acrt_allocate_buffer_for_argv 1003e3a6 f   libucrt:argv_parsing.obj
 0001:0003d3f5       __configure_narrow_argv    1003e3f5 f   libucrt:argv_parsing.obj
 0001:0003d756       ??$uninitialize@A6AXAAPAPA_W@Z@?$dual_state_global@PAPA_W@__crt_state_management@@QAEXA6AXAAPAPA_W@Z@Z 1003e756 f i libucrt:environment_initialization.obj
 0001:0003d756       ??$uninitialize@A6AXAAPAPAD@Z@?$dual_state_global@PAPAD@__crt_state_management@@QAEXA6AXAAPAPAD@Z@Z 1003e756 f i libucrt:environment_initialization.obj
 0001:0003d7b5       ___dcrt_get_or_create_wide_environment_nolock 1003e7b5 f   libucrt:environment_initialization.obj
 0001:0003d7ba       ___dcrt_uninitialize_environments_nolock 1003e7ba f   libucrt:environment_initialization.obj
 0001:0003d7f1       __initialize_narrow_environment 1003e7f1 f   libucrt:environment_initialization.obj
 0001:0003d8ac       ??$__crt_fast_encode_pointer@P6AHXZ@@YAP6AHXZQ6AHXZ@Z 1003e8ac f i libucrt:onexit.obj
 0001:0003d8ac       ??$__crt_fast_encode_pointer@PAX@@YAPAXQAX@Z 1003e8ac f i libucrt:initialization.obj
 0001:0003d8ac       ??$__crt_fast_encode_pointer@PAP6AXXZ@@YAPAP6AXXZQAP6AXXZ@Z 1003e8ac f i libucrt:onexit.obj
 0001:0003dace       __crt_atexit               1003eace f   libucrt:onexit.obj
 0001:0003dae4       __execute_onexit_table     1003eae4 f   libucrt:onexit.obj
 0001:0003db11       __initialize_onexit_table  1003eb11 f   libucrt:onexit.obj
 0001:0003db3a       __register_onexit_function 1003eb3a f   libucrt:onexit.obj
 0001:0003db6d       ___acrt_uninitialize_command_line 1003eb6d f   libucrt:argv_data.obj
 0001:0003dc6b       ___acrt_initialize         1003ec6b f   libucrt:initialization.obj
 0001:0003dc7d       ___acrt_thread_attach      1003ec7d f   libucrt:initialization.obj
 0001:0003dc88       ___acrt_thread_detach      1003ec88 f   libucrt:initialization.obj
 0001:0003dc90       ___acrt_uninitialize       1003ec90 f   libucrt:initialization.obj
 0001:0003dcc0       ___acrt_uninitialize_critical 1003ecc0 f   libucrt:initialization.obj
 0001:0003dcd2       __initterm                 1003ecd2 f   libucrt:initterm.obj
 0001:0003dd17       __initterm_e               1003ed17 f   libucrt:initterm.obj
 0001:0003dd45       _terminate                 1003ed45 f   libucrt:terminate.obj
 0001:0003dd81       _abort                     1003ed81 f   libucrt:abort.obj
 0001:0003ddc5       _strcpy_s                  1003edc5 f   libucrt:strcpy_s.obj
 0001:0003de1f       _calloc                    1003ee1f f   libucrt:calloc.obj
 0001:0003de2a       ??$is_overflow_condition@K@__crt_strtox@@YA_NIK@Z 1003ee2a f i libucrt:atox.obj
 0001:0003de5b       ??$parse_integer@KV?$c_string_character_source@D@__crt_strtox@@@__crt_strtox@@YAKQAU__crt_locale_pointers@@V?$c_string_character_source@D@0@H_N@Z 1003ee5b f i libucrt:atox.obj
 0001:0003e080       ??$parse_integer@KV?$c_string_character_source@_W@__crt_strtox@@@__crt_strtox@@YAKQAU__crt_locale_pointers@@V?$c_string_character_source@_W@0@H_N@Z 1003f080 f i libucrt:atox.obj
 0001:0003e688       ??$parse_integer@_KV?$c_string_character_source@D@__crt_strtox@@@__crt_strtox@@YA_KQAU__crt_locale_pointers@@V?$c_string_character_source@D@0@H_N@Z 1003f688 f i libucrt:atox.obj
 0001:0003e92e       ?unget@?$c_string_character_source@D@__crt_strtox@@QAEXD@Z 1003f92e f i libucrt:atox.obj
 0001:0003e957       ?unget@?$c_string_character_source@_W@__crt_strtox@@QAEX_W@Z 1003f957 f i libucrt:atox.obj
 0001:0003e985       _wcsncmp                   1003f985 f   libucrt:wcsncmp.obj
 0001:0003e9bf       ___acrt_call_reportfault   1003f9bf f   libucrt:invalid_parameter.obj
 0001:0003eaf8       ___acrt_initialize_invalid_parameter_handler 1003faf8 f   libucrt:invalid_parameter.obj
 0001:0003eb07       __invalid_parameter        1003fb07 f   libucrt:invalid_parameter.obj
 0001:0003eb6b       __invalid_parameter_noinfo 1003fb6b f   libucrt:invalid_parameter.obj
 0001:0003eb7b       __invoke_watson            1003fb7b f   libucrt:invalid_parameter.obj
 0001:0003ebaf       __free_base                1003fbaf f   libucrt:free_base.obj
 0001:0003ebe9       __malloc_base              1003fbe9 f   libucrt:malloc_base.obj
 0001:0003ec37       ??$make_c_string_character_source@_WPAPA_W@__crt_strtox@@YA?AV?$c_string_character_source@_W@0@QB_WQAPA_W@Z 1003fc37 f i libucrt:strtox.obj
 0001:0003ec37       ??$make_c_string_character_source@DPAPAD@__crt_strtox@@YA?AV?$c_string_character_source@D@0@QBDQAPAD@Z 1003fc37 f i libucrt:strtox.obj
 0001:0003ec52       _strtol                    1003fc52 f   libucrt:strtox.obj
 0001:0003ec7c       _strtoull                  1003fc7c f   libucrt:strtox.obj
 0001:0003eca6       _wcstol                    1003fca6 f   libucrt:strtox.obj
 0001:0003ecd0       __mbtowc_l                 1003fcd0 f   libucrt:mbtowc.obj
 0001:0003ee12       _mbtowc                    1003fe12 f   libucrt:mbtowc.obj
 0001:0003ee2c       __wctomb_s_l               1003fe2c f   libucrt:wctomb.obj
 0001:0003ef87       _wctomb_s                  1003ff87 f   libucrt:wctomb.obj
 0001:0003efa4       _strnlen                   1003ffa4 f   libucrt:strnlen.obj
 0001:0003f0c6       _wcsnlen                   100400c6 f   libucrt:strnlen.obj
 0001:0003f5b4       ___acrt_freeptd            100405b4 f   libucrt:per_thread_data.obj
 0001:0003f5e0       ___acrt_getptd             100405e0 f   libucrt:per_thread_data.obj
 0001:0003f69d       ___acrt_getptd_head        1004069d f   libucrt:per_thread_data.obj
 0001:0003f737       ___acrt_getptd_noexit      10040737 f   libucrt:per_thread_data.obj
 0001:0003f7ec       ___acrt_initialize_ptd     100407ec f   libucrt:per_thread_data.obj
 0001:0003f818       ___acrt_uninitialize_ptd   10040818 f   libucrt:per_thread_data.obj
 0001:0003f832       ___acrt_update_locale_info 10040832 f   libucrt:locale_update.obj
 0001:0003f85f       ___acrt_update_multibyte_info 1004085f f   libucrt:locale_update.obj
 0001:0003f88c       ?__acrt_fp_classify@@YA?AW4__acrt_fp_class@@ABN@Z 1004088c f i libucrt:cvt.obj
 0001:000400d7       ___acrt_fp_format          100410d7 f   libucrt:cvt.obj
 0001:00040212       __fileno                   10041212 f   libucrt:fileno.obj
 0001:00040239       __fputc_nolock             10041239 f   libucrt:fputc.obj
 0001:00040262       __get_printf_count_output  10041262 f   libucrt:printf_count_output.obj
 0001:00040277       ___acrt_stdio_begin_temporary_buffering_nolock 10041277 f   libucrt:_sftbuf.obj
[...]
 0002:00013e18       __sehtable$?__acrt_stdio_allocate_stream@@YA?AV__crt_stdio_stream@@XZ 10062e18     libucrt:stream.obj
 0002:00013e38       __sehtable$_raise          10062e38     libucrt:signal.obj
 0002:00013e58       __sehtable$??$?RV<lambda_cbab9ec6f41b0180b23cc171c22676b0>@@AAV<lambda_44731a7d0e6d81c3e6aa82d741081786>@@V<lambda_4b292cb8dd18144e164572427af410ab>@@@?$__crt_seh_guarded_call@P6AXH@Z@@QAEP6AXH@Z$$QAV<lambda_cbab9ec6f41b0180b23cc171c22676b0>@@AAV<lambda_44731a7d0e6d81c3e6aa82d741081786>@@$$QAV<lambda_4b292cb8dd18144e164572427af410ab>@@@Z 10062e58     libucrt:signal.obj
 0002:00013e78       __sehtable$___set_fpsr_sse2 10062e78     libucrt:fpctrl.obj
 0002:00013e98       __sehtable$__fcloseall     10062e98     libucrt:closeall.obj
 0002:00013eb8       __sehtable$??$common_lseek@J@@YAJHJH@Z 10062eb8     libucrt:lseek.obj
 0002:00013ed8       __sehtable$??$common_lseek@_J@@YA_JH_JH@Z 10062ed8     libucrt:lseek.obj
 0002:00013ef8       __sehtable$__read          10062ef8     libucrt:read.obj
 0002:00013f18       __sehtable$__pipe          10062f18     libucrt:pipe.obj
 0002:00013f40       __sehtable$??$common_fdopen@_W@@YAPAU_iobuf@@HQB_W@Z 10062f40     libucrt:fdopen.obj
 0002:00013f60       __sehtable$??$?RV<lambda_9e9de3de5fa147e2223d7db92bc10aa6>@@AAV<lambda_38ce7e780aa69e748d6df282ebc68efe>@@V<lambda_8ca6da459f0f6780f1cff60fdc3d00e5>@@@?$__crt_seh_guarded_call@H@@QAEH$$QAV<lambda_9e9de3de5fa147e2223d7db92bc10aa6>@@AAV<lambda_38ce7e780aa69e748d6df282ebc68efe>@@$$QAV<lambda_8ca6da459f0f6780f1cff60fdc3d00e5>@@@Z 10062f60     libucrt:commit.obj
 0002:00013f80       __sehtable$__write         10062f80     libucrt:write.obj
 0002:00013fa0       __sehtable$??$common_sopen_dispatch@D@@YAHQBDHHHQAHH@Z 10062fa0     libucrt:open.obj
 0002:00013fc0       __sehtable$??$common_sopen_dispatch@_W@@YAHQB_WHHHQAHH@Z 10062fc0     libucrt:open.obj
 0002:00013fe0       __sehtable$__rmtmp         10062fe0     libucrt:rmtmp.obj
 0002:00014008       __sehtable$??$?RV<lambda_1f7e3ac85ca3635646511ad93ac0febe>@@AAV<lambda_555255fdfb9471e5fa7bfca50021c162>@@V<lambda_24f51f8b0c33fe186c624e6675644b7a>@@@?$__crt_seh_guarded_call@_N@@QAE_N$$QAV<lambda_1f7e3ac85ca3635646511ad93ac0febe>@@AAV<lambda_555255fdfb9471e5fa7bfca50021c162>@@$$QAV<lambda_24f51f8b0c33fe186c624e6675644b7a>@@@Z 10063008     libucrt:spawnv.obj
 0002:00014028       __sehtable$?update_thread_multibyte_data_internal@@YAPAU__crt_multibyte_data@@QAU__acrt_ptd@@QAPAU1@@Z 10063028     libucrt:mbctype.obj
 0002:00014048       __sehtable$??$?RV<lambda_ceb1ee4838e85a9d631eb091e2fbe199>@@AAV<lambda_ae742caa10f662c28703da3d2ea5e57e>@@V<lambda_cd08b5d6af4937fe54fc07d0c9bf6b37>@@@?$__crt_seh_guarded_call@X@@QAEX$$QAV<lambda_ceb1ee4838e85a9d631eb091e2fbe199>@@AAV<lambda_ae742caa10f662c28703da3d2ea5e57e>@@$$QAV<lambda_cd08b5d6af4937fe54fc07d0c9bf6b37>@@@Z 10063048     libucrt:mbctype.obj
 0002:00014068       __sehtable$__query_new_handler 10063068     libucrt:new_handler.obj
 0002:00014088       __sehtable$___acrt_update_thread_locale_data 10063088     libucrt:locale_refcounting.obj
 0002:000140a8       __sehtable$__alloc_osfhnd  100630a8     libucrt:osfinfo.obj
 0002:000140c8       __sehtable$___acrt_lowio_ensure_fh_exists 100630c8     libucrt:osfinfo.obj
 0002:000140e8       __sehtable$__IsNonwritableInCurrentImage 100630e8     LIBCMT:pesect.obj
 0002:00014110       .edata                     10063110     luafar3.exp
 0002:00014138       rgpv                       10063138     luafar3.exp
 0002:000141e4       rgszName                   100631e4     luafar3.exp
 0002:00014290       rgwOrd                     10063290     luafar3.exp
 0002:000142e6       szName                     100632e6     luafar3.exp
 0002:000142f2       $N00001                    100632f2     luafar3.exp
 0002:000142fd       $N00002                    100632fd     luafar3.exp
 0002:0001430d       $N00003                    1006330d     luafar3.exp
 0002:0001431b       $N00004                    1006331b     luafar3.exp
 0002:00014326       $N00005                    10063326     luafar3.exp
 0002:00014333       $N00006                    10063333     luafar3.exp
 0002:00014342       $N00007                    10063342     luafar3.exp
 0002:0001434d       $N00008                    1006334d     luafar3.exp
 0002:00014357       $N00009                    10063357     luafar3.exp
 0002:00014362       $N00010                    10063362     luafar3.exp
 0002:00014375       $N00011                    10063375     luafar3.exp
 0002:00014385       $N00012                    10063385     luafar3.exp
 0002:00014397       $N00013                    10063397     luafar3.exp
 0002:000143ab       $N00014                    100633ab     luafar3.exp
 0002:000143b7       $N00015                    100633b7     luafar3.exp
 0002:000143c6       $N00016                    100633c6     luafar3.exp
 0002:000143d7       $N00017                    100633d7     luafar3.exp
 0002:000143e7       $N00018                    100633e7     luafar3.exp
 0002:000143fb       $N00019                    100633fb     luafar3.exp
 0002:0001440c       $N00020                    1006340c     luafar3.exp
 0002:00014414       $N00021                    10063414     luafar3.exp
 0002:00014425       $N00022                    10063425     luafar3.exp
 0002:00014436       $N00023                    10063436     luafar3.exp
 0002:00014442       $N00024                    10063442     luafar3.exp
 0002:00014453       $N00025                    10063453     luafar3.exp
 0002:00014464       $N00026                    10063464     luafar3.exp
 0002:0001446f       $N00027                    1006346f     luafar3.exp
 0002:00014477       $N00028                    10063477     luafar3.exp
 0002:0001448e       $N00029                    1006348e     luafar3.exp
 0002:000144a4       $N00030                    100634a4     luafar3.exp
 0002:000144ba       $N00031                    100634ba     luafar3.exp
 0002:000144d0       $N00032                    100634d0     luafar3.exp
 0002:000144e2       $N00033                    100634e2     luafar3.exp
 0002:000144f5       $N00034                    100634f5     luafar3.exp
 0002:0001450a       $N00035                    1006350a     luafar3.exp
 0002:0001451f       $N00036                    1006351f     luafar3.exp
 0002:00014536       $N00037                    10063536     luafar3.exp
 0002:0001454c       $N00038                    1006354c     luafar3.exp
 0002:00014558       $N00039                    10063558     luafar3.exp
 0002:0001456c       $N00040                    1006356c     luafar3.exp
 0002:0001457d       $N00041                    1006357d     luafar3.exp
 0002:0001458d       $N00042                    1006358d     luafar3.exp
 0002:0001459c       $N00043                    1006359c     luafar3.exp
 0002:00014f46       .idata$6                   10063f46     kernel32:KERNEL32.dll
 0002:00014fec       .idata$6                   10063fec     advapi32:ADVAPI32.dll
 0002:00015008       .idata$6                   10064008     user32:USER32.dll
 0002:00015038       .idata$6                   10064038     shell32:SHELL32.dll
 0002:00015086       .idata$6                   10064086     rpcrt4:RPCRT4.dll
 0002:00015622       .idata$6                   10064622     lua51:lua51.dll
 0003:00000010       ?__vcrt_flsindex@@3KA      10065010     libvcruntime:per_thread_data.obj
 0003:000000d8       ?errno_no_memory@@3HA      100650d8     libucrt:errno.obj
 0003:000000dc       ?doserrno_no_memory@@3KA   100650dc     libucrt:errno.obj
 0003:000000e4       ?__acrt_flsindex@@3KA      100650e4     libucrt:per_thread_data.obj
 0003:000001e8       ?__DAZ_ENABLED@?1??__set_fpsr_sse2@@9@9 100651e8     libucrt:fpctrl.obj
 0003:00000518       __mbctypes                 10065518     libucrt:mbctype.obj
 0003:00000620       __mbcasemaps               10065620     libucrt:mbctype.obj
 0003:00000720       ?__rgctypeflag@@3PADA      10065720     libucrt:mbctype.obj
 0003:00000728       ?__rgcode_page_info@@3PAUcode_page_info@@A 10065728     libucrt:mbctype.obj
 0003:00000880       ?__dcrt_lowio_console_output_handle@@3PAXA 10065880     libucrt:initcon.obj
 0003:000008b0       _unprintable_table         100658b0     lutf8lib.obj
 0003:00000970       _tolower_table             10065970     lutf8lib.obj
 0003:00001490       _alpha_table               10066490     lutf8lib.obj
 0003:00003580       _doublewidth_table         10068580     lutf8lib.obj
 0003:00003aa0       _toupper_table             10068aa0     lutf8lib.obj
 0003:000046b0       _nfc_decompose_table       100696b0     lutf8lib.obj
 0003:00008180       _xdigit_table              1006d180     lutf8lib.obj
 0003:000081d0       _nfc_combining_table       1006d1d0     lutf8lib.obj
 0003:000093d0       _upper_table               1006e3d0     lutf8lib.obj
 0003:00009b20       _digit_table               1006eb20     lutf8lib.obj
 0003:00009e20       _nfc_quickcheck_table      1006ee20     lutf8lib.obj
 0003:0000eb10       _cntrl_table               10073b10     lutf8lib.obj
 0003:0000ec50       _compose_table             10073c50     lutf8lib.obj
 0003:0000fb50       _totitle_table             10074b50     lutf8lib.obj
 0003:00010780       _alnum_extend_table        10075780     lutf8lib.obj
 0003:00010de0       _graph_table               10075de0     lutf8lib.obj
 0003:00013550       _lower_table               10078550     lutf8lib.obj
 0003:00013da0       _nfc_composite_table       10078da0     lutf8lib.obj
 0003:00017870       _tofold_table              1007c870     lutf8lib.obj
 0003:00018500       _punct_table               1007d500     lutf8lib.obj
 0003:00018f00       _space_table               1007df00     lutf8lib.obj
 0003:00018f60       _ambiwidth_table           1007df60     lutf8lib.obj
 0003:00019658       _GS_ExceptionRecord        1007e658     LIBCMT:gs_report.obj
 0003:000196a8       _GS_ContextRecord          1007e6a8     LIBCMT:gs_report.obj
 0003:0001997c       ?is_initialized_as_dll@@3_NA 1007e97c     LIBCMT:utility.obj
 0003:0001997d       ?module_local_atexit_table_initialized@@3_NA 1007e97d     LIBCMT:utility.obj
 0003:00019980       ?module_local_atexit_table@@3U_onexit_table_t@@A 1007e980     LIBCMT:utility.obj
 0003:0001998c       ?module_local_at_quick_exit_table@@3U_onexit_table_t@@A 1007e98c     LIBCMT:utility.obj
 0003:00019998       ?__proc_attached@@3HA      1007e998     LIBCMT:dll_dllmain.obj
 0003:000199bc       ?__vcrt_startup_thread_ptd@@3U__vcrt_ptd@@A 1007e9bc     libvcruntime:per_thread_data.obj
 0003:000199e4       ___vcrt_lock_table         1007e9e4     libvcruntime:locks.obj
 0003:000199fc       ___vcrt_locks_initialized  1007e9fc     libvcruntime:locks.obj
 0003:00019a28       ?heap@@3V_HeapManager@@A   1007ea28     libvcruntime:undname.obj
 0003:00019a3c       ?module_handles@@3PAPAUHINSTANCE__@@A 1007ea3c     libvcruntime:winapi_downlevel.obj
 0003:00019a48       ?function_pointers@@3PAPAXA 1007ea48     libvcruntime:winapi_downlevel.obj
 0003:00019a6c       ?__idtabsiz@@3IA           1007ea6c     libucrt:popen.obj
 0003:00019a70       ?__idpairs@@3PAUprocess_handle_pair@?A0xe43b7539@@A 1007ea70     libucrt:popen.obj
 0003:00019a74       ?narrow_tmpfile_buffer_pointers@@3PAPADA 1007ea74     libucrt:tmpfile.obj
 0003:00019a80       ?wide_tmpfile_buffer_pointers@@3PAPA_WA 1007ea80     libucrt:tmpfile.obj
 0003:00019a8c       ?c_termination_complete@@3JA 1007ea8c     libucrt:exit.obj
 0003:00019a90       ?thread_local_exit_callback_func@@3P6GXPAXK0@ZA 1007ea90     libucrt:exit.obj
 0003:00019a98       ?program_name@?1???$common_configure_argv@D@@YAHW4_crt_argv_mode@@@Z@4PADA 1007ea98     libucrt:argv_parsing.obj
 0003:00019bc8       ?__acrt_invalid_parameter_handler@@3V?$dual_state_global@P6AXPB_W00II@Z@__crt_state_management@@A 1007ebc8     libucrt:invalid_parameter.obj
 0003:00019bcc       ?internal_state@?1??_mbtowc_l@@9@4U_Mbstatet@@A 1007ebcc     libucrt:mbtowc.obj
 0003:00019bd4       ?enable_percent_n@@3IA     1007ebd4     libucrt:printf_count_output.obj
 0003:00019dec       ?ctrlc_action@@3V?$dual_state_global@P6AXH@Z@__crt_state_management@@A 1007edec     libucrt:signal.obj
 0003:00019df0       ?ctrlbreak_action@@3V?$dual_state_global@P6AXH@Z@__crt_state_management@@A 1007edf0     libucrt:signal.obj
 0003:00019df4       ?abort_action@@3V?$dual_state_global@P6AXH@Z@__crt_state_management@@A 1007edf4     libucrt:signal.obj
 0003:00019df8       ?term_action@@3V?$dual_state_global@P6AXH@Z@__crt_state_management@@A 1007edf8     libucrt:signal.obj
 0003:00019e00       ?module_handles@@3PAPAUHINSTANCE__@@A 1007ee00     libucrt:winapi_thunks.obj
 0003:00019e50       ?encoded_function_pointers@@3PAPAXA 1007ee50     libucrt:winapi_thunks.obj
 0003:00019ed8       ?__acrt_lock_table@@3PAU_RTL_CRITICAL_SECTION@@A 1007eed8     libucrt:locks.obj
 0003:0001a028       ?__acrt_locks_initialized@@3IA 1007f028     libucrt:locks.obj
 0003:0001a03c       ?fSystemSet@@3HA           1007f03c     libucrt:mbctype.obj
 0003:0001a040       ?initialized@?1??__acrt_initialize_multibyte@@9@4_NA 1007f040     libucrt:mbctype.obj
 0003:0001a060       ?__acrt_new_handler@@3V?$dual_state_global@P6AHI@Z@__crt_state_management@@A 1007f060     libucrt:new_handler.obj
 0003:0001a064       ?user_matherr@@3V?$dual_state_global@P6AHPAU_exception@@@Z@__crt_state_management@@A 1007f064     libucrt:matherr.obj
 0003:0001a068       ?__acrt_global_new_mode@@3V?$dual_state_global@J@__crt_state_management@@A 1007f068     libucrt:new_mode.obj
 0003:0001a078       ?internal_pst@?1??__mbrtoc32_utf8@__crt_mbstring@@YAIPA_UPBDIPAU_Mbstatet@@@Z@4U3@A 1007f078     libucrt:mbrtoc32.obj
 0003:0001a080       ?__acrt_app_type@@3W4_crt_app_type@@A 1007f080     libucrt:report_runtime_error.obj
 0003:0001a08c       __pmatherr_set             1007f08c     libucrt:libm_error.obj
 0003:0001a090       _luaopen_bit               1007f090     service.obj
 0003:0001a094       _luaopen_ffi               1007f094     service.obj
 0003:0001a098       _luaopen_jit               1007f098     service.obj
 0003:0001a09c       ?FunctionPointer@?1??Wrapper_CompareStringEx@@9@36@4Q6GHPB_WK0H0HPAU_nlsversioninfo@@PAXJ@ZA 1007f09c     vc_crt_fix_impl.obj
 0003:0001a0a0       ?FunctionPointer@?1??Wrapper_InitializeSListHead@@9@4@4Q6GXPAT_SLIST_HEADER@@@ZA 1007f0a0     vc_crt_fix_impl.obj
 0003:0001a0a4       ?FunctionPointer@?1??Wrapper_QueryDepthSList@@9@4@4Q6GGPAT_SLIST_HEADER@@@ZA 1007f0a4     vc_crt_fix_impl.obj
 0003:0001a0a8       ?$S9@?1??Wrapper_InterlockedPushEntrySList@@9@8@4IA 1007f0a8     vc_crt_fix_impl.obj
 0003:0001a0ac       ?$S11@?1??Wrapper_RtlFirstEntrySList@@9@4@4IA 1007f0ac     vc_crt_fix_impl.obj
 0003:0001a0b0       ?FunctionPointer@?1??Wrapper_WakeAllConditionVariable@@9@4@4Q6GXPAU_RTL_CONDITION_VARIABLE@@@ZA 1007f0b0     vc_crt_fix_impl.obj
 0003:0001a0b4       ?$S21@?1??Wrapper_AcquireSRWLockExclusive@@9@4@4IA 1007f0b4     vc_crt_fix_impl.obj
 0003:0001a0b8       ?$S8@?1??Wrapper_InterlockedPopEntrySList@@9@4@4IA 1007f0b8     vc_crt_fix_impl.obj
 0003:0001a0bc       ?$S4@?1??Wrapper_GetModuleHandleExW@@9@12@4IA 1007f0bc     vc_crt_fix_impl.obj
 0003:0001a0c0       ?Cookie@?1??XorPointer@@YAPAXPAX@Z@4IB 1007f0c0     vc_crt_fix_impl.obj
 0003:0001a0c4       ?FunctionPointer@?1??Wrapper_GetLogicalProcessorInformation@@9@8@4Q6GHPAU_SYSTEM_LOGICAL_PROCESSOR_INFORMATION@@PAK@ZA 1007f0c4     vc_crt_fix_impl.obj
 0003:0001a0c8       ?$S1@?1??XorPointer@@YAPAXPAX@Z@4IA 1007f0c8     vc_crt_fix_impl.obj
 0003:0001a0cc       ?$S19@?1??Wrapper_SleepConditionVariableSRW@@9@16@4IA 1007f0cc     vc_crt_fix_impl.obj
 0003:0001a0d0       ?FunctionPointer@?1??Wrapper_SleepConditionVariableSRW@@9@16@4Q6GHPAU_RTL_CONDITION_VARIABLE@@PAU_RTL_SRWLOCK@@KK@ZA 1007f0d0     vc_crt_fix_impl.obj
 0003:0001a0d4       ?$S13@?1??Wrapper_GetNumaHighestNodeNumber@@9@4@4IA 1007f0d4     vc_crt_fix_impl.obj
 0003:0001a0d8       ?$S10@?1??Wrapper_InterlockedPushListSListEx@@9@16@4IA 1007f0d8     vc_crt_fix_impl.obj
 0003:0001a0dc       ?FunctionPointer@?1??Wrapper_GetModuleHandleExW@@9@12@4Q6GHKPB_WPAPAUHINSTANCE__@@@ZA 1007f0dc     vc_crt_fix_impl.obj
 0003:0001a0e0       ?Deleter@?1??InitializeSListHead@implementation@slist@@YGXPAT_SLIST_HEADER@@@Z@4Vservice_deleter@23@A 1007f0e0     vc_crt_fix_impl.obj
 0003:0001a100       ?$S15@?1??Wrapper_SetThreadStackGuarantee@@9@4@4IA 1007f100     vc_crt_fix_impl.obj
 0003:0001a104       ?$S7@?1??Wrapper_InterlockedFlushSList@@9@4@4IA 1007f104     vc_crt_fix_impl.obj
 0003:0001a108       ?FunctionPointer@?1??Wrapper_DecodePointer@@9@4@4Q6GPAXPAX@ZA 1007f108     vc_crt_fix_impl.obj
 0003:0001a10c       ?$S16@?1??Wrapper_InitializeCriticalSectionEx@@9@12@4IA 1007f10c     vc_crt_fix_impl.obj
 0003:0001a110       ?$S18@?1??Wrapper_LCMapStringEx@@9@36@4IA 1007f110     vc_crt_fix_impl.obj
 0003:0001a114       ?$S12@?1??Wrapper_QueryDepthSList@@9@4@4IA 1007f114     vc_crt_fix_impl.obj
 0003:0001a118       ?FunctionPointer@?1??Wrapper_SetThreadStackGuarantee@@9@4@4Q6GHPAK@ZA 1007f118     vc_crt_fix_impl.obj
 0003:0001a11c       ?FunctionPointer@?1??Wrapper_RtlFirstEntrySList@@9@4@4Q6GPAU_SINGLE_LIST_ENTRY@@PAT_SLIST_HEADER@@@ZA 1007f11c     vc_crt_fix_impl.obj
 0003:0001a120       ?$S5@?1??InitializeSListHead@implementation@slist@@YGXPAT_SLIST_HEADER@@@Z@4IA 1007f120     vc_crt_fix_impl.obj
 0003:0001a124       ?$S3@?1??Wrapper_DecodePointer@@9@4@4IA 1007f124     vc_crt_fix_impl.obj
 0003:0001a128       ?FunctionPointer@?1??Wrapper_InterlockedFlushSList@@9@4@4Q6GPAU_SINGLE_LIST_ENTRY@@PAT_SLIST_HEADER@@@ZA 1007f128     vc_crt_fix_impl.obj
 0003:0001a12c       ?FunctionPointer@?1??Wrapper_InterlockedPopEntrySList@@9@4@4Q6GPAU_SINGLE_LIST_ENTRY@@PAT_SLIST_HEADER@@@ZA 1007f12c     vc_crt_fix_impl.obj
 0003:0001a130       ?FunctionPointer@?1??Wrapper_InterlockedPushEntrySList@@9@8@4Q6GPAU_SINGLE_LIST_ENTRY@@PAT_SLIST_HEADER@@PAU2@@ZA 1007f130     vc_crt_fix_impl.obj
 0003:0001a134       ?$S2@?1??Wrapper_EncodePointer@@9@4@4IA 1007f134     vc_crt_fix_impl.obj
 0003:0001a138       ?$S22@?1??Wrapper_ReleaseSRWLockExclusive@@9@4@4IA 1007f138     vc_crt_fix_impl.obj
 0003:0001a13c       ?Ptr@?1???R<lambda_1>@?1??XorPointer@@YAPAXPAX@Z@QBE@XZ@4PAXA 1007f13c     vc_crt_fix_impl.obj
 0003:0001a140       ?FunctionPointer@?1??Wrapper_InterlockedPushListSListEx@@9@16@4Q6GPAU_SINGLE_LIST_ENTRY@@PAT_SLIST_HEADER@@PAU2@1K@ZA 1007f140     vc_crt_fix_impl.obj
 0003:0001a144       ?$S17@?1??Wrapper_CompareStringEx@@9@36@4IA 1007f144     vc_crt_fix_impl.obj
 0003:0001a148       ?$S6@?1??Wrapper_InitializeSListHead@@9@4@4IA 1007f148     vc_crt_fix_impl.obj
 0003:0001a14c       ?FunctionPointer@?1??Wrapper_EncodePointer@@9@4@4Q6GPAXPAX@ZA 1007f14c     vc_crt_fix_impl.obj
 0003:0001a150       ?FunctionPointer@?1??Wrapper_InitializeCriticalSectionEx@@9@12@4Q6GHPAU_RTL_CRITICAL_SECTION@@KK@ZA 1007f150     vc_crt_fix_impl.obj
 0003:0001a154       ?FunctionPointer@?1??Wrapper_ReleaseSRWLockExclusive@@9@4@4Q6GXPAU_RTL_SRWLOCK@@@ZA 1007f154     vc_crt_fix_impl.obj
 0003:0001a158       ?$S20@?1??Wrapper_WakeAllConditionVariable@@9@4@4IA 1007f158     vc_crt_fix_impl.obj
 0003:0001a15c       ?FunctionPointer@?1??Wrapper_LCMapStringEx@@9@36@4Q6GHPB_WK0HPA_WHPAU_nlsversioninfo@@PAXJ@ZA 1007f15c     vc_crt_fix_impl.obj
 0003:0001a160       ?FunctionPointer@?1??Wrapper_GetNumaHighestNodeNumber@@9@4@4Q6GHPAK@ZA 1007f160     vc_crt_fix_impl.obj
 0003:0001a164       ?FunctionPointer@?1??Wrapper_AcquireSRWLockExclusive@@9@4@4Q6GXPAU_RTL_SRWLOCK@@@ZA 1007f164     vc_crt_fix_impl.obj
 0003:0001a168       ?$S14@?1??Wrapper_GetLogicalProcessorInformation@@9@8@4IA 1007f168     vc_crt_fix_impl.obj
 0004:00000060       $R000000                   10080060     luafar3.res
