 sqlite3

 Timestamp is 6611e2ad (Sun Apr  7 01:02:53 2024)

 Preferred load address is 10000000

 Start         Length     Name                   Class
 0001:00000000 000ce3f0H .text$mn                CODE
 0001:000ce3f0 000000e0H .text$x                 CODE
 0001:000ce4d0 0000008eH .text$yd                CODE
 0002:00000000 000001acH .idata$5                DATA
 0002:000001ac 00000004H .00cfg                  DATA
 0002:000001b0 00000004H .CRT$XCA                DATA
 0002:000001b4 00000004H .CRT$XCZ                DATA
 0002:000001b8 00000004H .CRT$XIA                DATA
 0002:000001bc 00000010H .CRT$XIC                DATA
 0002:000001cc 00000004H .CRT$XIZ                DATA
 0002:000001d0 00000004H .CRT$XPA                DATA
 0002:000001d4 00000008H .CRT$XPX                DATA
 0002:000001dc 00000004H .CRT$XPXA               DATA
 0002:000001e0 00000004H .CRT$XPZ                DATA
 0002:000001e4 00000004H .CRT$XTA                DATA
 0002:000001e8 00000008H .CRT$XTZ                DATA
 0002:000001ec 00000000H .gfids$y                DATA
 0002:000001f0 00011d10H .rdata                  DATA
 0002:00011f00 00000000H .rdata$CastGuardVftablesA DATA
 0002:00011f00 00000000H .rdata$CastGuardVftablesC DATA
 0002:00011f00 000000dcH .rdata$r                DATA
 0002:00011fdc 00000028H .rdata$sxdata           DATA
 0002:00012004 000003bcH .rdata$voltmd           DATA
 0002:000123c0 00000310H .rdata$zzzdbg           DATA
 0002:000126d0 00000004H .rtc$IAA                DATA
 0002:000126d4 00000004H .rtc$IZZ                DATA
 0002:000126d8 00000004H .rtc$TAA                DATA
 0002:000126dc 00000004H .rtc$TZZ                DATA
 0002:000126e0 00000770H .xdata$x                DATA
 0002:00012e50 000022b8H .edata                  DATA
 0002:00015108 00000014H .idata$2                DATA
 0002:0001511c 00000014H .idata$3                DATA
 0002:00015130 000001acH .idata$4                DATA
 0002:000152dc 00000796H .idata$6                DATA
 0003:00000000 00002850H .data                   DATA
 0003:00002850 0000003cH .data$r                 DATA
 0003:0000288c 00000024H .data$rs                DATA
 0003:000028b0 00000eacH .bss                    DATA
 0004:00000000 00000060H .rsrc$01                DATA
 0004:00000060 00000450H .rsrc$02                DATA

  Address         Publics by Value              Rva+Base       Lib:Object

 0000:00000000       ___guard_eh_cont_count     00000000     <absolute>
 0000:00000000       ___guard_fids_table        00000000     <absolute>
 0000:00000000       ___arm64x_redirection_metadata 00000000     <absolute>
 0000:00000000       ___arm64x_extra_rfe_table  00000000     <absolute>
 0000:00000000       ___guard_longjmp_table     00000000     <absolute>
 0000:00000000       ___hybrid_code_map_count   00000000     <absolute>
 0000:00000000       ___arm64x_native_entrypoint 00000000     <absolute>
 0000:00000000       ___x64_code_ranges_to_entry_points 00000000     <absolute>
 0000:00000000       ___guard_fids_count        00000000     <absolute>
 0000:00000000       ___guard_eh_cont_table     00000000     <absolute>
 0000:00000000       ___guard_iat_count         00000000     <absolute>
 0000:00000000       ___hybrid_code_map         00000000     <absolute>
 0000:00000000       ___enclave_config          00000000     <absolute>
 0000:00000000       __except_list              00000000     <absolute>
 0000:00000000       ___arm64x_extra_rfe_table_size 00000000     <absolute>
 0000:00000000       ___x64_code_ranges_to_entry_points_count 00000000     <absolute>
 0000:00000000       ___guard_iat_table         00000000     <absolute>
 0000:00000000       ___hybrid_auxiliary_iat    00000000     <absolute>
 0000:00000000       ___dynamic_value_reloc_table 00000000     <absolute>
 0000:00000000       ___AbsoluteZero            00000000     <absolute>
 0000:00000000       ___guard_longjmp_count     00000000     <absolute>
 0000:00000000       ___guard_check_icall_a64n_fptr 00000000     <absolute>
 0000:00000000       ___arm64x_redirection_metadata_count 00000000     <absolute>
 0000:00000000       ___hybrid_auxiliary_iat_copy 00000000     <absolute>
 0000:0000000a       ___safe_se_handler_count   0000000a     <absolute>
 0000:00000100       ___guard_flags             00000100     <absolute>
 0000:00000000       ___ImageBase               10000000     <linker-defined>
 0001:00000030       _sqlite3_status64          10001030 f   sqlite.obj
 0001:000000d0       _sqlite3_status            100010d0 f   sqlite.obj
 0001:000001b0       _sqlite3_db_status         100011b0 f   sqlite.obj
 0001:000043d0       _sqlite3_vfs_find          100053d0 f   sqlite.obj
 0001:00004470       _sqlite3_vfs_register      10005470 f   sqlite.obj
 0001:00004520       _sqlite3_vfs_unregister    10005520 f   sqlite.obj
 0001:000045e0       ??3@YAXPAX@Z               100055e0 f   LIBCMT:delete_scalar.obj
 0001:00004650       _sqlite3_global_recover    10005650 f   sqlite.obj
 0001:00004650       _sqlite3_release_memory    10005650 f   sqlite.obj
 0001:00004650       _sqlite3_memory_alarm      10005650 f   sqlite.obj
 0001:00004660       _sqlite3_thread_cleanup    10005660 f   sqlite.obj
 0001:00004660       @_guard_check_icall_nop@4  10005660 f   LIBCMT:guard_support.obj
 0001:000046e0       _sqlite3_mutex_alloc       100056e0 f   sqlite.obj
 0001:00004730       _sqlite3_mutex_free        10005730 f   sqlite.obj
 0001:00004750       _sqlite3_mutex_enter       10005750 f   sqlite.obj
 0001:00004770       _sqlite3_mutex_try         10005770 f   sqlite.obj
 0001:00004790       _sqlite3_mutex_leave       10005790 f   sqlite.obj
 0001:000049d0       _sqlite3_soft_heap_limit64 100059d0 f   sqlite.obj
 0001:00004af0       _sqlite3_soft_heap_limit   10005af0 f   sqlite.obj
 0001:00004b20       _sqlite3_hard_heap_limit64 10005b20 f   sqlite.obj
 0001:00004bd0       _sqlite3_memory_used       10005bd0 f   sqlite.obj
 0001:00004c10       _sqlite3_memory_highwater  10005c10 f   sqlite.obj
 0001:00004e30       _sqlite3_malloc            10005e30 f   sqlite.obj
 0001:00004e60       _sqlite3_malloc64          10005e60 f   sqlite.obj
 0001:00004e90       _sqlite3_msize             10005e90 f   sqlite.obj
 0001:00004eb0       _sqlite3_free              10005eb0 f   sqlite.obj
 0001:000052b0       _sqlite3_realloc           100062b0 f   sqlite.obj
 0001:000052f0       _sqlite3_realloc64         100062f0 f   sqlite.obj
 0001:00005950       _sqlite3_str_vappendf      10006950 f   sqlite.obj
 0001:000079d0       _sqlite3_str_appendchar    100089d0 f   sqlite.obj
 0001:00007a70       _sqlite3_str_append        10008a70 f   sqlite.obj
 0001:00007ac0       _sqlite3_str_appendall     10008ac0 f   sqlite.obj
 0001:00007d00       _sqlite3_str_finish        10008d00 f   sqlite.obj
 0001:00007db0       _sqlite3_str_errcode       10008db0 f   sqlite.obj
 0001:00007dd0       _sqlite3_str_length        10008dd0 f   sqlite.obj
 0001:00007df0       _sqlite3_str_value         10008df0 f   sqlite.obj
 0001:00007e20       _sqlite3_str_reset         10008e20 f   sqlite.obj
 0001:00007e60       _sqlite3_str_new           10008e60 f   sqlite.obj
 0001:00007f90       _sqlite3_vmprintf          10008f90 f   sqlite.obj
 0001:00008060       _sqlite3_mprintf           10009060 f   sqlite.obj
 0001:00008090       _sqlite3_vsnprintf         10009090 f   sqlite.obj
 0001:00008100       _sqlite3_snprintf          10009100 f   sqlite.obj
 0001:00008230       _sqlite3_log               10009230 f   sqlite.obj
 0001:00008250       _sqlite3_str_appendf       10009250 f   sqlite.obj
 0001:000085d0       _sqlite3_randomness        100095d0 f   sqlite.obj
 0001:000092e0       _sqlite3_stricmp           1000a2e0 f   sqlite.obj
 0001:00009350       _sqlite3_strnicmp          1000a350 f   sqlite.obj
 0001:0000ba90       _sqlite3_win32_write_debug 1000ca90 f   sqlite.obj
 0001:0000bb30       _sqlite3_win32_sleep       1000cb30 f   sqlite.obj
 0001:0000bb40       _sqlite3_win32_is_nt       1000cb40 f   sqlite.obj
 0001:0000bb40       _sqlite3_threadsafe        1000cb40 f   sqlite.obj
 0001:0000be50       _sqlite3_win32_utf8_to_unicode 1000ce50 f   sqlite.obj
 0001:0000be70       _sqlite3_win32_unicode_to_utf8 1000ce70 f   sqlite.obj
 0001:0000be90       _sqlite3_win32_mbcs_to_utf8 1000ce90 f   sqlite.obj
 0001:0000bec0       _sqlite3_win32_mbcs_to_utf8_v2 1000cec0 f   sqlite.obj
 0001:0000bee0       _sqlite3_win32_utf8_to_mbcs 1000cee0 f   sqlite.obj
 0001:0000bf10       _sqlite3_win32_utf8_to_mbcs_v2 1000cf10 f   sqlite.obj
 0001:0000bf30       _sqlite3_win32_set_directory8 1000cf30 f   sqlite.obj
 0001:0000c040       _sqlite3_win32_set_directory16 1000d040 f   sqlite.obj
 0001:0000c0f0       _sqlite3_win32_set_directory 1000d0f0 f   sqlite.obj
 0001:0000f470       _sqlite3_os_init           10010470 f   sqlite.obj
 0001:0000f510       _sqlite3_os_end            10010510 f   sqlite.obj
 0001:000100e0       _sqlite3_serialize         100110e0 f   sqlite.obj
 0001:00010bf0       _sqlite3_deserialize       10011bf0 f   sqlite.obj
 0001:00016e50       _sqlite3_database_file_object 10017e50 f   sqlite.obj
 0001:0001cf90       _sqlite3_enable_shared_cache 1001df90 f   sqlite.obj
 0001:0002a1f0       _sqlite3_backup_init       1002b1f0 f   sqlite.obj
 0001:0002a5b0       _sqlite3_backup_step       1002b5b0 f   sqlite.obj
 0001:0002ac90       _sqlite3_backup_finish     1002bc90 f   sqlite.obj
 0001:0002ae00       _sqlite3_backup_remaining  1002be00 f   sqlite.obj
 0001:0002ae10       _sqlite3_backup_pagecount  1002be10 f   sqlite.obj
 0001:00032b50       _sqlite3_expired           10033b50 f   sqlite.obj
 0001:00032c40       _sqlite3_finalize          10033c40 f   sqlite.obj
 0001:00032d30       _sqlite3_reset             10033d30 f   sqlite.obj
 0001:00032e00       _sqlite3_clear_bindings    10033e00 f   sqlite.obj
 0001:00032ea0       _sqlite3_value_blob        10033ea0 f   sqlite.obj
 0001:00032f00       _sqlite3_value_bytes       10033f00 f   sqlite.obj
 0001:00032f50       _sqlite3_value_bytes16     10033f50 f   sqlite.obj
 0001:00032fa0       _sqlite3_value_double      10033fa0 f   sqlite.obj
 0001:00032fd0       _sqlite3_value_int64       10033fd0 f   sqlite.obj
 0001:00032fd0       _sqlite3_value_int         10033fd0 f   sqlite.obj
 0001:00032fe0       _sqlite3_value_subtype     10033fe0 f   sqlite.obj
 0001:00033000       _sqlite3_value_pointer     10034000 f   sqlite.obj
 0001:00033070       _sqlite3_value_text        10034070 f   sqlite.obj
 0001:000330b0       _sqlite3_value_text16      100340b0 f   sqlite.obj
 0001:000330f0       _sqlite3_value_text16be    100340f0 f   sqlite.obj
 0001:00033130       _sqlite3_value_text16le    10034130 f   sqlite.obj
 0001:00033170       _sqlite3_value_type        10034170 f   sqlite.obj
 0001:00033190       _sqlite3_value_encoding    10034190 f   sqlite.obj
 0001:000331a0       _sqlite3_value_nochange    100341a0 f   sqlite.obj
 0001:000331c0       _sqlite3_value_frombind    100341c0 f   sqlite.obj
 0001:000331e0       _sqlite3_value_dup         100341e0 f   sqlite.obj
 0001:000333a0       _sqlite3_value_free        100343a0 f   sqlite.obj
 0001:00033480       _sqlite3_result_blob       10034480 f   sqlite.obj
 0001:000334a0       _sqlite3_result_blob64     100344a0 f   sqlite.obj
 0001:00033510       _sqlite3_result_double     10034510 f   sqlite.obj
 0001:00033580       _sqlite3_result_error      10034580 f   sqlite.obj
 0001:000335b0       _sqlite3_result_error16    100345b0 f   sqlite.obj
 0001:000335e0       _sqlite3_result_int        100345e0 f   sqlite.obj
 0001:00033620       _sqlite3_result_int64      10034620 f   sqlite.obj
 0001:00033670       _sqlite3_result_null       10034670 f   sqlite.obj
 0001:000336a0       _sqlite3_result_pointer    100346a0 f   sqlite.obj
 0001:00033710       _sqlite3_result_subtype    10034710 f   sqlite.obj
 0001:00033730       _sqlite3_result_text       10034730 f   sqlite.obj
 0001:00033750       _sqlite3_result_text64     10034750 f   sqlite.obj
 0001:000337e0       _sqlite3_result_text16     100347e0 f   sqlite.obj
 0001:000337e0       _sqlite3_result_text16le   100347e0 f   sqlite.obj
 0001:00033800       _sqlite3_result_text16be   10034800 f   sqlite.obj
 0001:00033820       _sqlite3_result_value      10034820 f   sqlite.obj
 0001:000338a0       _sqlite3_result_zeroblob   100348a0 f   sqlite.obj
 0001:000338d0       _sqlite3_result_zeroblob64 100348d0 f   sqlite.obj
 0001:00033970       _sqlite3_result_error_code 10034970 f   sqlite.obj
 0001:00033a20       _sqlite3_result_error_toobig 10034a20 f   sqlite.obj
 0001:00033a50       _sqlite3_result_error_nomem 10034a50 f   sqlite.obj
 0001:00033d10       _sqlite3_step              10034d10 f   sqlite.obj
 0001:00033ec0       _sqlite3_user_data         10034ec0 f   sqlite.obj
 0001:00033ed0       _sqlite3_context_db_handle 10034ed0 f   sqlite.obj
 0001:00033ee0       _sqlite3_vtab_nochange     10034ee0 f   sqlite.obj
 0001:00034080       _sqlite3_vtab_in_first     10035080 f   sqlite.obj
 0001:000340a0       _sqlite3_vtab_in_next      100350a0 f   sqlite.obj
 0001:00034150       _sqlite3_aggregate_context 10035150 f   sqlite.obj
 0001:00034170       _sqlite3_get_auxdata       10035170 f   sqlite.obj
 0001:000341b0       _sqlite3_set_auxdata       100351b0 f   sqlite.obj
 0001:00034290       _sqlite3_aggregate_count   10035290 f   sqlite.obj
 0001:000342a0       _sqlite3_column_count      100352a0 f   sqlite.obj
 0001:000342c0       _sqlite3_data_count        100352c0 f   sqlite.obj
 0001:000342e0       _sqlite3_column_blob       100352e0 f   sqlite.obj
 0001:000343e0       _sqlite3_column_bytes      100353e0 f   sqlite.obj
 0001:000344b0       _sqlite3_column_bytes16    100354b0 f   sqlite.obj
 0001:00034590       _sqlite3_column_double     10035590 f   sqlite.obj
 0001:00034660       _sqlite3_column_int        10035660 f   sqlite.obj
 0001:00034700       _sqlite3_column_int64      10035700 f   sqlite.obj
 0001:000347b0       _sqlite3_column_text       100357b0 f   sqlite.obj
 0001:00034880       _sqlite3_column_value      10035880 f   sqlite.obj
 0001:00034930       _sqlite3_column_text16     10035930 f   sqlite.obj
 0001:00034a00       _sqlite3_column_type       10035a00 f   sqlite.obj
 0001:00034c10       _sqlite3_column_name       10035c10 f   sqlite.obj
 0001:00034c30       _sqlite3_column_name16     10035c30 f   sqlite.obj
 0001:00034c50       _sqlite3_column_decltype   10035c50 f   sqlite.obj
 0001:00034c70       _sqlite3_column_decltype16 10035c70 f   sqlite.obj
 0001:00034ef0       _sqlite3_bind_blob         10035ef0 f   sqlite.obj
 0001:00034fa0       _sqlite3_bind_blob64       10035fa0 f   sqlite.obj
 0001:00035040       _sqlite3_bind_double       10036040 f   sqlite.obj
 0001:000350a0       _sqlite3_bind_int          100360a0 f   sqlite.obj
 0001:000350c0       _sqlite3_bind_int64        100360c0 f   sqlite.obj
 0001:00035140       _sqlite3_bind_null         10036140 f   sqlite.obj
 0001:00035180       _sqlite3_bind_pointer      10036180 f   sqlite.obj
 0001:00035210       _sqlite3_bind_text         10036210 f   sqlite.obj
 0001:000352f0       _sqlite3_bind_text64       100362f0 f   sqlite.obj
 0001:00035330       _sqlite3_bind_text16       10036330 f   sqlite.obj
 0001:00035410       _sqlite3_bind_value        10036410 f   sqlite.obj
 0001:00035590       _sqlite3_bind_zeroblob     10036590 f   sqlite.obj
 0001:00035620       _sqlite3_bind_zeroblob64   10036620 f   sqlite.obj
 0001:000356a0       _sqlite3_bind_parameter_count 100366a0 f   sqlite.obj
 0001:000356c0       _sqlite3_bind_parameter_name 100366c0 f   sqlite.obj
 0001:00035710       _sqlite3_bind_parameter_index 10036710 f   sqlite.obj
 0001:00035820       _sqlite3_transfer_bindings 10036820 f   sqlite.obj
 0001:00035880       _sqlite3_db_handle         10036880 f   sqlite.obj
 0001:000358a0       _sqlite3_stmt_readonly     100368a0 f   sqlite.obj
 0001:000358c0       _sqlite3_stmt_isexplain    100368c0 f   sqlite.obj
 0001:000358e0       _sqlite3_stmt_explain      100368e0 f   sqlite.obj
 0001:000359f0       _sqlite3_stmt_busy         100369f0 f   sqlite.obj
 0001:00035a10       _sqlite3_next_stmt         10036a10 f   sqlite.obj
 0001:00035a50       _sqlite3_stmt_status       10036a50 f   sqlite.obj
 0001:00035b20       _sqlite3_sql               10036b20 f   sqlite.obj
 0001:00035b40       _sqlite3_expanded_sql      10036b40 f   sqlite.obj
 0001:00036400       _sqlite3_value_numeric_type 10037400 f   sqlite.obj
 0001:0003d600       _sqlite3_blob_open         1003e600 f   sqlite.obj
 0001:0003de00       _sqlite3_blob_close        1003ee00 f   sqlite.obj
 0001:0003dfd0       _sqlite3_blob_read         1003efd0 f   sqlite.obj
 0001:0003dff0       _sqlite3_blob_write        1003eff0 f   sqlite.obj
 0001:0003e010       _sqlite3_blob_bytes        1003f010 f   sqlite.obj
 0001:0003e030       _sqlite3_blob_reopen       1003f030 f   sqlite.obj
 0001:00057ff0       _sqlite3_set_authorizer    10058ff0 f   sqlite.obj
 0001:000655a0       _sqlite3_strglob           100665a0 f   sqlite.obj
 0001:000655e0       _sqlite3_strlike           100665e0 f   sqlite.obj
 0001:000715b0       _sqlite3_exec              100725b0 f   sqlite.obj
 0001:00072820       _sqlite3_load_extension    10073820 f   sqlite.obj
 0001:00072880       _sqlite3_enable_load_extension 10073880 f   sqlite.obj
 0001:000728d0       _sqlite3_auto_extension    100738d0 f   sqlite.obj
 0001:000729a0       _sqlite3_cancel_auto_extension 100739a0 f   sqlite.obj
 0001:00072a20       _sqlite3_reset_auto_extension 10073a20 f   sqlite.obj
 0001:00079630       _sqlite3_prepare           1007a630 f   sqlite.obj
 0001:00079650       _sqlite3_prepare_v2        1007a650 f   sqlite.obj
 0001:00079680       _sqlite3_prepare_v3        1007a680 f   sqlite.obj
 0001:00079830       _sqlite3_prepare16         1007a830 f   sqlite.obj
 0001:00079850       _sqlite3_prepare16_v2      1007a850 f   sqlite.obj
 0001:00079880       _sqlite3_prepare16_v3      1007a880 f   sqlite.obj
 0001:00088800       _sqlite3_get_table         10089800 f   sqlite.obj
 0001:00088ad0       _sqlite3_free_table        10089ad0 f   sqlite.obj
 0001:00091bb0       _sqlite3_create_module     10092bb0 f   sqlite.obj
 0001:00091c10       _sqlite3_create_module_v2  10092c10 f   sqlite.obj
 0001:00091c80       _sqlite3_drop_modules      10092c80 f   sqlite.obj
 0001:00092c60       _sqlite3_declare_vtab      10093c60 f   sqlite.obj
 0001:000937b0       _sqlite3_vtab_on_conflict  100947b0 f   sqlite.obj
 0001:000937d0       _sqlite3_vtab_config       100947d0 f   sqlite.obj
 0001:000a0f30       _sqlite3_vtab_collation    100a1f30 f   sqlite.obj
 0001:000a0f80       _sqlite3_vtab_in           100a1f80 f   sqlite.obj
 0001:000a0fd0       _sqlite3_vtab_rhs_value    100a1fd0 f   sqlite.obj
 0001:000a1080       _sqlite3_vtab_distinct     100a2080 f   sqlite.obj
 0001:000af650       _sqlite3_keyword_name      100b0650 f   sqlite.obj
 0001:000af690       _sqlite3_keyword_count     100b0690 f   sqlite.obj
 0001:000af6a0       _sqlite3_keyword_check     100b06a0 f   sqlite.obj
 0001:000b01c0       _sqlite3_complete          100b11c0 f   sqlite.obj
 0001:000b0630       _sqlite3_complete16        100b1630 f   sqlite.obj
 0001:000b07f0       _sqlite3_libversion        100b17f0 f   sqlite.obj
 0001:000b0800       _sqlite3_libversion_number 100b1800 f   sqlite.obj
 0001:000b0810       _sqlite3_initialize        100b1810 f   sqlite.obj
 0001:000b0c90       _sqlite3_shutdown          100b1c90 f   sqlite.obj
 0001:000b0d50       _sqlite3_config            100b1d50 f   sqlite.obj
 0001:000b1370       _sqlite3_db_mutex          100b2370 f   sqlite.obj
 0001:000b1380       _sqlite3_db_release_memory 100b2380 f   sqlite.obj
 0001:000b1400       _sqlite3_db_cacheflush     100b2400 f   sqlite.obj
 0001:000b1500       _sqlite3_db_config         100b2500 f   sqlite.obj
 0001:000b1780       _sqlite3_last_insert_rowid 100b2780 f   sqlite.obj
 0001:000b1790       _sqlite3_set_last_insert_rowid 100b2790 f   sqlite.obj
 0001:000b17d0       _sqlite3_changes64         100b27d0 f   sqlite.obj
 0001:000b17e0       _sqlite3_changes           100b27e0 f   sqlite.obj
 0001:000b17f0       _sqlite3_total_changes64   100b27f0 f   sqlite.obj
 0001:000b1800       _sqlite3_total_changes     100b2800 f   sqlite.obj
 0001:000b1b80       _sqlite3_txn_state         100b2b80 f   sqlite.obj
 0001:000b1c10       _sqlite3_close             100b2c10 f   sqlite.obj
 0001:000b1c30       _sqlite3_close_v2          100b2c30 f   sqlite.obj
 0001:000b2670       _sqlite3_busy_handler      100b3670 f   sqlite.obj
 0001:000b26d0       _sqlite3_progress_handler  100b36d0 f   sqlite.obj
 0001:000b2740       _sqlite3_busy_timeout      100b3740 f   sqlite.obj
 0001:000b27f0       _sqlite3_interrupt         100b37f0 f   sqlite.obj
 0001:000b2810       _sqlite3_is_interrupted    100b3810 f   sqlite.obj
 0001:000b2b70       _sqlite3_create_function   100b3b70 f   sqlite.obj
 0001:000b2ba0       _sqlite3_create_function_v2 100b3ba0 f   sqlite.obj
 0001:000b2bd0       _sqlite3_create_window_function 100b3bd0 f   sqlite.obj
 0001:000b2c00       _sqlite3_create_function16 100b3c00 f   sqlite.obj
 0001:000b2d40       _sqlite3_overload_function 100b3d40 f   sqlite.obj
 0001:000b2de0       _sqlite3_trace             100b3de0 f   sqlite.obj
 0001:000b2e40       _sqlite3_trace_v2          100b3e40 f   sqlite.obj
 0001:000b2ea0       _sqlite3_profile           100b3ea0 f   sqlite.obj
 0001:000b2f00       _sqlite3_commit_hook       100b3f00 f   sqlite.obj
 0001:000b2f50       _sqlite3_update_hook       100b3f50 f   sqlite.obj
 0001:000b2fa0       _sqlite3_rollback_hook     100b3fa0 f   sqlite.obj
 0001:000b2ff0       _sqlite3_autovacuum_pages  100b3ff0 f   sqlite.obj
 0001:000b3090       _sqlite3_wal_autocheckpoint 100b4090 f   sqlite.obj
 0001:000b3100       _sqlite3_wal_hook          100b4100 f   sqlite.obj
 0001:000b3150       _sqlite3_wal_checkpoint_v2 100b4150 f   sqlite.obj
 0001:000b3270       _sqlite3_wal_checkpoint    100b4270 f   sqlite.obj
 0001:000b3400       _sqlite3_errmsg            100b4400 f   sqlite.obj
 0001:000b34f0       _sqlite3_error_offset      100b44f0 f   sqlite.obj
 0001:000b3560       _sqlite3_errmsg16          100b4560 f   sqlite.obj
 0001:000b3670       _sqlite3_errcode           100b4670 f   sqlite.obj
 0001:000b36e0       _sqlite3_extended_errcode  100b46e0 f   sqlite.obj
 0001:000b3750       _sqlite3_system_errno      100b4750 f   sqlite.obj
 0001:000b3770       _sqlite3_errstr            100b4770 f   sqlite.obj
 0001:000b3970       _sqlite3_limit             100b4970 f   sqlite.obj
 0001:000b4710       _sqlite3_open              100b5710 f   sqlite.obj
 0001:000b4730       _sqlite3_open_v2           100b5730 f   sqlite.obj
 0001:000b4750       _sqlite3_open16            100b5750 f   sqlite.obj
 0001:000b4930       _sqlite3_create_collation  100b5930 f   sqlite.obj
 0001:000b49a0       _sqlite3_create_collation_v2 100b59a0 f   sqlite.obj
 0001:000b4a10       _sqlite3_create_collation16 100b5a10 f   sqlite.obj
 0001:000b4aa0       _sqlite3_collation_needed  100b5aa0 f   sqlite.obj
 0001:000b4af0       _sqlite3_collation_needed16 100b5af0 f   sqlite.obj
 0001:000b4b40       _sqlite3_get_clientdata    100b5b40 f   sqlite.obj
 0001:000b4be0       _sqlite3_set_clientdata    100b5be0 f   sqlite.obj
 0001:000b4d90       _sqlite3_get_autocommit    100b5d90 f   sqlite.obj
 0001:000b4e60       _sqlite3_table_column_metadata 100b5e60 f   sqlite.obj
 0001:000b5220       _sqlite3_sleep             100b6220 f   sqlite.obj
 0001:000b5270       _sqlite3_extended_result_codes 100b6270 f   sqlite.obj
 0001:000b52c0       _sqlite3_file_control      100b62c0 f   sqlite.obj
 0001:000b5450       _sqlite3_test_control      100b6450 f   sqlite.obj
 0001:000b5880       _sqlite3_create_filename   100b6880 f   sqlite.obj
 0001:000b5a80       _sqlite3_free_filename     100b6a80 f   sqlite.obj
 0001:000b5b10       _sqlite3_uri_parameter     100b6b10 f   sqlite.obj
 0001:000b5bf0       _sqlite3_uri_key           100b6bf0 f   sqlite.obj
 0001:000b5ca0       _sqlite3_uri_boolean       100b6ca0 f   sqlite.obj
 0001:000b5ce0       _sqlite3_uri_int64         100b6ce0 f   sqlite.obj
 0001:000b5d20       _sqlite3_filename_database 100b6d20 f   sqlite.obj
 0001:000b5d50       _sqlite3_filename_journal  100b6d50 f   sqlite.obj
 0001:000b5de0       _sqlite3_filename_wal      100b6de0 f   sqlite.obj
 0001:000b5e20       _sqlite3_db_name           100b6e20 f   sqlite.obj
 0001:000b5e40       _sqlite3_db_filename       100b6e40 f   sqlite.obj
 0001:000b5ea0       _sqlite3_db_readonly       100b6ea0 f   sqlite.obj
 0001:000b5ee0       _sqlite3_compileoption_used 100b6ee0 f   sqlite.obj
 0001:000b6000       _sqlite3_compileoption_get 100b7000 f   sqlite.obj
 0001:000bf5d0       _sqlite3_sourceid          100c05d0 f   sqlite.obj
 0001:000bf5e0       _Wrapper_EncodePointer@4   100c05e0 f   vc_crt_fix_impl.obj
 0001:000bf6a0       _Wrapper_DecodePointer@4   100c06a0 f   vc_crt_fix_impl.obj
 0001:000bf6f0       _Wrapper_GetModuleHandleExW@12 100c06f0 f   vc_crt_fix_impl.obj
 0001:000bf810       ??3service_entry@implementation@slist@@SAXPAX@Z 100c0810 f i vc_crt_fix_impl.obj
 0001:000bfc00       _Wrapper_InitializeSListHead@4 100c0c00 f   vc_crt_fix_impl.obj
 0001:000bfc50       _Wrapper_InterlockedFlushSList@4 100c0c50 f   vc_crt_fix_impl.obj
 0001:000bfca0       _Wrapper_InterlockedPopEntrySList@4 100c0ca0 f   vc_crt_fix_impl.obj
 0001:000bfcf0       _Wrapper_InterlockedPushEntrySList@8 100c0cf0 f   vc_crt_fix_impl.obj
 0001:000bfd40       _Wrapper_InterlockedPushListSListEx@16 100c0d40 f   vc_crt_fix_impl.obj
 0001:000bfd90       _Wrapper_RtlFirstEntrySList@4 100c0d90 f   vc_crt_fix_impl.obj
 0001:000bfde0       _Wrapper_QueryDepthSList@4 100c0de0 f   vc_crt_fix_impl.obj
 0001:000bfe30       _Wrapper_GetNumaHighestNodeNumber@4 100c0e30 f   vc_crt_fix_impl.obj
 0001:000bfea0       _Wrapper_GetLogicalProcessorInformation@8 100c0ea0 f   vc_crt_fix_impl.obj
 0001:000bff00       _Wrapper_SetThreadStackGuarantee@4 100c0f00 f   vc_crt_fix_impl.obj
 0001:000bff60       _Wrapper_InitializeCriticalSectionEx@12 100c0f60 f   vc_crt_fix_impl.obj
 0001:000bffe0       _Wrapper_CompareStringEx@36 100c0fe0 f   vc_crt_fix_impl.obj
 0001:000c0060       _Wrapper_LCMapStringEx@36  100c1060 f   vc_crt_fix_impl.obj
 0001:000c00e0       _Wrapper_SleepConditionVariableSRW@16 100c10e0 f   vc_crt_fix_impl.obj
 0001:000c0140       _Wrapper_WakeAllConditionVariable@4 100c1140 f   vc_crt_fix_impl.obj
 0001:000c01a0       _Wrapper_AcquireSRWLockExclusive@4 100c11a0 f   vc_crt_fix_impl.obj
 0001:000c01f0       _Wrapper_ReleaseSRWLockExclusive@4 100c11f0 f   vc_crt_fix_impl.obj
 0001:000c0240       @__security_check_cookie@4 100c1240 f   LIBCMT:secchk.obj
 0001:000c024e       ___raise_securityfailure   100c124e f   LIBCMT:gs_report.obj
 0001:000c0276       ___report_gsfailure        100c1276 f   LIBCMT:gs_report.obj
 0001:000c0370       ___report_rangecheckfailure 100c1370 f   LIBCMT:gs_report.obj
 0001:000c037c       ___report_securityfailure  100c137c f   LIBCMT:gs_report.obj
 0001:000c048f       ___scrt_acquire_startup_lock 100c148f f   LIBCMT:utility.obj
 0001:000c04c1       ___scrt_dllmain_after_initialize_c 100c14c1 f   LIBCMT:utility.obj
 0001:000c04ec       ___scrt_dllmain_before_initialize_c 100c14ec f   LIBCMT:utility.obj
 0001:000c04fa       ___scrt_dllmain_crt_thread_attach 100c14fa f   LIBCMT:utility.obj
 0001:000c0519       ___scrt_dllmain_crt_thread_detach 100c1519 f   LIBCMT:utility.obj
 0001:000c0526       ___scrt_dllmain_exception_filter 100c1526 f   LIBCMT:utility.obj
 0001:000c055a       ___scrt_dllmain_uninitialize_c 100c155a f   LIBCMT:utility.obj
 0001:000c057d       ___scrt_dllmain_uninitialize_critical 100c157d f   LIBCMT:utility.obj
 0001:000c058a       ___scrt_initialize_crt     100c158a f   LIBCMT:utility.obj
 0001:000c05c3       ___scrt_initialize_onexit_tables 100c15c3 f   LIBCMT:utility.obj
 0001:000c064a       ___scrt_is_nonwritable_in_current_image 100c164a f   LIBCMT:utility.obj
 0001:000c06de       ___scrt_release_startup_lock 100c16de f   LIBCMT:utility.obj
 0001:000c06fb       ___scrt_uninitialize_crt   100c16fb f   LIBCMT:utility.obj
 0001:000c0723       __onexit                   100c1723 f   LIBCMT:utility.obj
 0001:000c0750       _atexit                    100c1750 f   LIBCMT:utility.obj
 0001:000c0aa5       __DllMainCRTStartup@12     100c1aa5 f   LIBCMT:dll_dllmain.obj
 0001:000c0ac8       ___isa_available_init      100c1ac8 f   LIBCMT:cpu_disp.obj
 0001:000c0c99       __get_startup_argv_mode    100c1c99 f   LIBCMT:argv_mode.obj
 0001:000c0c9d       ___scrt_is_ucrt_dll_in_use 100c1c9d f   LIBCMT:ucrt_detection.obj
 0001:000c0ca9       ___scrt_fastfail           100c1ca9 f   LIBCMT:utility_desktop.obj
 0001:000c0dc4       __crt_debugger_hook        100c1dc4 f   LIBCMT:utility_desktop.obj
 0001:000c0dd0       __SEH_prolog4              100c1dd0 f   LIBCMT:sehprolg4.obj
 0001:000c0e62       ___security_init_cookie    100c1e62 f   LIBCMT:gs_support.obj
 0001:000c0ead       _DllMain@12                100c1ead f   LIBCMT:dll_dllmain_stub.obj
 0001:000c0eb3       ?__scrt_initialize_type_info@@YAXXZ 100c1eb3 f   LIBCMT:tncleanup.obj
 0001:000c0ebf       ?__scrt_uninitialize_type_info@@YAXXZ 100c1ebf f   LIBCMT:tncleanup.obj
 0001:000c0ecb       ___local_stdio_printf_options 100c1ecb f i LIBCMT:default_local_stdio_options.obj
 0001:000c0ed1       ___local_stdio_scanf_options 100c1ed1 f i LIBCMT:default_local_stdio_options.obj
 0001:000c0ed7       ___scrt_initialize_default_local_stdio_options 100c1ed7 f   LIBCMT:default_local_stdio_options.obj
 0001:000c0ef4       ___scrt_get_dyn_tls_init_callback 100c1ef4 f   LIBCMT:dyn_tls_init.obj
 0001:000c0efa       __RTC_Initialize           100c1efa f   LIBCMT:initsect.obj
 0001:000c0f26       __RTC_Terminate            100c1f26 f   LIBCMT:initsect.obj
 0001:000c0f52       _AreFileApisANSI@0         100c1f52 f   kernel32:KERNEL32.dll
 0001:000c0f58       _ReadFile@20               100c1f58 f   kernel32:KERNEL32.dll
 0001:000c0f5e       _HeapCreate@12             100c1f5e f   kernel32:KERNEL32.dll
 0001:000c0f64       _HeapFree@12               100c1f64 f   kernel32:KERNEL32.dll
 0001:000c0f6a       _GetFullPathNameW@16       100c1f6a f   kernel32:KERNEL32.dll
 0001:000c0f70       _WriteFile@20              100c1f70 f   kernel32:KERNEL32.dll
 0001:000c0f76       _GetDiskFreeSpaceW@20      100c1f76 f   kernel32:KERNEL32.dll
 0001:000c0f7c       _LockFile@20               100c1f7c f   kernel32:KERNEL32.dll
 0001:000c0f82       _SetFilePointer@16         100c1f82 f   kernel32:KERNEL32.dll
 0001:000c0f88       _SetEndOfFile@4            100c1f88 f   kernel32:KERNEL32.dll
 0001:000c0f8e       _UnlockFileEx@20           100c1f8e f   kernel32:KERNEL32.dll
 0001:000c0f94       _GetTempPathW@8            100c1f94 f   kernel32:KERNEL32.dll
 0001:000c0f9a       _CreateMutexW@12           100c1f9a f   kernel32:KERNEL32.dll
 0001:000c0fa0       _WaitForSingleObject@8     100c1fa0 f   kernel32:KERNEL32.dll
 0001:000c0fa6       _CreateFileW@28            100c1fa6 f   kernel32:KERNEL32.dll
 0001:000c0fac       _GetFileAttributesW@4      100c1fac f   kernel32:KERNEL32.dll
 0001:000c0fb2       _UnmapViewOfFile@4         100c1fb2 f   kernel32:KERNEL32.dll
 0001:000c0fb8       _HeapValidate@12           100c1fb8 f   kernel32:KERNEL32.dll
 0001:000c0fbe       _HeapSize@12               100c1fbe f   kernel32:KERNEL32.dll
 0001:000c0fc4       _MultiByteToWideChar@24    100c1fc4 f   kernel32:KERNEL32.dll
 0001:000c0fca       _Sleep@4                   100c1fca f   kernel32:KERNEL32.dll
 0001:000c0fd0       _FormatMessageW@28         100c1fd0 f   kernel32:KERNEL32.dll
 0001:000c0fd6       _GetLastError@0            100c1fd6 f   kernel32:KERNEL32.dll
 0001:000c0fdc       _GetFileAttributesExW@12   100c1fdc f   kernel32:KERNEL32.dll
 0001:000c0fe2       _OutputDebugStringW@4      100c1fe2 f   kernel32:KERNEL32.dll
 0001:000c0fe8       _FlushViewOfFile@8         100c1fe8 f   kernel32:KERNEL32.dll
 0001:000c0fee       _WaitForSingleObjectEx@12  100c1fee f   kernel32:KERNEL32.dll
 0001:000c0ff4       _DeleteFileW@4             100c1ff4 f   kernel32:KERNEL32.dll
 0001:000c0ffa       _HeapReAlloc@16            100c1ffa f   kernel32:KERNEL32.dll
 0001:000c1000       _CloseHandle@4             100c2000 f   kernel32:KERNEL32.dll
 0001:000c1006       _GetSystemInfo@4           100c2006 f   kernel32:KERNEL32.dll
 0001:000c100c       _LoadLibraryW@4            100c200c f   kernel32:KERNEL32.dll
 0001:000c1012       _HeapAlloc@12              100c2012 f   kernel32:KERNEL32.dll
 0001:000c1018       _HeapCompact@8             100c2018 f   kernel32:KERNEL32.dll
 0001:000c101e       _HeapDestroy@4             100c201e f   kernel32:KERNEL32.dll
 0001:000c1024       _UnlockFile@20             100c2024 f   kernel32:KERNEL32.dll
 0001:000c102a       _GetProcAddress@8          100c202a f   kernel32:KERNEL32.dll
 0001:000c1030       _LocalFree@4               100c2030 f   kernel32:KERNEL32.dll
 0001:000c1036       _LockFileEx@24             100c2036 f   kernel32:KERNEL32.dll
 0001:000c103c       _GetFileSize@8             100c203c f   kernel32:KERNEL32.dll
 0001:000c1042       _GetCurrentProcessId@0     100c2042 f   kernel32:KERNEL32.dll
 0001:000c1048       _GetProcessHeap@0          100c2048 f   kernel32:KERNEL32.dll
 0001:000c104e       _SystemTimeToFileTime@8    100c204e f   kernel32:KERNEL32.dll
 0001:000c1054       _FreeLibrary@4             100c2054 f   kernel32:KERNEL32.dll
 0001:000c105a       _WideCharToMultiByte@32    100c205a f   kernel32:KERNEL32.dll
 0001:000c1060       _GetSystemTimeAsFileTime@4 100c2060 f   kernel32:KERNEL32.dll
 0001:000c1066       _GetSystemTime@4           100c2066 f   kernel32:KERNEL32.dll
 0001:000c106c       _CreateFileMappingW@24     100c206c f   kernel32:KERNEL32.dll
 0001:000c1072       _MapViewOfFile@20          100c2072 f   kernel32:KERNEL32.dll
 0001:000c1078       _QueryPerformanceCounter@4 100c2078 f   kernel32:KERNEL32.dll
 0001:000c107e       _GetTickCount@0            100c207e f   kernel32:KERNEL32.dll
 0001:000c1084       _FlushFileBuffers@4        100c2084 f   kernel32:KERNEL32.dll
 0001:000c10d0       __except_handler4          100c20d0 f   libvcruntime:chandler4.obj
 0001:000c1230       _strchr                    100c2230 f   libvcruntime:strchr.obj
 0001:000c129e       ___from_strstr_to_strchr   100c229e     libvcruntime:strchr.obj
 0001:000c1360       _strrchr                   100c2360 f   libvcruntime:strrchr.obj
 0001:000c1497       ?GetRangeOfTrysToCheck@__FrameHandler3@@SA?AU?$pair@Viterator@TryBlockMap@__FrameHandler3@@V123@@std@@AAVTryBlockMap@1@HPAXPBU_s_FuncInfo@@H@Z 100c2497 f   libvcruntime:trnsctrl.obj
 0001:000c1507       ?_CallCatchBlock2@@YAPAXPAUEHRegistrationNode@@PBU_s_FuncInfo@@PAXHK@Z 100c2507 f   libvcruntime:trnsctrl.obj
 0001:000c1564       ?_CallSETranslator@@YAHPAUEHExceptionRecord@@PAUEHRegistrationNode@@PAX2PBU_s_FuncInfo@@H1@Z 100c2564 f   libvcruntime:trnsctrl.obj
 0001:000c165a       ?_JumpToContinuation@@YGXPAXPAUEHRegistrationNode@@@Z 100c265a f   libvcruntime:trnsctrl.obj
 0001:000c168a       ?_UnwindNestedFrames@@YGXPAUEHRegistrationNode@@PAUEHExceptionRecord@@@Z 100c268a f   libvcruntime:trnsctrl.obj
 0001:000c16dd       __CatchGuardHandler        100c26dd f   libvcruntime:trnsctrl.obj
 0001:000c170e       __CreateFrameInfo          100c270e f   libvcruntime:trnsctrl.obj
 0001:000c1732       __FindAndUnlinkFrame       100c2732 f   libvcruntime:trnsctrl.obj
 0001:000c177a       __TranslatorGuardHandler   100c277a f   libvcruntime:trnsctrl.obj
 0001:000c1817       ___CxxFrameHandler3        100c2817 f   libvcruntime:trnsctrl.obj
 0001:000c184d       ___DestructExceptionObject 100c284d f   libvcruntime:ehhelpers.obj
 0001:000c18ee       ?_CallMemberFunction0@@YGXQAX0@Z 100c28ee f i libvcruntime:ehhelpers.obj
 0001:000c1953       __IsExceptionObjectToBeDestroyed 100c2953 f   libvcruntime:ehhelpers.obj
 0001:000c1979       ___AdjustPointer           100c2979 f   libvcruntime:ehhelpers.obj
 0001:000c199e       ___FrameUnwindFilter       100c299e f   libvcruntime:ehhelpers.obj
 0001:000c19f4       ___std_terminate           100c29f4 f   libvcruntime:ehhelpers.obj
 0001:000c19f9       ___vcrt_initialize         100c29f9 f   libvcruntime:initialization.obj
 0001:000c1a18       ___vcrt_thread_attach      100c2a18 f   libvcruntime:initialization.obj
 0001:000c1a23       ___vcrt_thread_detach      100c2a23 f   libvcruntime:initialization.obj
 0001:000c1a2e       ___vcrt_uninitialize       100c2a2e f   libvcruntime:initialization.obj
 0001:000c1a45       ___vcrt_uninitialize_critical 100c2a45 f   libvcruntime:initialization.obj
 0001:000c1a50       _memset                    100c2a50 f   libvcruntime:memset.obj
 0001:000c1baa       ___std_type_info_compare   100c2baa f   libvcruntime:std_type_info.obj
 0001:000c1be6       ___std_type_info_destroy_list 100c2be6 f   libvcruntime:std_type_info.obj
 0001:000c1c10       __local_unwind4            100c2c10 f   libvcruntime:exsup4.obj
 0001:000c1d00       @_EH4_CallFilterFunc@8     100c2d00 f   libvcruntime:exsup4.obj
 0001:000c1d20       @_EH4_TransferToHandler@8  100c2d20 f   libvcruntime:exsup4.obj
 0001:000c1d40       @_EH4_GlobalUnwind2@8      100c2d40 f   libvcruntime:exsup4.obj
 0001:000c1d60       @_EH4_LocalUnwind@16       100c2d60 f   libvcruntime:exsup4.obj
 0001:000c1d77       ___except_validate_context_record 100c2d77 f   libvcruntime:jbcxrval.obj
 0001:000c1da7       ___vcrt_freefls@4          100c2da7 f   libvcruntime:per_thread_data.obj
 0001:000c1dc3       ___vcrt_freeptd            100c2dc3 f   libvcruntime:per_thread_data.obj
 0001:000c1df9       ___vcrt_getptd             100c2df9 f   libvcruntime:per_thread_data.obj
 0001:000c1e07       ___vcrt_getptd_noexit      100c2e07 f   libvcruntime:per_thread_data.obj
 0001:000c1e99       ___vcrt_initialize_ptd     100c2e99 f   libvcruntime:per_thread_data.obj
 0001:000c1ecc       ___vcrt_uninitialize_ptd   100c2ecc f   libvcruntime:per_thread_data.obj
 0001:000c261e       ??$TypeMatchHelper@V__FrameHandler3@@@@YAHPBU_s_HandlerType@@PBU_s_CatchableType@@PBU_s_ThrowInfo@@@Z 100c361e f i libvcruntime:frame.obj
 0001:000c26ac       ??$__InternalCxxFrameHandler@V__FrameHandler3@@@@YA?AW4_EXCEPTION_DISPOSITION@@PAUEHExceptionRecord@@PAUEHRegistrationNode@@PAU_CONTEXT@@PAXPBU_s_FuncInfo@@H1E@Z 100c36ac f i libvcruntime:frame.obj
 0001:000c27ae       ??0bad_exception@std@@QAE@ABV01@@Z 100c37ae f i libvcruntime:frame.obj
 0001:000c27c9       ??0bad_exception@std@@QAE@XZ 100c37c9 f i libvcruntime:frame.obj
 0001:000c27e1       ??0exception@std@@QAE@ABV01@@Z 100c37e1 f i libvcruntime:frame.obj
 0001:000c280d       ??1bad_exception@std@@UAE@XZ 100c380d f i libvcruntime:frame.obj
 0001:000c281e       ??8type_info@@QBE_NABV0@@Z 100c381e f i libvcruntime:frame.obj
 0001:000c283d       ??_Eexception@std@@UAEPAXI@Z 100c383d f i libvcruntime:frame.obj
 0001:000c283d       ??_Gexception@std@@UAEPAXI@Z 100c383d f i libvcruntime:frame.obj
 0001:000c283d       ??_Ebad_exception@std@@UAEPAXI@Z 100c383d f i libvcruntime:frame.obj
 0001:000c283d       ??_Gbad_exception@std@@UAEPAXI@Z 100c383d f i libvcruntime:frame.obj
 0001:000c2ab7       ?FrameUnwindToEmptyState@__FrameHandler3@@SAXPAUEHRegistrationNode@@PAXPBU_s_FuncInfo@@@Z 100c3ab7 f   libvcruntime:frame.obj
 0001:000c2acf       ?FrameUnwindToState@__FrameHandler3@@SAXPAUEHRegistrationNode@@PAXPBU_s_FuncInfo@@H@Z 100c3acf f   libvcruntime:frame.obj
 0001:000c2c51       ?_CallMemberFunction1@@YGXQAX00@Z 100c3c51 f i libvcruntime:frame.obj
 0001:000c2c61       ?_CallMemberFunction2@@YGXQAX00H@Z 100c3c61 f i libvcruntime:frame.obj
 0001:000c2c74       ?getESTypes@__FrameHandler3@@SAPBU_s_ESTypeList@@PBU_s_FuncInfo@@@Z 100c3c74 f i libvcruntime:frame.obj
 0001:000c2c7f       ?what@exception@std@@UBEPBDXZ 100c3c7f f i libvcruntime:frame.obj
 0001:000c2c90       __CallSettingFrame@12      100c3c90 f   libvcruntime:lowhelpr.obj
 0001:000c2cb7       __NLG_Return               100c3cb7     libvcruntime:lowhelpr.obj
 0001:000c2cdc       ___vcrt_initialize_locks   100c3cdc f   libvcruntime:locks.obj
 0001:000c2d18       ___vcrt_uninitialize_locks 100c3d18 f   libvcruntime:locks.obj
 0001:000c2d50       __NLG_Notify1              100c3d50 f   libvcruntime:exsup.obj
 0001:000c2d60       __NLG_Notify               100c3d60 f   libvcruntime:exsup.obj
 0001:000c2d77       __NLG_Dispatch             100c3d77     libvcruntime:exsup.obj
 0001:000c2d77       __NLG_Dispatch2            100c3d77     libvcruntime:exsup.obj
 0001:000c2d80       __NLG_Call                 100c3d80 f   libvcruntime:exsup.obj
 0001:000c2d82       __NLG_Return2              100c3d82     libvcruntime:exsup.obj
 0001:000c2e66       ___vcrt_FlsAlloc           100c3e66 f   libvcruntime:winapi_downlevel.obj
 0001:000c2ea1       ___vcrt_FlsFree            100c3ea1 f   libvcruntime:winapi_downlevel.obj
 0001:000c2edc       ___vcrt_FlsGetValue        100c3edc f   libvcruntime:winapi_downlevel.obj
 0001:000c2f17       ___vcrt_FlsSetValue        100c3f17 f   libvcruntime:winapi_downlevel.obj
 0001:000c2f55       ___vcrt_InitializeCriticalSectionEx 100c3f55 f   libvcruntime:winapi_downlevel.obj
 0001:000c2f9c       _unexpected                100c3f9c f   libvcruntime:unexpected.obj
 0001:000c2fb9       ?GetCurrentState@__FrameHandler3@@SAHPAUEHRegistrationNode@@PAXPBU_s_FuncInfo@@@Z 100c3fb9 f   libvcruntime:ehstate.obj
 0001:000c2fd6       ?SetState@__FrameHandler3@@SAXPAUEHRegistrationNode@@PBU_s_FuncInfo@@H@Z 100c3fd6 f   libvcruntime:ehstate.obj
 0001:000c2fe4       ___std_exception_copy      100c3fe4 f   libvcruntime:std_exception.obj
 0001:000c3047       ___std_exception_destroy   100c4047 f   libvcruntime:std_exception.obj
 0001:000c3066       __CxxThrowException@8      100c4066 f   libvcruntime:throw.obj
 0001:000c30e0       _memmove                   100c40e0 f   libvcruntime:memmove.obj
 0001:000c30e0       _memcpy                    100c40e0 f   libvcruntime:memcpy.obj
 0001:000c37bc       __beginthreadex            100c47bc f   libucrt:thread.obj
 0001:000c383f       __endthreadex              100c483f f   libucrt:thread.obj
 0001:000c3adc       __localtime64_s            100c4adc f   libucrt:localtime.obj
 0001:000c3ae7       _realloc                   100c4ae7 f   libucrt:realloc.obj
 0001:000c3b00       _strcspn                   100c4b00 f   libucrt:strcspn.obj
 0001:000c3b46       __msize                    100c4b46 f   libucrt:msize.obj
 0001:000c3b51       __msize_base               100c4b51 f   libucrt:msize.obj
 0001:000c3b90       _strncmp                   100c4b90 f   libucrt:strncmp.obj
 0001:000c3c08       _free                      100c4c08 f   libucrt:free.obj
 0001:000c3c30       _strspn                    100c4c30 f   libucrt:strspn.obj
 0001:000c3c76       _malloc                    100c4c76 f   libucrt:malloc.obj
 0001:000c3c81       __seh_filter_dll           100c4c81 f   libucrt:exception_filter.obj
 0001:000c3ca1       __seh_filter_exe           100c4ca1 f   libucrt:exception_filter.obj
 0001:000c406f       ___acrt_initialize_thread_local_exit_callback 100c506f f   libucrt:exit.obj
 0001:000c407e       __cexit                    100c507e f   libucrt:exit.obj
 0001:000c408d       __exit                     100c508d f   libucrt:exit.obj
 0001:000c40a3       __is_c_termination_complete 100c50a3 f   libucrt:exit.obj
 0001:000c4357       ___acrt_allocate_buffer_for_argv 100c5357 f   libucrt:argv_parsing.obj
 0001:000c43a6       __configure_narrow_argv    100c53a6 f   libucrt:argv_parsing.obj
 0001:000c45b2       ??$uninitialize@A6AXAAPAPA_W@Z@?$dual_state_global@PAPA_W@__crt_state_management@@QAEXA6AXAAPAPA_W@Z@Z 100c55b2 f i libucrt:environment_initialization.obj
 0001:000c45b2       ??$uninitialize@A6AXAAPAPAD@Z@?$dual_state_global@PAPAD@__crt_state_management@@QAEXA6AXAAPAPAD@Z@Z 100c55b2 f i libucrt:environment_initialization.obj
 0001:000c4611       ___dcrt_get_or_create_narrow_environment_nolock 100c5611 f   libucrt:environment_initialization.obj
 0001:000c4616       ___dcrt_uninitialize_environments_nolock 100c5616 f   libucrt:environment_initialization.obj
 0001:000c464d       __initialize_narrow_environment 100c564d f   libucrt:environment_initialization.obj
 0001:000c4708       ??$__crt_fast_encode_pointer@P6AHXZ@@YAP6AHXZQ6AHXZ@Z 100c5708 f i libucrt:onexit.obj
 0001:000c4708       ??$__crt_fast_encode_pointer@PAP6AXXZ@@YAPAP6AXXZQAP6AXXZ@Z 100c5708 f i libucrt:onexit.obj
 0001:000c4708       ??$__crt_fast_encode_pointer@PAX@@YAPAXQAX@Z 100c5708 f i libucrt:initialization.obj
 0001:000c492a       __crt_atexit               100c592a f   libucrt:onexit.obj
 0001:000c4940       __execute_onexit_table     100c5940 f   libucrt:onexit.obj
 0001:000c496d       __initialize_onexit_table  100c596d f   libucrt:onexit.obj
 0001:000c4996       __register_onexit_function 100c5996 f   libucrt:onexit.obj
 0001:000c49c9       ___acrt_uninitialize_command_line 100c59c9 f   libucrt:argv_data.obj
 0001:000c4ac7       ___acrt_initialize         100c5ac7 f   libucrt:initialization.obj
 0001:000c4ad9       ___acrt_thread_attach      100c5ad9 f   libucrt:initialization.obj
 0001:000c4ae4       ___acrt_thread_detach      100c5ae4 f   libucrt:initialization.obj
 0001:000c4aec       ___acrt_uninitialize       100c5aec f   libucrt:initialization.obj
 0001:000c4b1c       ___acrt_uninitialize_critical 100c5b1c f   libucrt:initialization.obj
 0001:000c4b2e       __initterm                 100c5b2e f   libucrt:initterm.obj
 0001:000c4b73       __initterm_e               100c5b73 f   libucrt:initterm.obj
 0001:000c4ba1       _terminate                 100c5ba1 f   libucrt:terminate.obj
 0001:000c4bdd       _abort                     100c5bdd f   libucrt:abort.obj
 0001:000c4c21       _strcpy_s                  100c5c21 f   libucrt:strcpy_s.obj
 0001:000c4c7b       _calloc                    100c5c7b f   libucrt:calloc.obj
 0001:000c4c86       ??0_LocaleUpdate@@QAE@QAU__crt_locale_pointers@@@Z 100c5c86 f i libucrt:output.obj
 0001:000c4d09       ___acrt_locale_get_ctype_array_value 100c5d09 f i libucrt:output.obj
 0001:000c4d2b       ??$is_overflow_condition@K@__crt_strtox@@YA_NIK@Z 100c5d2b f i libucrt:atox.obj
 0001:000c4d5c       ??$parse_integer@KV?$c_string_character_source@D@__crt_strtox@@@__crt_strtox@@YAKQAU__crt_locale_pointers@@V?$c_string_character_source@D@0@H_N@Z 100c5d5c f i libucrt:atox.obj
 0001:000c4f81       ?unget@?$c_string_character_source@D@__crt_strtox@@QAEXD@Z 100c5f81 f i libucrt:atox.obj
 0001:000c4faa       ?validate@?$c_string_character_source@D@__crt_strtox@@QBE_NXZ 100c5faa f i libucrt:atox.obj
 0001:000c4fc5       __ischartype_l             100c5fc5 f i libucrt:atox.obj
 0001:000c5019       _atol                      100c6019 f   libucrt:atox.obj
 0001:000c503c       _wcsncmp                   100c603c f   libucrt:wcsncmp.obj
 0001:000c5076       ___acrt_call_reportfault   100c6076 f   libucrt:invalid_parameter.obj
 0001:000c51af       ___acrt_initialize_invalid_parameter_handler 100c61af f   libucrt:invalid_parameter.obj
 0001:000c51be       __invalid_parameter        100c61be f   libucrt:invalid_parameter.obj
 0001:000c5222       __invalid_parameter_noinfo 100c6222 f   libucrt:invalid_parameter.obj
 0001:000c5232       __invoke_watson            100c6232 f   libucrt:invalid_parameter.obj
 0001:000c5266       ___acrt_errno_from_os_error 100c6266 f   libucrt:errno.obj
 0001:000c52a9       ___acrt_errno_map_os_error 100c62a9 f   libucrt:errno.obj
 0001:000c52cc       ___doserrno                100c62cc f   libucrt:errno.obj
 0001:000c52df       __errno                    100c62df f   libucrt:errno.obj
 0001:000c52f2       __calloc_base              100c62f2 f   libucrt:calloc_base.obj
 0001:000c534f       __free_base                100c634f f   libucrt:free_base.obj
 0001:000c56c7       ___acrt_freeptd            100c66c7 f   libucrt:per_thread_data.obj
 0001:000c56f3       ___acrt_getptd             100c66f3 f   libucrt:per_thread_data.obj
 0001:000c57b0       ___acrt_getptd_head        100c67b0 f   libucrt:per_thread_data.obj
 0001:000c584a       ___acrt_getptd_noexit      100c684a f   libucrt:per_thread_data.obj
 0001:000c58ff       ___acrt_initialize_ptd     100c68ff f   libucrt:per_thread_data.obj
 0001:000c592b       ___acrt_uninitialize_ptd   100c692b f   libucrt:per_thread_data.obj
 0001:000c5af7       ___acrt_AppPolicyGetProcessTerminationMethodInternal@4 100c6af7 f   libucrt:winapi_thunks.obj
 0001:000c5b37       ___acrt_AppPolicyGetThreadInitializationTypeInternal@4 100c6b37 f   libucrt:winapi_thunks.obj
 0001:000c5b77       ___acrt_AreFileApisANSI@0  100c6b77 f   libucrt:winapi_thunks.obj
 0001:000c5b96       ___acrt_CompareStringEx@36 100c6b96 f   libucrt:winapi_thunks.obj
 0001:000c5bf3       ___acrt_FlsAlloc@4         100c6bf3 f   libucrt:winapi_thunks.obj
 0001:000c5c32       ___acrt_FlsFree@4          100c6c32 f   libucrt:winapi_thunks.obj
 0001:000c5c71       ___acrt_FlsGetValue@4      100c6c71 f   libucrt:winapi_thunks.obj
 0001:000c5cb0       ___acrt_FlsSetValue@8      100c6cb0 f   libucrt:winapi_thunks.obj
 0001:000c5cf2       ___acrt_InitializeCriticalSectionEx@12 100c6cf2 f   libucrt:winapi_thunks.obj
 0001:000c5d3d       ___acrt_LCMapStringEx@36   100c6d3d f   libucrt:winapi_thunks.obj
 0001:000c5d9a       ___acrt_LocaleNameToLCID@8 100c6d9a f   libucrt:winapi_thunks.obj
 0001:000c5dcb       ___acrt_RoInitialize@4     100c6dcb f   libucrt:winapi_thunks.obj
 0001:000c5e06       ___acrt_RoUninitialize@0   100c6e06 f   libucrt:winapi_thunks.obj
 0001:000c5e34       ___acrt_initialize_winapi_thunks 100c6e34 f   libucrt:winapi_thunks.obj
 0001:000c5e5f       ___acrt_uninitialize_winapi_thunks 100c6e5f f   libucrt:winapi_thunks.obj
 0001:000c5e95       ___acrt_get_begin_thread_init_policy 100c6e95 f   libucrt:win_policies.obj
 0001:000c5ed9       ___acrt_get_process_end_policy 100c6ed9 f   libucrt:win_policies.obj
 0001:000c5f0a       ___acrt_initialize_timeset 100c6f0a f   libucrt:timeset.obj
 0001:000c5f35       ___daylight                100c6f35 f   libucrt:timeset.obj
 0001:000c5f3b       ___dstbias                 100c6f3b f   libucrt:timeset.obj
 0001:000c5f41       ___timezone                100c6f41 f   libucrt:timeset.obj
 0001:000c5f47       ___tzname                  100c6f47 f   libucrt:timeset.obj
 0001:000c5f4d       __get_daylight             100c6f4d f   libucrt:timeset.obj
 0001:000c5f79       __get_dstbias              100c6f79 f   libucrt:timeset.obj
 0001:000c5fa5       __get_timezone             100c6fa5 f   libucrt:timeset.obj
 0001:000c5fd1       ??$__crt_time_elapsed_leap_years@H@@YAHH@Z 100c6fd1 f i libucrt:gmtime.obj
 0001:000c600b       ??$__crt_time_is_leap_year@H@@YA_NH@Z 100c700b f i libucrt:gmtime.obj
 0001:000c6250       __gmtime64_s               100c7250 f   libucrt:gmtime.obj
 0001:000c69c9       ___tzset                   100c79c9 f   libucrt:tzset.obj
 0001:000c6a26       __isindst                  100c7a26 f   libucrt:tzset.obj
 0001:000c6a7a       __realloc_base             100c7a7a f   libucrt:realloc_base.obj
 0001:000c6ae3       ___acrt_initialize_heap    100c7ae3 f   libucrt:heap_handle.obj
 0001:000c6af4       ___acrt_uninitialize_heap  100c7af4 f   libucrt:heap_handle.obj
 0001:000c6afe       __malloc_base              100c7afe f   libucrt:malloc_base.obj
 0001:000c6b4c       ___acrt_initialize_locks   100c7b4c f   libucrt:locks.obj
 0001:000c6b8d       ___acrt_lock               100c7b8d f   libucrt:locks.obj
 0001:000c6ba4       ___acrt_uninitialize_locks 100c7ba4 f   libucrt:locks.obj
 0001:000c6bd5       ___acrt_unlock             100c7bd5 f   libucrt:locks.obj
 0001:000c6d85       ??$__acrt_mbs_to_wcs_cp@U__crt_win32_buffer_internal_dynamic_resizing@@@@YAHQBDAAV?$__crt_win32_buffer@_WU__crt_win32_buffer_internal_dynamic_resizing@@@@I@Z 100c7d85 f i libucrt:argv_wildcards.obj
 0001:000c7299       ?__acrt_get_utf8_acp_compatibility_codepage@@YAIXZ 100c8299 f i libucrt:argv_wildcards.obj
 0001:000c72d8       ?_deallocate@?$__crt_win32_buffer@DU__crt_win32_buffer_internal_dynamic_resizing@@@@AAEXXZ 100c82d8 f i libucrt:argv_wildcards.obj
 0001:000c72d8       ?_deallocate@?$__crt_win32_buffer@_WU__crt_win32_buffer_internal_dynamic_resizing@@@@AAEXXZ 100c82d8 f i libucrt:argv_wildcards.obj
 0001:000c72f2       ?allocate@?$__crt_win32_buffer@DU__crt_win32_buffer_internal_dynamic_resizing@@@@QAEHI@Z 100c82f2 f i libucrt:argv_wildcards.obj
 0001:000c732e       ?allocate@?$__crt_win32_buffer@_WU__crt_win32_buffer_internal_dynamic_resizing@@@@QAEHI@Z 100c832e f i libucrt:argv_wildcards.obj
 0001:000c736d       ?allocate@__crt_win32_buffer_internal_dynamic_resizing@@SAHQAPAXIABV__crt_win32_buffer_empty_debug_info@@@Z 100c836d f i libucrt:argv_wildcards.obj
 0001:000c7413       ___acrt_expand_narrow_argv_wildcards 100c8413 f   libucrt:argv_wildcards.obj
 0001:000c74e5       ?allocate@?$__crt_win32_buffer@DU__crt_win32_buffer_no_resizing@@@@QAEHI@Z 100c84e5 f i libucrt:getmodulefilenamea.obj
 0001:000c750c       ?set_to_nullptr@?$__crt_win32_buffer@DU__crt_win32_buffer_no_resizing@@@@QAEXXZ 100c850c f i libucrt:getmodulefilenamea.obj
 0001:000c7520       ___acrt_GetModuleFileNameA 100c8520 f   libucrt:getmodulefilenamea.obj
 0001:000c7adf       ___acrt_initialize_multibyte 100c8adf f   libucrt:mbctype.obj
 0001:000c7b27       ___acrt_update_thread_multibyte_data 100c8b27 f   libucrt:mbctype.obj
 0001:000c7b3a       __setmbcp_nolock           100c8b3a f   libucrt:mbctype.obj
 0001:000c7e05       __ismbblead                100c8e05 f   libucrt:ismbbyte.obj
 0001:000c7e1d       ___acrt_initialize_command_line 100c8e1d f   libucrt:argv_data.obj
 0001:000c7e36       ___acrt_MultiByteToWideChar 100c8e36 f   libucrt:multibytetowidechar.obj
 0001:000c7eb2       ___acrt_WideCharToMultiByte 100c8eb2 f   libucrt:widechartomultibyte.obj
 0001:000c7f96       ___dcrt_get_narrow_environment_from_os 100c8f96 f   libucrt:get_environment_from_os.obj
 0001:000c8377       ___dcrt_set_variable_in_narrow_environment_nolock 100c9377 f   libucrt:setenv.obj
 0001:000c8382       __recalloc_base            100c9382 f   libucrt:recalloc.obj
 0001:000c8559       ___acrt_initialize_lowio   100c9559 f   libucrt:ioinit.obj
 0001:000c85b9       ___acrt_uninitialize_lowio 100c95b9 f   libucrt:ioinit.obj
 0001:000c85e5       ___acrt_execute_initializers 100c95e5 f   libucrt:shared_initialization.obj
 0001:000c864d       ___acrt_execute_uninitializers 100c964d f   libucrt:shared_initialization.obj
 0001:000c867e       ___acrt_initialize_new_handler 100c967e f   libucrt:new_handler.obj
 0001:000c868d       __callnewh                 100c968d f   libucrt:new_handler.obj
 0001:000c86ba       __query_new_handler        100c96ba f   libucrt:new_handler.obj
 0001:000c87e4       ___acrt_get_sigabrt_handler 100c97e4 f   libucrt:signal.obj
 0001:000c880b       ___acrt_initialize_signal_handlers 100c980b f   libucrt:signal.obj
 0001:000c8829       ___fpecode                 100c9829 f   libucrt:signal.obj
 0001:000c8832       _raise                     100c9832 f   libucrt:signal.obj
 0001:000c8a2d       ___acrt_has_user_matherr   100c9a2d f   libucrt:matherr.obj
 0001:000c8a45       ___acrt_initialize_user_matherr 100c9a45 f   libucrt:matherr.obj
 0001:000c8a54       ___acrt_invoke_user_matherr 100c9a54 f   libucrt:matherr.obj
 0001:000c8c63       ___acrt_stdio_flush_nolock 100c9c63 f   libucrt:fflush.obj
 0001:000c8cc8       __fflush_nolock            100c9cc8 f   libucrt:fflush.obj
 0001:000c8d10       __flushall                 100c9d10 f   libucrt:fflush.obj
 0001:000c8d19       ___acrt_initialize_stdio   100c9d19 f   libucrt:_file.obj
 0001:000c8de1       ___acrt_uninitialize_stdio 100c9de1 f   libucrt:_file.obj
 0001:000c8e2d       __lock_file                100c9e2d f   libucrt:_file.obj
 0001:000c8e41       __unlock_file              100c9e41 f   libucrt:_file.obj
 0001:000c8e55       __mbtowc_l                 100c9e55 f   libucrt:mbtowc.obj
 0001:000c8f97       _mbtowc                    100c9f97 f   libucrt:mbtowc.obj
 0001:000c8fb1       ___acrt_update_locale_info 100c9fb1 f   libucrt:locale_update.obj
 0001:000c8fde       ___acrt_update_multibyte_info 100c9fde f   libucrt:locale_update.obj
 0001:000c900b       __fileno                   100ca00b f   libucrt:fileno.obj
 0001:000c90a0       ___acrt_set_locale_changed 100ca0a0 f   libucrt:wsetlocale.obj
 0001:000c90ab       ___acrt_uninitialize_locale 100ca0ab f   libucrt:wsetlocale.obj
 0001:000c90d2       ___pctype_func             100ca0d2 f   libucrt:ctype.obj
 0001:000c90f6       __isctype_l                100ca0f6 f   libucrt:isctype.obj
 0001:000c91c1       __query_new_mode           100ca1c1 f   libucrt:new_mode.obj
 0001:000c91c8       ___acrt_add_locale_ref     100ca1c8 f   libucrt:locale_refcounting.obj
 0001:000c9245       ___acrt_free_locale        100ca245 f   libucrt:locale_refcounting.obj
 0001:000c938d       ___acrt_locale_add_lc_time_reference 100ca38d f   libucrt:locale_refcounting.obj
 0001:000c93b6       ___acrt_locale_free_lc_time_if_unreferenced 100ca3b6 f   libucrt:locale_refcounting.obj
 0001:000c93e7       ___acrt_locale_release_lc_time_reference 100ca3e7 f   libucrt:locale_refcounting.obj
 0001:000c9410       ___acrt_release_locale_ref 100ca410 f   libucrt:locale_refcounting.obj
 0001:000c9491       ___acrt_update_thread_locale_data 100ca491 f   libucrt:locale_refcounting.obj
 0001:000c9512       __updatetlocinfoEx_nolock  100ca512 f   libucrt:locale_refcounting.obj
 0001:000c95b2       ___acrt_DownlevelLocaleNameToLCID 100ca5b2 f   libucrt:lcidtoname_downlevel.obj
 0001:000c9750       _getenv_s                  100ca750 f   libucrt:getenv.obj
 0001:000c980e       _strncpy_s                 100ca80e f   libucrt:strncpy_s.obj
 0001:000c9819       ____lc_codepage_func       100ca819 f   libucrt:initctype.obj
 0001:000c9880       _qsort                     100ca880 f   libucrt:qsort.obj
 0001:000c9cd0       _strpbrk                   100cacd0 f   libucrt:strpbrk.obj
 0001:000c9d10       __mbsdec                   100cad10 f   libucrt:mbsdec.obj
 0001:000c9d27       __mbsdec_l                 100cad27 f   libucrt:mbsdec.obj
 0001:000c9db4       ___acrt_GetStringTypeA     100cadb4 f   libucrt:getstringtypea.obj
 0001:000c9eb7       __freea_crt                100caeb7 f i libucrt:getstringtypea.obj
 0001:000ca0c1       ___acrt_LCMapStringA       100cb0c1 f   libucrt:lcmapstringa.obj
 0001:000ca119       __strnicoll                100cb119 f   libucrt:strnicol.obj
 0001:000ca142       __strnicoll_l              100cb142 f   libucrt:strnicol.obj
 0001:000ca20a       ___acrt_SetEnvironmentVariableA 100cb20a f   libucrt:setenvironmentvariablea.obj
 0001:000ca29f       ___acrt_lowio_create_handle_array 100cb29f f   libucrt:osfinfo.obj
 0001:000ca31a       ___acrt_lowio_destroy_handle_array 100cb31a f   libucrt:osfinfo.obj
 0001:000ca34f       ___acrt_lowio_ensure_fh_exists 100cb34f f   libucrt:osfinfo.obj
 0001:000ca3ed       ___acrt_lowio_lock_fh      100cb3ed f   libucrt:osfinfo.obj
 0001:000ca410       ___acrt_lowio_unlock_fh    100cb410 f   libucrt:osfinfo.obj
 0001:000ca433       __free_osfhnd              100cb433 f   libucrt:osfinfo.obj
 0001:000ca4c4       __get_osfhandle            100cb4c4 f   libucrt:osfinfo.obj
 0001:000ca5d0       __commit                   100cb5d0 f   libucrt:commit.obj
 0001:000cadc6       __write                    100cbdc6 f   libucrt:write.obj
 0001:000caeb8       __write_nolock             100cbeb8 f   libucrt:write.obj
 0001:000cb09a       __fcloseall                100cc09a f   libucrt:closeall.obj
 0001:000cb145       ___acrt_stdio_free_buffer_nolock 100cc145 f   libucrt:_freebuf.obj
 0001:000cb185       __isatty                   100cc185 f   libucrt:isatty.obj
 0001:000cb1db       __isleadbyte_l             100cc1db f i libucrt:_wctype.obj
 0001:000cb241       ?__mbrtowc_utf8@__crt_mbstring@@YAIPA_WPBDIPAU_Mbstatet@@@Z 100cc241 f   libucrt:mbrtowc.obj
 0001:000cb281       ?__mbsrtowcs_utf8@__crt_mbstring@@YAIPA_WPAPBDIPAU_Mbstatet@@@Z 100cc281 f   libucrt:mbrtowc.obj
 0001:000cb37c       ?return_illegal_sequence@__crt_mbstring@@YAIPAU_Mbstatet@@@Z 100cc37c f i libucrt:c32rtomb.obj
 0001:000cb39b       ___acrt_locale_free_monetary 100cc39b f   libucrt:initmon.obj
 0001:000cb499       ___acrt_locale_free_numeric 100cc499 f   libucrt:initnum.obj
 0001:000cb53a       ___acrt_locale_free_time   100cc53a f   libucrt:inittime.obj
 0001:000cb61e       ___ascii_wcsnicmp          100cc61e f   libucrt:wcsnicmp.obj
 0001:000cb66d       ___strncnt                 100cc66d f   libucrt:strncnt.obj
 0001:000cb689       __strnicmp                 100cc689 f   libucrt:strnicmp.obj
 0001:000cb6f6       __strnicmp_l               100cc6f6 f   libucrt:strnicmp.obj
 0001:000cba4a       ___acrt_CompareStringA     100cca4a f   libucrt:comparestringa.obj
 0001:000cba90       __query_app_type           100cca90 f   libucrt:report_runtime_error.obj
 0001:000cbb12       __lseeki64_nolock          100ccb12 f   libucrt:lseek.obj
 0001:000cbb2d       __putwch_nolock            100ccb2d f   libucrt:putwch.obj
 0001:000cbb5f       __fclose_nolock            100ccb5f f   libucrt:fclose.obj
 0001:000cbbd6       _fclose                    100ccbd6 f   libucrt:fclose.obj
 0001:000cbc5a       ?__mbrtoc32_utf8@__crt_mbstring@@YAIPA_UPBDIPAU_Mbstatet@@@Z 100ccc5a f   libucrt:mbrtoc32.obj
 0001:000cbe10       __CIlog10                  100cce10 f   libucrt:log10_impl.obj
 0001:000cbe4b       __CIlog10_default          100cce4b f   libucrt:log10_impl.obj
 0001:000cbe5f       __log10_default            100cce5f     libucrt:log10_impl.obj
 0001:000cbf20       _ceil                      100ccf20 f   libucrt:ceil_pentium4.obj
 0001:000cbf60       __ceil_pentium4            100ccf60 f   libucrt:ceil_pentium4.obj
 0001:000cc040       ___ascii_strnicmp          100cd040 f   libucrt:_strnicm.obj
 0001:000cc0c0       ___dcrt_lowio_ensure_console_output_initialized 100cd0c0 f   libucrt:initcon.obj
 0001:000cc0df       ___dcrt_terminate_console_output 100cd0df f   libucrt:initcon.obj
 0001:000cc0f6       ___dcrt_write_console      100cd0f6 f   libucrt:initcon.obj
 0001:000cc1d7       __close                    100cd1d7 f   libucrt:close.obj
 0001:000cc264       __close_nolock             100cd264 f   libucrt:close.obj
 0001:000cc300       ?__acrt_stdio_free_stream@@YAXV__crt_stdio_stream@@@Z 100cd300 f   libucrt:stream.obj
 0001:000cc33b       ___acrt_initialize_sse2    100cd33b f   libucrt:mathfcns.obj
 0001:000cc350       __CIlog10_pentium4         100cd350 f   libucrt:log10_pentium4.obj
 0001:000cc368       __log10_pentium4           100cd368     libucrt:log10_pentium4.obj
 0001:000cc600       __fFEXP                    100cd600 f   libucrt:87tran.obj
 0001:000cc657       __rtinfpopse               100cd657     libucrt:87tran.obj
 0001:000cc659       __rtinfnpopse              100cd659     libucrt:87tran.obj
 0001:000cc669       __fFLN                     100cd669     libucrt:87tran.obj
 0001:000cc71e       __rtinfpop                 100cd71e     libucrt:87tran.obj
 0001:000cc720       __rtinfnpop                100cd720     libucrt:87tran.obj
 0001:000cc730       __rtforexpinf              100cd730 f   libucrt:87tran.obj
 0001:000cc73d       __ffexpm1                  100cd73d     libucrt:87tran.obj
 0001:000cc7f0       __trandisp1                100cd7f0 f   libucrt:87disp.obj
 0001:000cc865       __trandisp2                100cd865 f   libucrt:87disp.obj
 0001:000cc8ff       __rttospopde               100cd8ff     libucrt:87disp.obj
 0001:000cc904       __rttospop                 100cd904     libucrt:87disp.obj
 0001:000cc910       __rtnospop                 100cd910 f   libucrt:87disp.obj
 0001:000cc920       __rttosnpop                100cd920 f   libucrt:87disp.obj
 0001:000cc921       __rtnospopde               100cd921     libucrt:87disp.obj
 0001:000cc928       __rtzeropop                100cd928     libucrt:87disp.obj
 0001:000cc92a       __rtzeronpop               100cd92a     libucrt:87disp.obj
 0001:000cc930       __rtzerospop               100cd930 f   libucrt:87disp.obj
 0001:000cc93d       __rtonepop                 100cd93d     libucrt:87disp.obj
 0001:000cc940       __rtonenpop                100cd940 f   libucrt:87disp.obj
 0001:000cc950       __tosnan1                  100cd950 f   libucrt:87disp.obj
 0001:000cc980       __nosnan2                  100cd980 f   libucrt:87disp.obj
 0001:000cc990       __tosnan2                  100cd990 f   libucrt:87disp.obj
 0001:000cc9c0       __nan2                     100cd9c0 f   libucrt:87disp.obj
 0001:000cca00       __rtindfpop                100cda00 f   libucrt:87disp.obj
 0001:000cca02       __rtindfnpop               100cda02     libucrt:87disp.obj
 0001:000cca13       __rttosnpopde              100cda13     libucrt:87disp.obj
 0001:000cca20       __rtatan2inf               100cda20 f   libucrt:87disp.obj
 0001:000cca3d       __rtchsifneg               100cda3d     libucrt:87disp.obj
 0001:000cca50       __twoToTOS                 100cda50 f   libucrt:common.obj
 0001:000cca65       __load_CW                  100cda65 f   libucrt:common.obj
 0001:000cca7c       __convertTOStoQNaN         100cda7c f   libucrt:common.obj
 0001:000cca95       __fload_withFB             100cda95 f   libucrt:common.obj
 0001:000ccad8       __checkTOS_withFB          100cdad8 f   libucrt:common.obj
 0001:000ccaee       __fast_exit                100cdaee f   libucrt:common.obj
 0001:000ccafb       __math_exit                100cdafb f   libucrt:common.obj
 0001:000ccb25       __check_overflow_exit      100cdb25 f   libucrt:common.obj
 0001:000ccb39       __check_range_exit         100cdb39 f   libucrt:common.obj
 0001:000ccbe0       __startTwoArgErrorHandling 100cdbe0 f   libucrt:genexcep.obj
 0001:000ccbf7       __startOneArgErrorHandling 100cdbf7 f   libucrt:genexcep.obj
 0001:000ccc33       ___libm_error_support      100cdc33 f   libucrt:libm_error.obj
 0001:000cce27       __ceil_default             100cde27 f   libucrt:ceil.obj
 0001:000ccedc       __clrfp                    100cdedc f   libucrt:fpctrl.obj
 0001:000cceed       __ctrlfp                   100cdeed f   libucrt:fpctrl.obj
 0001:000ccf17       __set_statfp               100cdf17 f   libucrt:fpctrl.obj
 0001:000ccf70       __statfp                   100cdf70 f   libucrt:fpctrl.obj
 0001:000ccf80       __d_inttype                100cdf80 f   libucrt:powhlp.obj
 0001:000ccfe8       __powhlp                   100cdfe8 f   libucrt:powhlp.obj
 0001:000cd113       __87except                 100ce113 f   libucrt:87except.obj
 0001:000cd21d       __frnd                     100ce21d f   libucrt:frnd.obj
 0001:000cd231       __errcode                  100ce231 f   libucrt:fpexcept.obj
 0001:000cd265       __except1                  100ce265 f   libucrt:fpexcept.obj
 0001:000cd333       __handle_exc               100ce333 f   libucrt:fpexcept.obj
 0001:000cd51e       __raise_exc                100ce51e f   libucrt:fpexcept.obj
 0001:000cd541       __raise_exc_ex             100ce541 f   libucrt:fpexcept.obj
 0001:000cd837       __set_errno_from_matherr   100ce837 f   libucrt:fpexcept.obj
 0001:000cd866       __umatherr                 100ce866 f   libucrt:fpexcept.obj
 0001:000cd906       __decomp                   100ce906 f   libucrt:util.obj
 0001:000cd9d8       __set_exp                  100ce9d8 f   libucrt:util.obj
 0001:000cda05       __sptype                   100cea05 f   libucrt:util.obj
 0001:000cda63       __fpclass                  100cea63 f   libucrt:ieeemisc.obj
 0001:000cdb10       __FindPESection            100ceb10 f   LIBCMT:pesect.obj
 0001:000cdb60       __IsNonwritableInCurrentImage 100ceb60 f   LIBCMT:pesect.obj
 0001:000cdc20       __ValidateImageBase        100cec20 f   LIBCMT:pesect.obj
 0001:000cdc53       ??_Gtype_info@@UAEPAXI@Z   100cec53 f i LIBCMT:std_type_info_static.obj
 0001:000cdc53       ??_Etype_info@@UAEPAXI@Z   100cec53 f i LIBCMT:std_type_info_static.obj
 0001:000cdc76       ??3@YAXPAXI@Z              100cec76 f   LIBCMT:delete_scalar_size.obj
 0001:000cdc84       __EH_prolog3_catch         100cec84 f   LIBCMT:ehprolg3.obj
 0001:000cdcc0       __aulldvrm                 100cecc0 f   LIBCMT:ulldvrm.obj
 0001:000cdd60       __alldiv                   100ced60 f   LIBCMT:lldiv.obj
 0001:000cde10       __allrem                   100cee10 f   LIBCMT:llrem.obj
 0001:000cded0       __allmul                   100ceed0 f   LIBCMT:llmul.obj
 0001:000cdf10       __alldvrm                  100cef10 f   LIBCMT:lldvrm.obj
 0001:000cdff0       __aullshr                  100ceff0 f   LIBCMT:ullshr.obj
 0001:000ce010       __alloca_probe_16          100cf010 f   LIBCMT:alloca16.obj
 0001:000ce026       __alloca_probe_8           100cf026     LIBCMT:alloca16.obj
 0001:000ce040       __chkstk                   100cf040 f   LIBCMT:chkstk.obj
 0001:000ce040       __alloca_probe             100cf040 f   LIBCMT:chkstk.obj
 0001:000ce070       __allshl                   100cf070 f   LIBCMT:llshl.obj
 0001:000ce090       __ftol2_sse                100cf090 f   LIBCMT:ftol2.obj
 0001:000ce0a0       __ftoi2                    100cf0a0 f   LIBCMT:ftol2.obj
 0001:000ce120       __ftol2                    100cf120 f   LIBCMT:ftol2.obj
 0001:000ce1cb       __filter_x86_sse2_floating_point_exception_default 100cf1cb f   LIBCMT:x86_exception_filter.obj
 0001:000ce1cb       __filter_x86_sse2_floating_point_exception 100cf1cb f   LIBCMT:x86_exception_filter.obj
 0001:000ce250       __aulldiv                  100cf250 f   LIBCMT:ulldiv.obj
 0001:000ce2c0       __aullrem                  100cf2c0 f   LIBCMT:ullrem.obj
 0001:000ce340       _memchr                    100cf340 f   libvcruntime:memchr.obj
 0002:00000000       __imp__AreFileApisANSI@0   100d0000     kernel32:KERNEL32.dll
 0002:00000004       __imp__ReadFile@20         100d0004     kernel32:KERNEL32.dll
 0002:00000008       __imp__TryEnterCriticalSection@4 100d0008     kernel32:KERNEL32.dll
 0002:0000000c       __imp__HeapCreate@12       100d000c     kernel32:KERNEL32.dll
 0002:00000010       __imp__HeapFree@12         100d0010     kernel32:KERNEL32.dll
 0002:00000014       __imp__EnterCriticalSection@4 100d0014     kernel32:KERNEL32.dll
 0002:00000018       __imp__GetFullPathNameW@16 100d0018     kernel32:KERNEL32.dll
 0002:0000001c       __imp__WriteFile@20        100d001c     kernel32:KERNEL32.dll
 0002:00000020       __imp__GetDiskFreeSpaceW@20 100d0020     kernel32:KERNEL32.dll
 0002:00000024       __imp__LockFile@20         100d0024     kernel32:KERNEL32.dll
 0002:00000028       __imp__LeaveCriticalSection@4 100d0028     kernel32:KERNEL32.dll
 0002:0000002c       __imp__InitializeCriticalSection@4 100d002c     kernel32:KERNEL32.dll
 0002:00000030       __imp__SetFilePointer@16   100d0030     kernel32:KERNEL32.dll
 0002:00000034       __imp__SetEndOfFile@4      100d0034     kernel32:KERNEL32.dll
 0002:00000038       __imp__UnlockFileEx@20     100d0038     kernel32:KERNEL32.dll
 0002:0000003c       __imp__GetTempPathW@8      100d003c     kernel32:KERNEL32.dll
 0002:00000040       __imp__CreateMutexW@12     100d0040     kernel32:KERNEL32.dll
 0002:00000044       __imp__WaitForSingleObject@8 100d0044     kernel32:KERNEL32.dll
 0002:00000048       __imp__CreateFileW@28      100d0048     kernel32:KERNEL32.dll
 0002:0000004c       __imp__GetFileAttributesW@4 100d004c     kernel32:KERNEL32.dll
 0002:00000050       __imp__GetCurrentThreadId@0 100d0050     kernel32:KERNEL32.dll
 0002:00000054       __imp__UnmapViewOfFile@4   100d0054     kernel32:KERNEL32.dll
 0002:00000058       __imp__HeapValidate@12     100d0058     kernel32:KERNEL32.dll
 0002:0000005c       __imp__HeapSize@12         100d005c     kernel32:KERNEL32.dll
 0002:00000060       __imp__MultiByteToWideChar@24 100d0060     kernel32:KERNEL32.dll
 0002:00000064       __imp__Sleep@4             100d0064     kernel32:KERNEL32.dll
 0002:00000068       __imp__FormatMessageW@28   100d0068     kernel32:KERNEL32.dll
 0002:0000006c       __imp__GetLastError@0      100d006c     kernel32:KERNEL32.dll
 0002:00000070       __imp__GetFileAttributesExW@12 100d0070     kernel32:KERNEL32.dll
 0002:00000074       __imp__OutputDebugStringW@4 100d0074     kernel32:KERNEL32.dll
 0002:00000078       __imp__FlushViewOfFile@8   100d0078     kernel32:KERNEL32.dll
 0002:0000007c       __imp__WaitForSingleObjectEx@12 100d007c     kernel32:KERNEL32.dll
 0002:00000080       __imp__DeleteFileW@4       100d0080     kernel32:KERNEL32.dll
 0002:00000084       __imp__HeapReAlloc@16      100d0084     kernel32:KERNEL32.dll
 0002:00000088       __imp__CloseHandle@4       100d0088     kernel32:KERNEL32.dll
 0002:0000008c       __imp__RaiseException@16   100d008c     kernel32:KERNEL32.dll
 0002:00000090       __imp__GetSystemInfo@4     100d0090     kernel32:KERNEL32.dll
 0002:00000094       __imp__LoadLibraryW@4      100d0094     kernel32:KERNEL32.dll
 0002:00000098       __imp__HeapAlloc@12        100d0098     kernel32:KERNEL32.dll
 0002:0000009c       __imp__HeapCompact@8       100d009c     kernel32:KERNEL32.dll
 0002:000000a0       __imp__HeapDestroy@4       100d00a0     kernel32:KERNEL32.dll
 0002:000000a4       __imp__UnlockFile@20       100d00a4     kernel32:KERNEL32.dll
 0002:000000a8       __imp__GetProcAddress@8    100d00a8     kernel32:KERNEL32.dll
 0002:000000ac       __imp__LocalFree@4         100d00ac     kernel32:KERNEL32.dll
 0002:000000b0       __imp__LockFileEx@24       100d00b0     kernel32:KERNEL32.dll
 0002:000000b4       __imp__GetFileSize@8       100d00b4     kernel32:KERNEL32.dll
 0002:000000b8       __imp__DeleteCriticalSection@4 100d00b8     kernel32:KERNEL32.dll
 0002:000000bc       __imp__GetCurrentProcessId@0 100d00bc     kernel32:KERNEL32.dll
 0002:000000c0       __imp__GetProcessHeap@0    100d00c0     kernel32:KERNEL32.dll
 0002:000000c4       __imp__SystemTimeToFileTime@8 100d00c4     kernel32:KERNEL32.dll
 0002:000000c8       __imp__FreeLibrary@4       100d00c8     kernel32:KERNEL32.dll
 0002:000000cc       __imp__WideCharToMultiByte@32 100d00cc     kernel32:KERNEL32.dll
 0002:000000d0       __imp__GetSystemTimeAsFileTime@4 100d00d0     kernel32:KERNEL32.dll
 0002:000000d4       __imp__GetSystemTime@4     100d00d4     kernel32:KERNEL32.dll
 0002:000000d8       __imp__CreateFileMappingW@24 100d00d8     kernel32:KERNEL32.dll
 0002:000000dc       __imp__MapViewOfFile@20    100d00dc     kernel32:KERNEL32.dll
 0002:000000e0       __imp__QueryPerformanceCounter@4 100d00e0     kernel32:KERNEL32.dll
 0002:000000e4       __imp__GetTickCount@0      100d00e4     kernel32:KERNEL32.dll
 0002:000000e8       __imp__FlushFileBuffers@4  100d00e8     kernel32:KERNEL32.dll
 0002:000000ec       __imp__CompareStringW@24   100d00ec     kernel32:KERNEL32.dll
 0002:000000f0       __imp__SetLastError@4      100d00f0     kernel32:KERNEL32.dll
 0002:000000f4       __imp__GetModuleFileNameW@12 100d00f4     kernel32:KERNEL32.dll
 0002:000000f8       __imp__GetCurrentThread@0  100d00f8     kernel32:KERNEL32.dll
 0002:000000fc       __imp__LCMapStringW@24     100d00fc     kernel32:KERNEL32.dll
 0002:00000100       __imp__GetModuleHandleW@4  100d0100     kernel32:KERNEL32.dll
 0002:00000104       __imp__GetThreadTimes@20   100d0104     kernel32:KERNEL32.dll
 0002:00000108       __imp__VirtualQuery@12     100d0108     kernel32:KERNEL32.dll
 0002:0000010c       __imp__UnhandledExceptionFilter@4 100d010c     kernel32:KERNEL32.dll
 0002:00000110       __imp__SetUnhandledExceptionFilter@4 100d0110     kernel32:KERNEL32.dll
 0002:00000114       __imp__GetCurrentProcess@0 100d0114     kernel32:KERNEL32.dll
 0002:00000118       __imp__TerminateProcess@8  100d0118     kernel32:KERNEL32.dll
 0002:0000011c       __imp__IsProcessorFeaturePresent@4 100d011c     kernel32:KERNEL32.dll
 0002:00000120       __imp__IsDebuggerPresent@0 100d0120     kernel32:KERNEL32.dll
 0002:00000124       __imp__GetStartupInfoW@4   100d0124     kernel32:KERNEL32.dll
 0002:00000128       __imp__RtlUnwind@16        100d0128     kernel32:KERNEL32.dll
 0002:0000012c       __imp__InitializeCriticalSectionAndSpinCount@8 100d012c     kernel32:KERNEL32.dll
 0002:00000130       __imp__TlsAlloc@0          100d0130     kernel32:KERNEL32.dll
 0002:00000134       __imp__TlsGetValue@4       100d0134     kernel32:KERNEL32.dll
 0002:00000138       __imp__TlsSetValue@8       100d0138     kernel32:KERNEL32.dll
 0002:0000013c       __imp__TlsFree@4           100d013c     kernel32:KERNEL32.dll
 0002:00000140       __imp__LoadLibraryExW@12   100d0140     kernel32:KERNEL32.dll
 0002:00000144       __imp__CreateThread@24     100d0144     kernel32:KERNEL32.dll
 0002:00000148       __imp__ExitThread@4        100d0148     kernel32:KERNEL32.dll
 0002:0000014c       __imp__FreeLibraryAndExitThread@8 100d014c     kernel32:KERNEL32.dll
 0002:00000150       __imp__ExitProcess@4       100d0150     kernel32:KERNEL32.dll
 0002:00000154       __imp__GetTimeZoneInformation@4 100d0154     kernel32:KERNEL32.dll
 0002:00000158       __imp__FindClose@4         100d0158     kernel32:KERNEL32.dll
 0002:0000015c       __imp__FindFirstFileExW@24 100d015c     kernel32:KERNEL32.dll
 0002:00000160       __imp__FindNextFileW@8     100d0160     kernel32:KERNEL32.dll
 0002:00000164       __imp__IsValidCodePage@4   100d0164     kernel32:KERNEL32.dll
 0002:00000168       __imp__GetACP@0            100d0168     kernel32:KERNEL32.dll
 0002:0000016c       __imp__GetOEMCP@0          100d016c     kernel32:KERNEL32.dll
 0002:00000170       __imp__GetCPInfo@8         100d0170     kernel32:KERNEL32.dll
 0002:00000174       __imp__GetCommandLineA@0   100d0174     kernel32:KERNEL32.dll
 0002:00000178       __imp__GetCommandLineW@0   100d0178     kernel32:KERNEL32.dll
 0002:0000017c       __imp__GetEnvironmentStringsW@0 100d017c     kernel32:KERNEL32.dll
 0002:00000180       __imp__FreeEnvironmentStringsW@4 100d0180     kernel32:KERNEL32.dll
 0002:00000184       __imp__SetEnvironmentVariableW@8 100d0184     kernel32:KERNEL32.dll
 0002:00000188       __imp__GetStdHandle@4      100d0188     kernel32:KERNEL32.dll
 0002:0000018c       __imp__GetFileType@4       100d018c     kernel32:KERNEL32.dll
 0002:00000190       __imp__GetStringTypeW@16   100d0190     kernel32:KERNEL32.dll
 0002:00000194       __imp__SetStdHandle@8      100d0194     kernel32:KERNEL32.dll
 0002:00000198       __imp__GetConsoleCP@0      100d0198     kernel32:KERNEL32.dll
 0002:0000019c       __imp__GetConsoleMode@8    100d019c     kernel32:KERNEL32.dll
 0002:000001a0       __imp__SetFilePointerEx@20 100d01a0     kernel32:KERNEL32.dll
 0002:000001a4       __imp__WriteConsoleW@20    100d01a4     kernel32:KERNEL32.dll
 0002:000001a8       \177KERNEL32_NULL_THUNK_DATA 100d01a8     kernel32:KERNEL32.dll
 0002:000001ac       ___guard_check_icall_fptr  100d01ac     LIBCMT:guard_support.obj
[...]
 0002:00014b3e       $N00218                    100e4b3e     sqlite3.exp
 0002:00014b5c       $N00219                    100e4b5c     sqlite3.exp
 0002:00014b73       $N00220                    100e4b73     sqlite3.exp
 0002:00014b88       $N00221                    100e4b88     sqlite3.exp
 0002:00014b9f       $N00222                    100e4b9f     sqlite3.exp
 0002:00014bb2       $N00223                    100e4bb2     sqlite3.exp
 0002:00014bc8       $N00224                    100e4bc8     sqlite3.exp
 0002:00014be0       $N00225                    100e4be0     sqlite3.exp
 0002:00014bee       $N00226                    100e4bee     sqlite3.exp
 0002:00014bff       $N00227                    100e4bff     sqlite3.exp
 0002:00014c19       $N00228                    100e4c19     sqlite3.exp
 0002:00014c2b       $N00229                    100e4c2b     sqlite3.exp
 0002:00014c3f       $N00230                    100e4c3f     sqlite3.exp
 0002:00014c53       $N00231                    100e4c53     sqlite3.exp
 0002:00014c65       $N00232                    100e4c65     sqlite3.exp
 0002:00014c75       $N00233                    100e4c75     sqlite3.exp
 0002:00014c8b       $N00234                    100e4c8b     sqlite3.exp
 0002:00014c9d       $N00235                    100e4c9d     sqlite3.exp
 0002:00014cb0       $N00236                    100e4cb0     sqlite3.exp
 0002:00014cc4       $N00237                    100e4cc4     sqlite3.exp
 0002:00014cda       $N00238                    100e4cda     sqlite3.exp
 0002:00014cef       $N00239                    100e4cef     sqlite3.exp
 0002:00014d01       $N00240                    100e4d01     sqlite3.exp
 0002:00014d18       $N00241                    100e4d18     sqlite3.exp
 0002:00014d2b       $N00242                    100e4d2b     sqlite3.exp
 0002:00014d42       $N00243                    100e4d42     sqlite3.exp
 0002:00014d54       $N00244                    100e4d54     sqlite3.exp
 0002:00014d68       $N00245                    100e4d68     sqlite3.exp
 0002:00014d7f       $N00246                    100e4d7f     sqlite3.exp
 0002:00014d9a       $N00247                    100e4d9a     sqlite3.exp
 0002:00014db0       $N00248                    100e4db0     sqlite3.exp
 0002:00014dc6       $N00249                    100e4dc6     sqlite3.exp
 0002:00014dd9       $N00250                    100e4dd9     sqlite3.exp
 0002:00014dee       $N00251                    100e4dee     sqlite3.exp
 0002:00014e05       $N00252                    100e4e05     sqlite3.exp
 0002:00014e1c       $N00253                    100e4e1c     sqlite3.exp
 0002:00014e2f       $N00254                    100e4e2f     sqlite3.exp
 0002:00014e3f       $N00255                    100e4e3f     sqlite3.exp
 0002:00014e50       $N00256                    100e4e50     sqlite3.exp
 0002:00014e65       $N00257                    100e4e65     sqlite3.exp
 0002:00014e7c       $N00258                    100e4e7c     sqlite3.exp
 0002:00014e8d       $N00259                    100e4e8d     sqlite3.exp
 0002:00014e9f       $N00260                    100e4e9f     sqlite3.exp
 0002:00014eb6       $N00261                    100e4eb6     sqlite3.exp
 0002:00014eca       $N00262                    100e4eca     sqlite3.exp
 0002:00014ee0       $N00263                    100e4ee0     sqlite3.exp
 0002:00014ef0       $N00264                    100e4ef0     sqlite3.exp
 0002:00014f06       $N00265                    100e4f06     sqlite3.exp
 0002:00014f1b       $N00266                    100e4f1b     sqlite3.exp
 0002:00014f31       $N00267                    100e4f31     sqlite3.exp
 0002:00014f4a       $N00268                    100e4f4a     sqlite3.exp
 0002:00014f61       $N00269                    100e4f61     sqlite3.exp
 0002:00014f7c       $N00270                    100e4f7c     sqlite3.exp
 0002:00014f93       $N00271                    100e4f93     sqlite3.exp
 0002:00014fad       $N00272                    100e4fad     sqlite3.exp
 0002:00014fbe       $N00273                    100e4fbe     sqlite3.exp
 0002:00014fd2       $N00274                    100e4fd2     sqlite3.exp
 0002:00014fed       $N00275                    100e4fed     sqlite3.exp
 0002:0001500b       $N00276                    100e500b     sqlite3.exp
 0002:00015027       $N00277                    100e5027     sqlite3.exp
 0002:00015045       $N00278                    100e5045     sqlite3.exp
 0002:00015062       $N00279                    100e5062     sqlite3.exp
 0002:00015076       $N00280                    100e5076     sqlite3.exp
 0002:00015094       $N00281                    100e5094     sqlite3.exp
 0002:000150af       $N00282                    100e50af     sqlite3.exp
 0002:000150cd       $N00283                    100e50cd     sqlite3.exp
 0002:000150eb       $N00284                    100e50eb     sqlite3.exp
 0002:0001582e       .idata$6                   100e582e     kernel32:KERNEL32.dll
 0003:00000010       ?__vcrt_flsindex@@3KA      100e6010     libvcruntime:per_thread_data.obj
 0003:00000034       ?errno_no_memory@@3HA      100e6034     libucrt:errno.obj
 0003:00000038       ?doserrno_no_memory@@3KA   100e6038     libucrt:errno.obj
 0003:0000003c       ?__acrt_flsindex@@3KA      100e603c     libucrt:per_thread_data.obj
 0003:00000040       ?tzstd_program@@3PADA      100e6040     libucrt:timeset.obj
 0003:00000080       ?tzdst_program@@3PADA      100e6080     libucrt:timeset.obj
 0003:000000c0       ?tzname_states@@3PAY01PADA 100e60c0     libucrt:timeset.obj
 0003:000000c8       ?dststart@@3Utransitiondate@?A0x7639d0b4@@A 100e60c8     libucrt:tzset.obj
 0003:000000d4       ?dstend@@3Utransitiondate@?A0x7639d0b4@@A 100e60d4     libucrt:tzset.obj
 0003:00000300       __mbctypes                 100e6300     libucrt:mbctype.obj
 0003:00000408       __mbcasemaps               100e6408     libucrt:mbctype.obj
 0003:00000508       ?__rgctypeflag@@3PADA      100e6508     libucrt:mbctype.obj
 0003:00000510       ?__rgcode_page_info@@3PAUcode_page_info@@A 100e6510     libucrt:mbctype.obj
 0003:000008d0       ?__dcrt_lowio_console_output_handle@@3PAXA 100e68d0     libucrt:initcon.obj
 0003:000008f0       _winNolockAppData          100e68f0     sqlite.obj
 0003:00000900       _memdb_vfs                 100e6900     sqlite.obj
 0003:00000958       _sqlite3OomStr             100e6958     sqlite.obj
 0003:00000970       ?winVfs@?1??sqlite3_os_init@@9@9 100e6970     sqlite.obj
 0003:000009c8       _winAppData                100e69c8     sqlite.obj
 0003:000009d4       ?aCacheMode@?BD@??sqlite3ParseUri@@9@9 100e69d4     sqlite.obj
 0003:000009ec       _winIoerrRetry             100e69ec     sqlite.obj
 0003:000009f0       _sqlite3PendingByte        100e69f0     sqlite.obj
 0003:000009f8       _jsonTreeModule            100e69f8     sqlite.obj
 0003:00000a60       ?aJsonFunc@?1??sqlite3RegisterJsonFunctions@@9@9 100e6a60     sqlite.obj
 0003:00000f60       ?aOpenMode@?BE@??sqlite3ParseUri@@9@9 100e6f60     sqlite.obj
 0003:00000f88       _winMutex_isNt             100e6f88     sqlite.obj
 0003:00000f90       _jsonEachModule            100e6f90     sqlite.obj
 0003:00001000       ?aAlterTableFuncs@?1??sqlite3AlterFunctions@@9@9 100e7000     sqlite.obj
 0003:000010d0       _aSyscall                  100e70d0     sqlite.obj
 0003:00001490       ?winLongPathNolockVfs@?1??sqlite3_os_init@@9@9 100e7490     sqlite.obj
 0003:000014e8       ?winNolockVfs@?1??sqlite3_os_init@@9@9 100e74e8     sqlite.obj
 0003:00001540       ?aWindowFuncs@?1??sqlite3WindowFunctions@@9@9 100e7540     sqlite.obj
 0003:000017a0       _sqlite3StdType            100e77a0     sqlite.obj
 0003:000017b8       _sqlite3Config             100e77b8     sqlite.obj
 0003:000018d0       _winMutex_staticMutexes    100e78d0     sqlite.obj
 0003:00001a20       ?aDateTimeFuncs@?1??sqlite3RegisterDateTimeFunctions@@9@9 100e7a20     sqlite.obj
 0003:00001bb0       ?winLongPathVfs@?1??sqlite3_os_init@@9@9 100e7bb0     sqlite.obj
 0003:00001c10       ?aBuiltinFunc@?1??sqlite3RegisterBuiltinFunctions@@9@9 100e7c10     sqlite.obj
 0003:00002840       _winIoerrRetryDelay        100e8840     sqlite.obj
 0003:000028b0       _GS_ExceptionRecord        100e88b0     LIBCMT:gs_report.obj
 0003:00002900       _GS_ContextRecord          100e8900     LIBCMT:gs_report.obj
 0003:00002bd4       ?is_initialized_as_dll@@3_NA 100e8bd4     LIBCMT:utility.obj
 0003:00002bd5       ?module_local_atexit_table_initialized@@3_NA 100e8bd5     LIBCMT:utility.obj
 0003:00002bd8       ?module_local_atexit_table@@3U_onexit_table_t@@A 100e8bd8     LIBCMT:utility.obj
 0003:00002be4       ?module_local_at_quick_exit_table@@3U_onexit_table_t@@A 100e8be4     LIBCMT:utility.obj
 0003:00002bf0       ?__proc_attached@@3HA      100e8bf0     LIBCMT:dll_dllmain.obj
 0003:00002c24       ?__vcrt_startup_thread_ptd@@3U__vcrt_ptd@@A 100e8c24     libvcruntime:per_thread_data.obj
 0003:00002c4c       ___vcrt_lock_table         100e8c4c     libvcruntime:locks.obj
 0003:00002c64       ___vcrt_locks_initialized  100e8c64     libvcruntime:locks.obj
 0003:00002c90       ?heap@@3V_HeapManager@@A   100e8c90     libvcruntime:undname.obj
 0003:00002ca4       ?module_handles@@3PAPAUHINSTANCE__@@A 100e8ca4     libvcruntime:winapi_downlevel.obj
 0003:00002cb0       ?function_pointers@@3PAPAXA 100e8cb0     libvcruntime:winapi_downlevel.obj
 0003:00002cc8       ?c_termination_complete@@3JA 100e8cc8     libucrt:exit.obj
 0003:00002ccc       ?thread_local_exit_callback_func@@3P6GXPAXK0@ZA 100e8ccc     libucrt:exit.obj
 0003:00002cd8       ?program_name@?1???$common_configure_argv@D@@YAHW4_crt_argv_mode@@@Z@4PADA 100e8cd8     libucrt:argv_parsing.obj
 0003:00002e08       ?__acrt_invalid_parameter_handler@@3V?$dual_state_global@P6AXPB_W00II@Z@__crt_state_management@@A 100e8e08     libucrt:invalid_parameter.obj
 0003:00002e10       ?module_handles@@3PAPAUHINSTANCE__@@A 100e8e10     libucrt:winapi_thunks.obj
 0003:00002e60       ?encoded_function_pointers@@3PAPAXA 100e8e60     libucrt:winapi_thunks.obj
 0003:00002ee8       ?state_cache@?1???$get_cached_win_policy@Ubegin_thread_init_policy_properties@?1??__acrt_get_begin_thread_init_policy@@YA?AW4begin_thread_init_policy@@XZ@@@YA?AW4begin_thread_init_policy@@W4AppPolicyThreadInitializationType@@@Z@4JA 100e8ee8     libucrt:win_policies.obj
 0003:00002ef8       ?_tzname@@3V?$dual_state_global@PAPAD@__crt_state_management@@A 100e8ef8     libucrt:timeset.obj
 0003:00002efc       ?last_tz@@3PADA            100e8efc     libucrt:tzset.obj
 0003:00002f00       ?tz_api_used@@3HA          100e8f00     libucrt:tzset.obj
 0003:00002f08       ?tz_info@@3U_TIME_ZONE_INFORMATION@@A 100e8f08     libucrt:tzset.obj
 0003:00002fb4       ?first_time@?1??__tzset@@9@4JA 100e8fb4     libucrt:tzset.obj
 0003:00002fc0       ?__acrt_lock_table@@3PAU_RTL_CRITICAL_SECTION@@A 100e8fc0     libucrt:locks.obj
 0003:00003110       ?__acrt_locks_initialized@@3IA 100e9110     libucrt:locks.obj
 0003:00003120       ?fSystemSet@@3HA           100e9120     libucrt:mbctype.obj
 0003:00003124       ?initialized@?1??__acrt_initialize_multibyte@@9@4_NA 100e9124     libucrt:mbctype.obj
 0003:00003344       ?__acrt_new_handler@@3V?$dual_state_global@P6AHI@Z@__crt_state_management@@A 100e9344     libucrt:new_handler.obj
 0003:00003348       ?ctrlc_action@@3V?$dual_state_global@P6AXH@Z@__crt_state_management@@A 100e9348     libucrt:signal.obj
 0003:0000334c       ?ctrlbreak_action@@3V?$dual_state_global@P6AXH@Z@__crt_state_management@@A 100e934c     libucrt:signal.obj
 0003:00003350       ?abort_action@@3V?$dual_state_global@P6AXH@Z@__crt_state_management@@A 100e9350     libucrt:signal.obj
 0003:00003354       ?term_action@@3V?$dual_state_global@P6AXH@Z@__crt_state_management@@A 100e9354     libucrt:signal.obj
 0003:00003358       ?user_matherr@@3V?$dual_state_global@P6AHPAU_exception@@@Z@__crt_state_management@@A 100e9358     libucrt:matherr.obj
 0003:00003370       ?internal_state@?1??_mbtowc_l@@9@4U_Mbstatet@@A 100e9370     libucrt:mbtowc.obj
 0003:0000337c       ?__acrt_global_new_mode@@3V?$dual_state_global@J@__crt_state_management@@A 100e937c     libucrt:new_mode.obj
 0003:00003388       ?__acrt_app_type@@3W4_crt_app_type@@A 100e9388     libucrt:report_runtime_error.obj
 0003:0000338c       ?internal_pst@?1??__mbrtoc32_utf8@__crt_mbstring@@YAIPA_UPBDIPAU_Mbstatet@@@Z@4U3@A 100e938c     libucrt:mbrtoc32.obj
 0003:00003398       __pmatherr_set             100e9398     libucrt:libm_error.obj
 0003:000033a8       _mem0                      100e93a8     sqlite.obj
 0003:000033c8       _sqlite3WhereTrace         100e93c8     sqlite.obj
 0003:000033cc       _sqlite3Hooks              100e93cc     sqlite.obj
 0003:000033d4       _sqlite3SharedCacheList    100e93d4     sqlite.obj
 0003:000033d8       _winBigLock                100e93d8     sqlite.obj
 0003:000033dc       ?nullElement@?1??findElementWithHash@@9@9 100e93dc     sqlite.obj
 0003:000033ec       ?aNull@?1??jsonFunctionArgToBlob@@9@9 100e93ec     sqlite.obj
 0003:000033f0       _sqlite3Stat               100e93f0     sqlite.obj
 0003:00003440       _winMutex_lock             100e9440     sqlite.obj
 0003:00003444       _winShmNodeList            100e9444     sqlite.obj
 0003:00003448       _sqlite3TreeTrace          100e9448     sqlite.obj
 0003:0000344c       ?fakeCursor@?1??sqlite3BtreeFakeValidCursor@@9@9 100e944c     sqlite.obj
 0003:00003450       _winMutex_isInit           100e9450     sqlite.obj
 0003:00003454       _sqlite3Autoext            100e9454     sqlite.obj
 0003:0000345c       _vfsList                   100e945c     sqlite.obj
 0003:00003460       _winSysInfo                100e9460     sqlite.obj
 0003:00003484       ?dummy@?1??sqlite3VdbeGetOp@@9@9 100e9484     sqlite.obj
 0003:00003498       _pcache1_g                 100e9498     sqlite.obj
 0003:000034fc       _memdb_g                   100e94fc     sqlite.obj
 0003:00003510       _sqlite3BuiltinFunctions   100e9510     sqlite.obj
 0003:00003570       _sqlite3Prng               100e9570     sqlite.obj
 0003:000035f8       _sqlite3SavedPrng          100e95f8     sqlite.obj
 0003:0000367c       ?FunctionPointer@?1??Wrapper_CompareStringEx@@9@36@4Q6GHPB_WK0H0HPAU_nlsversioninfo@@PAXJ@ZA 100e967c     vc_crt_fix_impl.obj
 0003:00003680       ?FunctionPointer@?1??Wrapper_InitializeSListHead@@9@4@4Q6GXPAT_SLIST_HEADER@@@ZA 100e9680     vc_crt_fix_impl.obj
 0003:00003684       ?FunctionPointer@?1??Wrapper_QueryDepthSList@@9@4@4Q6GGPAT_SLIST_HEADER@@@ZA 100e9684     vc_crt_fix_impl.obj
 0003:00003688       ?$S9@?1??Wrapper_InterlockedPushEntrySList@@9@8@4IA 100e9688     vc_crt_fix_impl.obj
 0003:0000368c       ?$S11@?1??Wrapper_RtlFirstEntrySList@@9@4@4IA 100e968c     vc_crt_fix_impl.obj
 0003:00003690       ?FunctionPointer@?1??Wrapper_WakeAllConditionVariable@@9@4@4Q6GXPAU_RTL_CONDITION_VARIABLE@@@ZA 100e9690     vc_crt_fix_impl.obj
 0003:00003694       ?$S21@?1??Wrapper_AcquireSRWLockExclusive@@9@4@4IA 100e9694     vc_crt_fix_impl.obj
 0003:00003698       ?$S8@?1??Wrapper_InterlockedPopEntrySList@@9@4@4IA 100e9698     vc_crt_fix_impl.obj
 0003:0000369c       ?$S4@?1??Wrapper_GetModuleHandleExW@@9@12@4IA 100e969c     vc_crt_fix_impl.obj
 0003:000036a0       ?Cookie@?1??XorPointer@@YAPAXPAX@Z@4IB 100e96a0     vc_crt_fix_impl.obj
 0003:000036a4       ?FunctionPointer@?1??Wrapper_GetLogicalProcessorInformation@@9@8@4Q6GHPAU_SYSTEM_LOGICAL_PROCESSOR_INFORMATION@@PAK@ZA 100e96a4     vc_crt_fix_impl.obj
 0003:000036a8       ?$S1@?1??XorPointer@@YAPAXPAX@Z@4IA 100e96a8     vc_crt_fix_impl.obj
 0003:000036ac       ?$S19@?1??Wrapper_SleepConditionVariableSRW@@9@16@4IA 100e96ac     vc_crt_fix_impl.obj
 0003:000036b0       ?FunctionPointer@?1??Wrapper_SleepConditionVariableSRW@@9@16@4Q6GHPAU_RTL_CONDITION_VARIABLE@@PAU_RTL_SRWLOCK@@KK@ZA 100e96b0     vc_crt_fix_impl.obj
 0003:000036b4       ?$S13@?1??Wrapper_GetNumaHighestNodeNumber@@9@4@4IA 100e96b4     vc_crt_fix_impl.obj
 0003:000036b8       ?$S10@?1??Wrapper_InterlockedPushListSListEx@@9@16@4IA 100e96b8     vc_crt_fix_impl.obj
 0003:000036bc       ?FunctionPointer@?1??Wrapper_GetModuleHandleExW@@9@12@4Q6GHKPB_WPAPAUHINSTANCE__@@@ZA 100e96bc     vc_crt_fix_impl.obj
 0003:000036c0       ?Deleter@?1??InitializeSListHead@implementation@slist@@YGXPAT_SLIST_HEADER@@@Z@4Vservice_deleter@23@A 100e96c0     vc_crt_fix_impl.obj
 0003:000036e0       ?$S15@?1??Wrapper_SetThreadStackGuarantee@@9@4@4IA 100e96e0     vc_crt_fix_impl.obj
 0003:000036e4       ?$S7@?1??Wrapper_InterlockedFlushSList@@9@4@4IA 100e96e4     vc_crt_fix_impl.obj
 0003:000036e8       ?FunctionPointer@?1??Wrapper_DecodePointer@@9@4@4Q6GPAXPAX@ZA 100e96e8     vc_crt_fix_impl.obj
 0003:000036ec       ?$S16@?1??Wrapper_InitializeCriticalSectionEx@@9@12@4IA 100e96ec     vc_crt_fix_impl.obj
 0003:000036f0       ?$S18@?1??Wrapper_LCMapStringEx@@9@36@4IA 100e96f0     vc_crt_fix_impl.obj
 0003:000036f4       ?$S12@?1??Wrapper_QueryDepthSList@@9@4@4IA 100e96f4     vc_crt_fix_impl.obj
 0003:000036f8       ?FunctionPointer@?1??Wrapper_SetThreadStackGuarantee@@9@4@4Q6GHPAK@ZA 100e96f8     vc_crt_fix_impl.obj
 0003:000036fc       ?FunctionPointer@?1??Wrapper_RtlFirstEntrySList@@9@4@4Q6GPAU_SINGLE_LIST_ENTRY@@PAT_SLIST_HEADER@@@ZA 100e96fc     vc_crt_fix_impl.obj
 0003:00003700       ?$S5@?1??InitializeSListHead@implementation@slist@@YGXPAT_SLIST_HEADER@@@Z@4IA 100e9700     vc_crt_fix_impl.obj
 0003:00003704       ?$S3@?1??Wrapper_DecodePointer@@9@4@4IA 100e9704     vc_crt_fix_impl.obj
 0003:00003708       ?FunctionPointer@?1??Wrapper_InterlockedFlushSList@@9@4@4Q6GPAU_SINGLE_LIST_ENTRY@@PAT_SLIST_HEADER@@@ZA 100e9708     vc_crt_fix_impl.obj
 0003:0000370c       ?FunctionPointer@?1??Wrapper_InterlockedPopEntrySList@@9@4@4Q6GPAU_SINGLE_LIST_ENTRY@@PAT_SLIST_HEADER@@@ZA 100e970c     vc_crt_fix_impl.obj
 0003:00003710       ?FunctionPointer@?1??Wrapper_InterlockedPushEntrySList@@9@8@4Q6GPAU_SINGLE_LIST_ENTRY@@PAT_SLIST_HEADER@@PAU2@@ZA 100e9710     vc_crt_fix_impl.obj
 0003:00003714       ?$S2@?1??Wrapper_EncodePointer@@9@4@4IA 100e9714     vc_crt_fix_impl.obj
 0003:00003718       ?$S22@?1??Wrapper_ReleaseSRWLockExclusive@@9@4@4IA 100e9718     vc_crt_fix_impl.obj
 0003:0000371c       ?Ptr@?1???R<lambda_1>@?1??XorPointer@@YAPAXPAX@Z@QBE@XZ@4PAXA 100e971c     vc_crt_fix_impl.obj
 0003:00003720       ?FunctionPointer@?1??Wrapper_InterlockedPushListSListEx@@9@16@4Q6GPAU_SINGLE_LIST_ENTRY@@PAT_SLIST_HEADER@@PAU2@1K@ZA 100e9720     vc_crt_fix_impl.obj
 0003:00003724       ?$S17@?1??Wrapper_CompareStringEx@@9@36@4IA 100e9724     vc_crt_fix_impl.obj
 0003:00003728       ?$S6@?1??Wrapper_InitializeSListHead@@9@4@4IA 100e9728     vc_crt_fix_impl.obj
 0003:0000372c       ?FunctionPointer@?1??Wrapper_EncodePointer@@9@4@4Q6GPAXPAX@ZA 100e972c     vc_crt_fix_impl.obj
 0003:00003730       ?FunctionPointer@?1??Wrapper_InitializeCriticalSectionEx@@9@12@4Q6GHPAU_RTL_CRITICAL_SECTION@@KK@ZA 100e9730     vc_crt_fix_impl.obj
 0003:00003734       ?FunctionPointer@?1??Wrapper_ReleaseSRWLockExclusive@@9@4@4Q6GXPAU_RTL_SRWLOCK@@@ZA 100e9734     vc_crt_fix_impl.obj
 0003:00003738       ?$S20@?1??Wrapper_WakeAllConditionVariable@@9@4@4IA 100e9738     vc_crt_fix_impl.obj
 0003:0000373c       ?FunctionPointer@?1??Wrapper_LCMapStringEx@@9@36@4Q6GHPB_WK0HPA_WHPAU_nlsversioninfo@@PAXJ@ZA 100e973c     vc_crt_fix_impl.obj
 0003:00003740       ?FunctionPointer@?1??Wrapper_GetNumaHighestNodeNumber@@9@4@4Q6GHPAK@ZA 100e9740     vc_crt_fix_impl.obj
 0003:00003744       ?FunctionPointer@?1??Wrapper_AcquireSRWLockExclusive@@9@4@4Q6GXPAU_RTL_SRWLOCK@@@ZA 100e9744     vc_crt_fix_impl.obj
 0003:00003748       ?$S14@?1??Wrapper_GetLogicalProcessorInformation@@9@8@4IA 100e9748     vc_crt_fix_impl.obj
 0004:00000060       $R000000                   100ea060     sqlite.res
